Component: ARM Compiler 5.06 update 6 (build 750) Tool: armlink [4d35ed]

==============================================================================

Section Cross References

    main.o(.text) refers to _printf_percent.o(.ARM.Collect$$_printf_percent$$00000000) for _printf_percent
    main.o(.text) refers to _printf_u.o(.ARM.Collect$$_printf_percent$$0000000A) for _printf_u
    main.o(.text) refers to _printf_dec.o(.text) for _printf_int_dec
    main.o(.text) refers to dflt_clz.o(x$fpl$dflt) for __aeabi_i2d
    main.o(.text) refers to ddiv.o(x$fpl$ddiv) for __aeabi_ddiv
    main.o(.text) refers to log.o(i.log) for log
    main.o(.text) refers to daddsub_clz.o(x$fpl$dadd) for __aeabi_dadd
    main.o(.text) refers to daddsub_clz.o(x$fpl$dsub) for __aeabi_dsub
    main.o(.text) refers to dmul.o(x$fpl$dmul) for __aeabi_dmul
    main.o(.text) refers to delay.o(.text) for delay_init
    main.o(.text) refers to misc.o(.text) for NVIC_PriorityGroupConfig
    main.o(.text) refers to usart.o(.text) for uart_init
    main.o(.text) refers to can_hw.o(.text) for CAN_Mode_Init
    main.o(.text) refers to timer3.o(.text) for TIM3_Init
    main.o(.text) refers to states.o(.text) for setNodeId
    main.o(.text) refers to noretval__2printf.o(.text) for __2printf
    main.o(.text) refers to objacces.o(.text) for _getODentry
    main.o(.text) refers to main.o(.data) for nodeID
    main.o(.text) refers to testmaster.o(.data) for TestMaster_Data
    system_stm32f10x.o(.text) refers to system_stm32f10x.o(.data) for SystemCoreClock
    led.o(.text) refers to stm32f10x_rcc.o(.text) for RCC_APB2PeriphClockCmd
    led.o(.text) refers to stm32f10x_gpio.o(.text) for GPIO_Init
    key.o(.text) refers to stm32f10x_rcc.o(.text) for RCC_APB2PeriphClockCmd
    key.o(.text) refers to stm32f10x_gpio.o(.text) for GPIO_Init
    key.o(.text) refers to delay.o(.text) for delay_ms
    key.o(.text) refers to key.o(.data) for key_up
    oled.o(.text) refers to stm32f10x_rcc.o(.text) for RCC_APB2PeriphClockCmd
    oled.o(.text) refers to stm32f10x_gpio.o(.text) for GPIO_Init
    oled.o(.text) refers to oled.o(.bss) for OLED_GRAM
    oled.o(.text) refers to oled.o(.constdata) for asc2_1206
    oled.o(.text) refers to delay.o(.text) for delay_ms
    beep.o(.text) refers to timpwm.o(.text) for TIM1_PWM_Init
    beep.o(.text) refers to stm32f10x_tim.o(.text) for TIM_SetCompare1
    timpwm.o(.text) refers to stm32f10x_rcc.o(.text) for RCC_APB2PeriphClockCmd
    timpwm.o(.text) refers to stm32f10x_gpio.o(.text) for GPIO_Init
    timpwm.o(.text) refers to stm32f10x_tim.o(.text) for TIM_TimeBaseInit
    timpwm.o(.text) refers to timpwm.o(.bss) for TIM_TimeBaseStructure
    adc.o(.text) refers to stm32f10x_rcc.o(.text) for RCC_APB2PeriphClockCmd
    adc.o(.text) refers to stm32f10x_gpio.o(.text) for GPIO_Init
    adc.o(.text) refers to stm32f10x_adc.o(.text) for ADC_DeInit
    adc.o(.text) refers to delay.o(.text) for delay_ms
    ws2811_rgb.o(.text) refers to stm32f10x_rcc.o(.text) for RCC_APB2PeriphClockCmd
    ws2811_rgb.o(.text) refers to stm32f10x_gpio.o(.text) for GPIO_PinRemapConfig
    ws2811_rgb.o(.text) refers to delay.o(.text) for delay_us
    ws2811_rgb.o(.text) refers to fflt_clz.o(x$fpl$ffltu) for __aeabi_ui2f
    ws2811_rgb.o(.text) refers to fflt_clz.o(x$fpl$fflt) for __aeabi_i2f
    ws2811_rgb.o(.text) refers to fdiv.o(x$fpl$fdiv) for __aeabi_fdiv
    ws2811_rgb.o(.text) refers to fmul.o(x$fpl$fmul) for __aeabi_fmul
    ws2811_rgb.o(.text) refers to ffix.o(x$fpl$ffix) for __aeabi_f2iz
    ws2811_rgb.o(.text) refers to ws2811_rgb.o(.data) for WsDat
    exti.o(.text) refers to stm32f10x_rcc.o(.text) for RCC_APB2PeriphClockCmd
    exti.o(.text) refers to stm32f10x_gpio.o(.text) for GPIO_PinRemapConfig
    exti.o(.text) refers to stm32f10x_exti.o(.text) for EXTI_Init
    exti.o(.text) refers to misc.o(.text) for NVIC_Init
    exti.o(.text) refers to noretval__2printf.o(.text) for __2printf
    can_hw.o(.text) refers to stm32f10x_rcc.o(.text) for RCC_APB2PeriphClockCmd
    can_hw.o(.text) refers to stm32f10x_gpio.o(.text) for GPIO_Init
    can_hw.o(.text) refers to stm32f10x_can.o(.text) for CAN_Init
    can_hw.o(.text) refers to misc.o(.text) for NVIC_Init
    can_hw.o(.text) refers to states.o(.text) for canDispatch
    can_hw.o(.text) refers to testmaster.o(.data) for TestMaster_Data
    timer3.o(.text) refers to stm32f10x_rcc.o(.text) for RCC_APB1PeriphClockCmd
    timer3.o(.text) refers to stm32f10x_tim.o(.text) for TIM_TimeBaseInit
    timer3.o(.text) refers to misc.o(.text) for NVIC_Init
    delay.o(.text) refers to misc.o(.text) for SysTick_CLKSourceConfig
    delay.o(.text) refers to system_stm32f10x.o(.data) for SystemCoreClock
    delay.o(.text) refers to delay.o(.data) for fac_us
    usart.o(.text) refers (Special) to use_no_semi_2.o(.text) for __use_no_semihosting
    usart.o(.text) refers to stm32f10x_rcc.o(.text) for RCC_APB2PeriphClockCmd
    usart.o(.text) refers to stm32f10x_gpio.o(.text) for GPIO_Init
[...]
    .text                                    0x080045fc   Section        0  sdo.o(.text)
    .text                                    0x08007c88   Section        0  states.o(.text)
    .text                                    0x080080a4   Section        0  sync.o(.text)
    .text                                    0x080081c8   Section        0  timer.o(.text)
    .text                                    0x08008360   Section        0  stm32_canfestival.o(.text)
    .text                                    0x0800843c   Section        0  testmaster.o(.text)
    .text                                    0x0800853c   Section        2  use_no_semi_2.o(.text)
    .text                                    0x08008540   Section        0  noretval__2printf.o(.text)
    .text                                    0x08008558   Section        0  __printf.o(.text)
    .text                                    0x080085c0   Section        0  _printf_dec.o(.text)
    .text                                    0x08008638   Section        0  memcmp.o(.text)
    .text                                    0x08008690   Section      138  rt_memcpy_v6.o(.text)
    .text                                    0x0800871a   Section        0  heapauxi.o(.text)
    .text                                    0x08008720   Section        2  use_no_semi.o(.text)
    .text                                    0x08008722   Section        0  _rserrno.o(.text)
    .text                                    0x08008738   Section        0  _printf_intcommon.o(.text)
    .text                                    0x080087ec   Section        0  _printf_char_file.o(.text)
    .text                                    0x08008810   Section      100  rt_memcpy_w.o(.text)
    .text                                    0x08008874   Section        8  rt_errno_addr_intlibspace.o(.text)
    .text                                    0x0800887c   Section        0  _printf_char_common.o(.text)
    _printf_input_char                       0x0800887d   Thumb Code    10  _printf_char_common.o(.text)
    .text                                    0x080088ac   Section        0  ferror.o(.text)
    .text                                    0x080088b4   Section        8  libspace.o(.text)
    .text                                    0x080088bc   Section       74  sys_stackheap_outer.o(.text)
    .text                                    0x08008906   Section        0  exit.o(.text)
    i.__kernel_poly                          0x08008918   Section        0  poly.o(i.__kernel_poly)
    i.__mathlib_dbl_divzero                  0x080089c4   Section        0  dunder.o(i.__mathlib_dbl_divzero)
    i.__mathlib_dbl_infnan                   0x080089d4   Section        0  dunder.o(i.__mathlib_dbl_infnan)
    i.__mathlib_dbl_invalid                  0x080089da   Section        0  dunder.o(i.__mathlib_dbl_invalid)
    i.log                                    0x080089e8   Section        0  log.o(i.log)
    x$fpl$dadd                               0x08008d44   Section      336  daddsub_clz.o(x$fpl$dadd)
    _dadd1                                   0x08008d55   Thumb Code     0  daddsub_clz.o(x$fpl$dadd)
    x$fpl$dcheck1                            0x08008e94   Section       16  dcheck1.o(x$fpl$dcheck1)
    x$fpl$dcmpinf                            0x08008ea4   Section       24  dcmpi.o(x$fpl$dcmpinf)
    x$fpl$ddiv                               0x08008ebc   Section      688  ddiv.o(x$fpl$ddiv)
    ddiv_entry                               0x08008ec3   Thumb Code     0  ddiv.o(x$fpl$ddiv)
    x$fpl$deqf                               0x0800916c   Section      120  deqf.o(x$fpl$deqf)
    x$fpl$dflt                               0x080091e4   Section       46  dflt_clz.o(x$fpl$dflt)
    x$fpl$dmul                               0x08009214   Section      340  dmul.o(x$fpl$dmul)
    x$fpl$dnaninf                            0x08009368   Section      156  dnaninf.o(x$fpl$dnaninf)
    x$fpl$dretinf                            0x08009404   Section       12  dretinf.o(x$fpl$dretinf)
    x$fpl$drsb                               0x08009410   Section       22  daddsub_clz.o(x$fpl$drsb)
    x$fpl$dsub                               0x08009428   Section      468  daddsub_clz.o(x$fpl$dsub)
    _dsub1                                   0x08009439   Thumb Code     0  daddsub_clz.o(x$fpl$dsub)
    x$fpl$retnan                             0x080095fc   Section      100  retnan.o(x$fpl$retnan)
    x$fpl$scalbn                             0x08009660   Section       92  scalbn.o(x$fpl$scalbn)
    x$fpl$trapveneer                         0x080096bc   Section       48  trapv.o(x$fpl$trapveneer)
    .constdata                               0x080096ec   Section       64  states.o(.constdata)
    x$fpl$usenofp                            0x080096ec   Section        0  usenofp.o(x$fpl$usenofp)
    .constdata                               0x0800972c   Section      150  testmaster.o(.constdata)
    .constdata                               0x080097c8   Section       56  log.o(.constdata)
    Lg2                                      0x080097c8   Data          24  log.o(.constdata)
    Lg                                       0x080097e0   Data          32  log.o(.constdata)
    .constdata                               0x08009800   Section        8  qnan.o(.constdata)
    .conststring                             0x08009808   Section        1  testmaster.o(.conststring)
    .conststrlit                             0x0800980c   Section       14  testmaster.o(.conststrlit)
    .data                                    0x20000000   Section        1  main.o(.data)
    .data                                    0x20000004   Section       20  system_stm32f10x.o(.data)
    .data                                    0x20000018   Section        4  delay.o(.data)
    fac_us                                   0x20000018   Data           1  delay.o(.data)
    fac_ms                                   0x2000001a   Data           2  delay.o(.data)
    .data                                    0x2000001c   Section        6  usart.o(.data)
    .data                                    0x20000022   Section       20  stm32f10x_rcc.o(.data)
    APBAHBPrescTable                         0x20000022   Data          16  stm32f10x_rcc.o(.data)
    ADCPrescTable                            0x20000032   Data           4  stm32f10x_rcc.o(.data)
    .data                                    0x20000038   Section       12  timer.o(.data)
    .data                                    0x20000044   Section       16  stm32_canfestival.o(.data)
    last_time_set                            0x20000050   Data           4  stm32_canfestival.o(.data)
    .data                                    0x20000054   Section     1280  testmaster.o(.data)
    .bss                                     0x20000554   Section      200  usart.o(.bss)
    .bss                                     0x2000061c   Section      192  timer.o(.bss)
    .bss                                     0x200006dc   Section       96  libspace.o(.bss)
    HEAP                                     0x20000740   Section      512  startup_stm32f10x_hd.o(HEAP)
    Heap_Mem                                 0x20000740   Data         512  startup_stm32f10x_hd.o(HEAP)
    STACK                                    0x20000940   Section     1024  startup_stm32f10x_hd.o(STACK)
    Stack_Mem                                0x20000940   Data        1024  startup_stm32f10x_hd.o(STACK)
    __initial_sp                             0x20000d40   Data           0  startup_stm32f10x_hd.o(STACK)

    Global Symbols

    Symbol Name                              Value     Ov Type        Size  Object(Section)

    BuildAttributes$$THM_ISAv4$P$D$K$B$S$PE$A:L22UL41UL21$X:L11$S22US41US21$IEEE1$IW$USESV6$~STKCKD$USESV7$~SHL$OTIME$ROPI$IEEEX$EBA8$UX$STANDARDLIB$REQ8$PRES8$EABIv2 0x00000000   Number         0  anon$$obj.o ABSOLUTE
    __ARM_use_no_argv                        0x00000000   Number         0  main.o ABSOLUTE
    __ARM_exceptions_init                     - Undefined Weak Reference
    __alloca_initialize                       - Undefined Weak Reference
    __arm_preinit_                            - Undefined Weak Reference
    __cpp_initialize__aeabi_                  - Undefined Weak Reference
    __cxa_finalize                            - Undefined Weak Reference
    __rt_locale                               - Undefined Weak Reference
    __sigvec_lookup                           - Undefined Weak Reference
    _atexit_init                              - Undefined Weak Reference
    _call_atexit_fns                          - Undefined Weak Reference
    _clock_init                               - Undefined Weak Reference
    _fp_trap_init                             - Undefined Weak Reference
    _fp_trap_shutdown                         - Undefined Weak Reference
    _get_lc_collate                           - Undefined Weak Reference
    _get_lc_ctype                             - Undefined Weak Reference
    _get_lc_monetary                          - Undefined Weak Reference
    _get_lc_numeric                           - Undefined Weak Reference
    _get_lc_time                              - Undefined Weak Reference
    _getenv_init                              - Undefined Weak Reference
    _handle_redirection                       - Undefined Weak Reference
    _init_alloc                               - Undefined Weak Reference
    _init_user_alloc                          - Undefined Weak Reference
    _initio                                   - Undefined Weak Reference
    _mutex_acquire                            - Undefined Weak Reference
    _mutex_release                            - Undefined Weak Reference
    _printf_post_padding                      - Undefined Weak Reference
    _printf_pre_padding                       - Undefined Weak Reference
    _printf_truncate_signed                   - Undefined Weak Reference
    _printf_truncate_unsigned                 - Undefined Weak Reference
    _rand_init                                - Undefined Weak Reference
    _signal_finish                            - Undefined Weak Reference
    _signal_init                              - Undefined Weak Reference
    _terminate_alloc                          - Undefined Weak Reference
    _terminate_user_alloc                     - Undefined Weak Reference
    _terminateio                              - Undefined Weak Reference
    __Vectors_Size                           0x00000130   Number         0  startup_stm32f10x_hd.o ABSOLUTE
    __Vectors                                0x08000000   Data           4  startup_stm32f10x_hd.o(RESET)
    __Vectors_End                            0x08000130   Data           0  startup_stm32f10x_hd.o(RESET)
    __main                                   0x08000131   Thumb Code     8  __main.o(!!!main)
    __scatterload                            0x08000139   Thumb Code     0  __scatter.o(!!!scatter)
    __scatterload_rt2                        0x08000139   Thumb Code    44  __scatter.o(!!!scatter)
    __scatterload_rt2_thumb_only             0x08000139   Thumb Code     0  __scatter.o(!!!scatter)
    __scatterload_null                       0x08000147   Thumb Code     0  __scatter.o(!!!scatter)
    __decompress                             0x0800016d   Thumb Code    90  __dczerorl2.o(!!dczerorl2)
    __decompress1                            0x0800016d   Thumb Code     0  __dczerorl2.o(!!dczerorl2)
    __scatterload_zeroinit                   0x080001c9   Thumb Code    28  __scatter_zi.o(!!handler_zi)
    _printf_percent                          0x080001e5   Thumb Code     0  _printf_percent.o(.ARM.Collect$$_printf_percent$$00000000)
    _printf_u                                0x080001e5   Thumb Code     0  _printf_u.o(.ARM.Collect$$_printf_percent$$0000000A)
    _printf_percent_end                      0x080001eb   Thumb Code     0  _printf_percent_end.o(.ARM.Collect$$_printf_percent$$00000017)
    __rt_lib_init                            0x080001ef   Thumb Code     0  libinit.o(.ARM.Collect$$libinit$$00000000)
    __rt_lib_init_alloca_1                   0x080001f1   Thumb Code     0  libinit2.o(.ARM.Collect$$libinit$$0000002E)
    __rt_lib_init_argv_1                     0x080001f1   Thumb Code     0  libinit2.o(.ARM.Collect$$libinit$$0000002C)
    __rt_lib_init_atexit_1                   0x080001f1   Thumb Code     0  libinit2.o(.ARM.Collect$$libinit$$0000001B)
    __rt_lib_init_clock_1                    0x080001f1   Thumb Code     0  libinit2.o(.ARM.Collect$$libinit$$00000021)
    __rt_lib_init_cpp_1                      0x080001f1   Thumb Code     0  libinit2.o(.ARM.Collect$$libinit$$00000032)
    __rt_lib_init_exceptions_1               0x080001f1   Thumb Code     0  libinit2.o(.ARM.Collect$$libinit$$00000030)
    __rt_lib_init_fp_1                       0x080001f1   Thumb Code     0  libinit2.o(.ARM.Collect$$libinit$$00000002)
    __rt_lib_init_fp_trap_1                  0x080001f1   Thumb Code     0  libinit2.o(.ARM.Collect$$libinit$$0000001F)
    __rt_lib_init_getenv_1                   0x080001f1   Thumb Code     0  libinit2.o(.ARM.Collect$$libinit$$00000023)
    __rt_lib_init_heap_1                     0x080001f1   Thumb Code     0  libinit2.o(.ARM.Collect$$libinit$$0000000A)
    __rt_lib_init_lc_collate_1               0x080001f1   Thumb Code     0  libinit2.o(.ARM.Collect$$libinit$$00000011)
    __rt_lib_init_lc_ctype_1                 0x080001f1   Thumb Code     0  libinit2.o(.ARM.Collect$$libinit$$00000013)
    __rt_lib_init_lc_monetary_1              0x080001f1   Thumb Code     0  libinit2.o(.ARM.Collect$$libinit$$00000015)
    __rt_lib_init_lc_numeric_1               0x080001f1   Thumb Code     0  libinit2.o(.ARM.Collect$$libinit$$00000017)
    __rt_lib_init_lc_time_1                  0x080001f1   Thumb Code     0  libinit2.o(.ARM.Collect$$libinit$$00000019)
    __rt_lib_init_preinit_1                  0x080001f1   Thumb Code     0  libinit2.o(.ARM.Collect$$libinit$$00000004)
    __rt_lib_init_rand_1                     0x080001f1   Thumb Code     0  libinit2.o(.ARM.Collect$$libinit$$0000000E)
    __rt_lib_init_return                     0x080001f1   Thumb Code     0  libinit2.o(.ARM.Collect$$libinit$$00000033)
    __rt_lib_init_signal_1                   0x080001f1   Thumb Code     0  libinit2.o(.ARM.Collect$$libinit$$0000001D)
    __rt_lib_init_stdio_1                    0x080001f1   Thumb Code     0  libinit2.o(.ARM.Collect$$libinit$$00000025)
    __rt_lib_init_user_alloc_1               0x080001f1   Thumb Code     0  libinit2.o(.ARM.Collect$$libinit$$0000000C)
    __rt_lib_shutdown                        0x080001f3   Thumb Code     0  libshutdown.o(.ARM.Collect$$libshutdown$$00000000)
    __rt_lib_shutdown_cpp_1                  0x080001f5   Thumb Code     0  libshutdown2.o(.ARM.Collect$$libshutdown$$00000002)
    __rt_lib_shutdown_fp_trap_1              0x080001f5   Thumb Code     0  libshutdown2.o(.ARM.Collect$$libshutdown$$00000007)
    __rt_lib_shutdown_heap_1                 0x080001f5   Thumb Code     0  libshutdown2.o(.ARM.Collect$$libshutdown$$0000000F)
    __rt_lib_shutdown_return                 0x080001f5   Thumb Code     0  libshutdown2.o(.ARM.Collect$$libshutdown$$00000010)
    __rt_lib_shutdown_signal_1               0x080001f5   Thumb Code     0  libshutdown2.o(.ARM.Collect$$libshutdown$$0000000A)
    __rt_lib_shutdown_stdio_1                0x080001f5   Thumb Code     0  libshutdown2.o(.ARM.Collect$$libshutdown$$00000004)
    __rt_lib_shutdown_user_alloc_1           0x080001f5   Thumb Code     0  libshutdown2.o(.ARM.Collect$$libshutdown$$0000000C)
    __rt_entry                               0x080001f7   Thumb Code     0  __rtentry.o(.ARM.Collect$$rtentry$$00000000)
    __rt_entry_presh_1                       0x080001f7   Thumb Code     0  __rtentry2.o(.ARM.Collect$$rtentry$$00000002)
    __rt_entry_sh                            0x080001f7   Thumb Code     0  __rtentry4.o(.ARM.Collect$$rtentry$$00000004)
    __rt_entry_li                            0x080001fd   Thumb Code     0  __rtentry2.o(.ARM.Collect$$rtentry$$0000000A)
    __rt_entry_postsh_1                      0x080001fd   Thumb Code     0  __rtentry2.o(.ARM.Collect$$rtentry$$00000009)
    __rt_entry_main                          0x08000201   Thumb Code     0  __rtentry2.o(.ARM.Collect$$rtentry$$0000000D)
    __rt_entry_postli_1                      0x08000201   Thumb Code     0  __rtentry2.o(.ARM.Collect$$rtentry$$0000000C)
    __rt_exit                                0x08000209   Thumb Code     0  rtexit.o(.ARM.Collect$$rtexit$$00000000)
    __rt_exit_ls                             0x0800020b   Thumb Code     0  rtexit2.o(.ARM.Collect$$rtexit$$00000003)
    __rt_exit_prels_1                        0x0800020b   Thumb Code     0  rtexit2.o(.ARM.Collect$$rtexit$$00000002)
    __rt_exit_exit                           0x0800020f   Thumb Code     0  rtexit2.o(.ARM.Collect$$rtexit$$00000004)
    Temperature                              0x08000215   Thumb Code   194  main.o(.text)
    main                                     0x080002d7   Thumb Code   140  main.o(.text)
    NMI_Handler                              0x080003bd   Thumb Code     2  stm32f10x_it.o(.text)
    HardFault_Handler                        0x080003bf   Thumb Code     4  stm32f10x_it.o(.text)
    MemManage_Handler                        0x080003c3   Thumb Code     4  stm32f10x_it.o(.text)
    BusFault_Handler                         0x080003c7   Thumb Code     4  stm32f10x_it.o(.text)
    UsageFault_Handler                       0x080003cb   Thumb Code     4  stm32f10x_it.o(.text)
    SVC_Handler                              0x080003cf   Thumb Code     2  stm32f10x_it.o(.text)
    DebugMon_Handler                         0x080003d1   Thumb Code     2  stm32f10x_it.o(.text)
    PendSV_Handler                           0x080003d3   Thumb Code     2  stm32f10x_it.o(.text)
    SysTick_Handler                          0x080003d5   Thumb Code     2  stm32f10x_it.o(.text)
    SystemInit                               0x080004b7   Thumb Code    78  system_stm32f10x.o(.text)
    SystemCoreClockUpdate                    0x08000505   Thumb Code   142  system_stm32f10x.o(.text)
    EXTIX_Init                               0x080005b9   Thumb Code   206  exti.o(.text)
    EXTI0_IRQHandler                         0x08000687   Thumb Code    24  exti.o(.text)
    EXTI1_IRQHandler                         0x0800069f   Thumb Code    24  exti.o(.text)
    EXTI2_IRQHandler                         0x080006b7   Thumb Code    24  exti.o(.text)
    EXTI3_IRQHandler                         0x080006cf   Thumb Code    24  exti.o(.text)
    EXTI4_IRQHandler                         0x080006e7   Thumb Code    24  exti.o(.text)
    EXTI9_5_IRQHandler                       0x080006ff   Thumb Code    24  exti.o(.text)
    CAN_Mode_Init                            0x08000781   Thumb Code   240  can_hw.o(.text)
    USB_LP_CAN1_RX0_IRQHandler               0x08000871   Thumb Code    94  can_hw.o(.text)
    canSend                                  0x080008cf   Thumb Code    80  can_hw.o(.text)
    TIM3_Init                                0x0800092d   Thumb Code    90  timer3.o(.text)
    delay_init                               0x0800098d   Thumb Code    50  delay.o(.text)
    delay_us                                 0x080009bf   Thumb Code    72  delay.o(.text)
    delay_ms                                 0x08000a07   Thumb Code    72  delay.o(.text)
    _sys_exit                                0x08000a61   Thumb Code     6  usart.o(.text)
    fputc                                    0x08000a67   Thumb Code    24  usart.o(.text)
    uart_init                                0x08000a7f   Thumb Code   154  usart.o(.text)
    USART2_IRQHandler                        0x08000b19   Thumb Code   122  usart.o(.text)
    Reset_Handler                            0x08000ba5   Thumb Code     8  startup_stm32f10x_hd.o(.text)
    ADC1_2_IRQHandler                        0x08000bbf   Thumb Code     0  startup_stm32f10x_hd.o(.text)
    ADC3_IRQHandler                          0x08000bbf   Thumb Code     0  startup_stm32f10x_hd.o(.text)
    CAN1_RX1_IRQHandler                      0x08000bbf   Thumb Code     0  startup_stm32f10x_hd.o(.text)
    CAN1_SCE_IRQHandler                      0x08000bbf   Thumb Code     0  startup_stm32f10x_hd.o(.text)
    DMA1_Channel1_IRQHandler                 0x08000bbf   Thumb Code     0  startup_stm32f10x_hd.o(.text)
    DMA1_Channel2_IRQHandler                 0x08000bbf   Thumb Code     0  startup_stm32f10x_hd.o(.text)
    DMA1_Channel3_IRQHandler                 0x08000bbf   Thumb Code     0  startup_stm32f10x_hd.o(.text)
    DMA1_Channel4_IRQHandler                 0x08000bbf   Thumb Code     0  startup_stm32f10x_hd.o(.text)
    DMA1_Channel5_IRQHandler                 0x08000bbf   Thumb Code     0  startup_stm32f10x_hd.o(.text)
    DMA1_Channel6_IRQHandler                 0x08000bbf   Thumb Code     0  startup_stm32f10x_hd.o(.text)
    DMA1_Channel7_IRQHandler                 0x08000bbf   Thumb Code     0  startup_stm32f10x_hd.o(.text)
    DMA2_Channel1_IRQHandler                 0x08000bbf   Thumb Code     0  startup_stm32f10x_hd.o(.text)
    DMA2_Channel2_IRQHandler                 0x08000bbf   Thumb Code     0  startup_stm32f10x_hd.o(.text)
    DMA2_Channel3_IRQHandler                 0x08000bbf   Thumb Code     0  startup_stm32f10x_hd.o(.text)
    DMA2_Channel4_5_IRQHandler               0x08000bbf   Thumb Code     0  startup_stm32f10x_hd.o(.text)
    EXTI15_10_IRQHandler                     0x08000bbf   Thumb Code     0  startup_stm32f10x_hd.o(.text)
    FLASH_IRQHandler                         0x08000bbf   Thumb Code     0  startup_stm32f10x_hd.o(.text)
    FSMC_IRQHandler                          0x08000bbf   Thumb Code     0  startup_stm32f10x_hd.o(.text)
    I2C1_ER_IRQHandler                       0x08000bbf   Thumb Code     0  startup_stm32f10x_hd.o(.text)
    I2C1_EV_IRQHandler                       0x08000bbf   Thumb Code     0  startup_stm32f10x_hd.o(.text)
    I2C2_ER_IRQHandler                       0x08000bbf   Thumb Code     0  startup_stm32f10x_hd.o(.text)
    I2C2_EV_IRQHandler                       0x08000bbf   Thumb Code     0  startup_stm32f10x_hd.o(.text)
    PVD_IRQHandler                           0x08000bbf   Thumb Code     0  startup_stm32f10x_hd.o(.text)
    RCC_IRQHandler                           0x08000bbf   Thumb Code     0  startup_stm32f10x_hd.o(.text)
    RTCAlarm_IRQHandler                      0x08000bbf   Thumb Code     0  startup_stm32f10x_hd.o(.text)
    RTC_IRQHandler                           0x08000bbf   Thumb Code     0  startup_stm32f10x_hd.o(.text)
    SDIO_IRQHandler                          0x08000bbf   Thumb Code     0  startup_stm32f10x_hd.o(.text)
    SPI1_IRQHandler                          0x08000bbf   Thumb Code     0  startup_stm32f10x_hd.o(.text)
    SPI2_IRQHandler                          0x08000bbf   Thumb Code     0  startup_stm32f10x_hd.o(.text)
    SPI3_IRQHandler                          0x08000bbf   Thumb Code     0  startup_stm32f10x_hd.o(.text)
    TAMPER_IRQHandler                        0x08000bbf   Thumb Code     0  startup_stm32f10x_hd.o(.text)
    TIM1_BRK_IRQHandler                      0x08000bbf   Thumb Code     0  startup_stm32f10x_hd.o(.text)
    TIM1_CC_IRQHandler                       0x08000bbf   Thumb Code     0  startup_stm32f10x_hd.o(.text)
    TIM1_TRG_COM_IRQHandler                  0x08000bbf   Thumb Code     0  startup_stm32f10x_hd.o(.text)
    TIM1_UP_IRQHandler                       0x08000bbf   Thumb Code     0  startup_stm32f10x_hd.o(.text)
    TIM2_IRQHandler                          0x08000bbf   Thumb Code     0  startup_stm32f10x_hd.o(.text)
    TIM4_IRQHandler                          0x08000bbf   Thumb Code     0  startup_stm32f10x_hd.o(.text)
    TIM5_IRQHandler                          0x08000bbf   Thumb Code     0  startup_stm32f10x_hd.o(.text)
    TIM6_IRQHandler                          0x08000bbf   Thumb Code     0  startup_stm32f10x_hd.o(.text)
    TIM7_IRQHandler                          0x08000bbf   Thumb Code     0  startup_stm32f10x_hd.o(.text)
    TIM8_BRK_IRQHandler                      0x08000bbf   Thumb Code     0  startup_stm32f10x_hd.o(.text)
    TIM8_CC_IRQHandler                       0x08000bbf   Thumb Code     0  startup_stm32f10x_hd.o(.text)
    TIM8_TRG_COM_IRQHandler                  0x08000bbf   Thumb Code     0  startup_stm32f10x_hd.o(.text)
    TIM8_UP_IRQHandler                       0x08000bbf   Thumb Code     0  startup_stm32f10x_hd.o(.text)
    UART4_IRQHandler                         0x08000bbf   Thumb Code     0  startup_stm32f10x_hd.o(.text)
    UART5_IRQHandler                         0x08000bbf   Thumb Code     0  startup_stm32f10x_hd.o(.text)
    USART1_IRQHandler                        0x08000bbf   Thumb Code     0  startup_stm32f10x_hd.o(.text)
    USART3_IRQHandler                        0x08000bbf   Thumb Code     0  startup_stm32f10x_hd.o(.text)
    USBWakeUp_IRQHandler                     0x08000bbf   Thumb Code     0  startup_stm32f10x_hd.o(.text)
    USB_HP_CAN1_TX_IRQHandler                0x08000bbf   Thumb Code     0  startup_stm32f10x_hd.o(.text)
    WWDG_IRQHandler                          0x08000bbf   Thumb Code     0  startup_stm32f10x_hd.o(.text)
    __user_initial_stackheap                 0x08000bc1   Thumb Code     0  startup_stm32f10x_hd.o(.text)
    NVIC_PriorityGroupConfig                 0x08000be5   Thumb Code    10  misc.o(.text)
    NVIC_Init                                0x08000bef   Thumb Code   100  misc.o(.text)
    NVIC_SetVectorTable                      0x08000c53   Thumb Code    14  misc.o(.text)
    NVIC_SystemLPConfig                      0x08000c61   Thumb Code    34  misc.o(.text)
    SysTick_CLKSourceConfig                  0x08000c83   Thumb Code    40  misc.o(.text)
    GPIO_DeInit                              0x08000cc1   Thumb Code   172  stm32f10x_gpio.o(.text)
    GPIO_AFIODeInit                          0x08000d6d   Thumb Code    20  stm32f10x_gpio.o(.text)
    GPIO_Init                                0x08000d81   Thumb Code   278  stm32f10x_gpio.o(.text)
    GPIO_StructInit                          0x08000e97   Thumb Code    16  stm32f10x_gpio.o(.text)
    GPIO_ReadInputDataBit                    0x08000ea7   Thumb Code    18  stm32f10x_gpio.o(.text)
    GPIO_ReadInputData                       0x08000eb9   Thumb Code     8  stm32f10x_gpio.o(.text)
    GPIO_ReadOutputDataBit                   0x08000ec1   Thumb Code    18  stm32f10x_gpio.o(.text)
    GPIO_ReadOutputData                      0x08000ed3   Thumb Code     8  stm32f10x_gpio.o(.text)
    GPIO_SetBits                             0x08000edb   Thumb Code     4  stm32f10x_gpio.o(.text)
    GPIO_ResetBits                           0x08000edf   Thumb Code     4  stm32f10x_gpio.o(.text)
    GPIO_WriteBit                            0x08000ee3   Thumb Code    10  stm32f10x_gpio.o(.text)
    GPIO_Write                               0x08000eed   Thumb Code     4  stm32f10x_gpio.o(.text)
    GPIO_PinLockConfig                       0x08000ef1   Thumb Code    18  stm32f10x_gpio.o(.text)
    GPIO_EventOutputConfig                   0x08000f03   Thumb Code    26  stm32f10x_gpio.o(.text)
    GPIO_EventOutputCmd                      0x08000f1d   Thumb Code     6  stm32f10x_gpio.o(.text)
    GPIO_PinRemapConfig                      0x08000f23   Thumb Code   138  stm32f10x_gpio.o(.text)
    GPIO_EXTILineConfig                      0x08000fad   Thumb Code    66  stm32f10x_gpio.o(.text)
    GPIO_ETH_MediaInterfaceConfig            0x08000fef   Thumb Code     8  stm32f10x_gpio.o(.text)
    RCC_DeInit                               0x0800101d   Thumb Code    64  stm32f10x_rcc.o(.text)
    RCC_HSEConfig                            0x0800105d   Thumb Code    70  stm32f10x_rcc.o(.text)
    RCC_GetFlagStatus                        0x080010a3   Thumb Code    56  stm32f10x_rcc.o(.text)
    RCC_WaitForHSEStartUp                    0x080010db   Thumb Code    56  stm32f10x_rcc.o(.text)
    RCC_AdjustHSICalibrationValue            0x08001113   Thumb Code    20  stm32f10x_rcc.o(.text)
    RCC_HSICmd                               0x08001127   Thumb Code     6  stm32f10x_rcc.o(.text)
    RCC_PLLConfig                            0x0800112d   Thumb Code    24  stm32f10x_rcc.o(.text)
    RCC_PLLCmd                               0x08001145   Thumb Code     6  stm32f10x_rcc.o(.text)
    RCC_SYSCLKConfig                         0x0800114b   Thumb Code    18  stm32f10x_rcc.o(.text)
    RCC_GetSYSCLKSource                      0x0800115d   Thumb Code    10  stm32f10x_rcc.o(.text)
    RCC_HCLKConfig                           0x08001167   Thumb Code    18  stm32f10x_rcc.o(.text)
    RCC_PCLK1Config                          0x08001179   Thumb Code    18  stm32f10x_rcc.o(.text)
    RCC_PCLK2Config                          0x0800118b   Thumb Code    20  stm32f10x_rcc.o(.text)
    RCC_ITConfig                             0x0800119f   Thumb Code    26  stm32f10x_rcc.o(.text)
    RCC_USBCLKConfig                         0x080011b9   Thumb Code     8  stm32f10x_rcc.o(.text)
    RCC_ADCCLKConfig                         0x080011c1   Thumb Code    18  stm32f10x_rcc.o(.text)
    RCC_LSEConfig                            0x080011d3   Thumb Code    50  stm32f10x_rcc.o(.text)
    RCC_LSICmd                               0x08001205   Thumb Code     6  stm32f10x_rcc.o(.text)
    RCC_RTCCLKConfig                         0x0800120b   Thumb Code    12  stm32f10x_rcc.o(.text)
    RCC_RTCCLKCmd                            0x08001217   Thumb Code     8  stm32f10x_rcc.o(.text)
    RCC_GetClocksFreq                        0x0800121f   Thumb Code   192  stm32f10x_rcc.o(.text)
    RCC_AHBPeriphClockCmd                    0x080012df   Thumb Code    26  stm32f10x_rcc.o(.text)
    RCC_APB2PeriphClockCmd                   0x080012f9   Thumb Code    26  stm32f10x_rcc.o(.text)
    RCC_APB1PeriphClockCmd                   0x08001313   Thumb Code    26  stm32f10x_rcc.o(.text)
    RCC_APB2PeriphResetCmd                   0x0800132d   Thumb Code    26  stm32f10x_rcc.o(.text)
    RCC_APB1PeriphResetCmd                   0x08001347   Thumb Code    26  stm32f10x_rcc.o(.text)
    RCC_BackupResetCmd                       0x08001361   Thumb Code     8  stm32f10x_rcc.o(.text)
    RCC_ClockSecuritySystemCmd               0x08001369   Thumb Code     6  stm32f10x_rcc.o(.text)
    RCC_MCOConfig                            0x0800136f   Thumb Code     6  stm32f10x_rcc.o(.text)
    RCC_ClearFlag                            0x08001375   Thumb Code    14  stm32f10x_rcc.o(.text)
    RCC_GetITStatus                          0x08001383   Thumb Code    20  stm32f10x_rcc.o(.text)
    RCC_ClearITPendingBit                    0x08001397   Thumb Code     6  stm32f10x_rcc.o(.text)
    USART_DeInit                             0x080013c1   Thumb Code   134  stm32f10x_usart.o(.text)
    USART_Init                               0x08001447   Thumb Code   210  stm32f10x_usart.o(.text)
    USART_StructInit                         0x08001519   Thumb Code    24  stm32f10x_usart.o(.text)
    USART_ClockInit                          0x08001531   Thumb Code    34  stm32f10x_usart.o(.text)
    USART_ClockStructInit                    0x08001553   Thumb Code    12  stm32f10x_usart.o(.text)
    USART_Cmd                                0x0800155f   Thumb Code    24  stm32f10x_usart.o(.text)
    USART_ITConfig                           0x08001577   Thumb Code    74  stm32f10x_usart.o(.text)
    USART_DMACmd                             0x080015c1   Thumb Code    18  stm32f10x_usart.o(.text)
    USART_SetAddress                         0x080015d3   Thumb Code    18  stm32f10x_usart.o(.text)
    USART_WakeUpConfig                       0x080015e5   Thumb Code    18  stm32f10x_usart.o(.text)
    USART_ReceiverWakeUpCmd                  0x080015f7   Thumb Code    24  stm32f10x_usart.o(.text)
    USART_LINBreakDetectLengthConfig         0x0800160f   Thumb Code    18  stm32f10x_usart.o(.text)
    USART_LINCmd                             0x08001621   Thumb Code    24  stm32f10x_usart.o(.text)
    USART_SendData                           0x08001639   Thumb Code     8  stm32f10x_usart.o(.text)
    USART_ReceiveData                        0x08001641   Thumb Code    10  stm32f10x_usart.o(.text)
    USART_SendBreak                          0x0800164b   Thumb Code    10  stm32f10x_usart.o(.text)
    USART_SetGuardTime                       0x08001655   Thumb Code    16  stm32f10x_usart.o(.text)
    USART_SetPrescaler                       0x08001665   Thumb Code    16  stm32f10x_usart.o(.text)
    USART_SmartCardCmd                       0x08001675   Thumb Code    24  stm32f10x_usart.o(.text)
    USART_SmartCardNACKCmd                   0x0800168d   Thumb Code    24  stm32f10x_usart.o(.text)
    USART_HalfDuplexCmd                      0x080016a5   Thumb Code    24  stm32f10x_usart.o(.text)
    USART_OverSampling8Cmd                   0x080016bd   Thumb Code    22  stm32f10x_usart.o(.text)
    USART_OneBitMethodCmd                    0x080016d3   Thumb Code    24  stm32f10x_usart.o(.text)
    USART_IrDAConfig                         0x080016eb   Thumb Code    18  stm32f10x_usart.o(.text)
    USART_IrDACmd                            0x080016fd   Thumb Code    24  stm32f10x_usart.o(.text)
    USART_GetFlagStatus                      0x08001715   Thumb Code    26  stm32f10x_usart.o(.text)
    USART_ClearFlag                          0x0800172f   Thumb Code    18  stm32f10x_usart.o(.text)
    USART_GetITStatus                        0x08001741   Thumb Code    84  stm32f10x_usart.o(.text)
    USART_ClearITPendingBit                  0x08001795   Thumb Code    52  stm32f10x_usart.o(.text)
    CAN_DeInit                               0x080017c9   Thumb Code    50  stm32f10x_can.o(.text)
    CAN_Init                                 0x080017fb   Thumb Code   276  stm32f10x_can.o(.text)
    CAN_FilterInit                           0x0800190f   Thumb Code   258  stm32f10x_can.o(.text)
    CAN_StructInit                           0x08001a11   Thumb Code    32  stm32f10x_can.o(.text)
    CAN_SlaveStartBank                       0x08001a31   Thumb Code    48  stm32f10x_can.o(.text)
    CAN_DBGFreeze                            0x08001a61   Thumb Code    22  stm32f10x_can.o(.text)
    CAN_TTComModeCmd                         0x08001a77   Thumb Code   118  stm32f10x_can.o(.text)
    CAN_Transmit                             0x08001aed   Thumb Code   304  stm32f10x_can.o(.text)
    CAN_TransmitStatus                       0x08001c1d   Thumb Code   138  stm32f10x_can.o(.text)
    CAN_CancelTransmit                       0x08001ca7   Thumb Code    48  stm32f10x_can.o(.text)
    CAN_Receive                              0x08001cd7   Thumb Code   240  stm32f10x_can.o(.text)
    CAN_FIFORelease                          0x08001dc7   Thumb Code    22  stm32f10x_can.o(.text)
    CAN_MessagePending                       0x08001ddd   Thumb Code    30  stm32f10x_can.o(.text)
    CAN_OperatingModeRequest                 0x08001dfb   Thumb Code   162  stm32f10x_can.o(.text)
    CAN_Sleep                                0x08001e9d   Thumb Code    30  stm32f10x_can.o(.text)
    CAN_WakeUp                               0x08001ebb   Thumb Code    48  stm32f10x_can.o(.text)
    CAN_GetLastErrorCode                     0x08001eeb   Thumb Code    12  stm32f10x_can.o(.text)
    CAN_GetReceiveErrorCounter               0x08001ef7   Thumb Code    10  stm32f10x_can.o(.text)
    CAN_GetLSBTransmitErrorCounter           0x08001f01   Thumb Code    12  stm32f10x_can.o(.text)
    CAN_ITConfig                             0x08001f0d   Thumb Code    18  stm32f10x_can.o(.text)
    CAN_GetFlagStatus                        0x08001f1f   Thumb Code   120  stm32f10x_can.o(.text)
    CAN_ClearFlag                            0x08001f97   Thumb Code    52  stm32f10x_can.o(.text)
    CAN_GetITStatus                          0x08001fdd   Thumb Code   310  stm32f10x_can.o(.text)
    CAN_ClearITPendingBit                    0x08002113   Thumb Code   162  stm32f10x_can.o(.text)
    TIM_DeInit                               0x080021b9   Thumb Code   424  stm32f10x_tim.o(.text)
    TIM_TimeBaseInit                         0x08002361   Thumb Code   122  stm32f10x_tim.o(.text)
    TIM_OC1Init                              0x080023db   Thumb Code   132  stm32f10x_tim.o(.text)
    TIM_OC2Init                              0x0800245f   Thumb Code   154  stm32f10x_tim.o(.text)
    TIM_OC3Init                              0x080024f9   Thumb Code   150  stm32f10x_tim.o(.text)
    TIM_OC4Init                              0x0800258f   Thumb Code   182  stm32f10x_tim.o(.text)
    TIM_SetIC4Prescaler                      0x08002645   Thumb Code    26  stm32f10x_tim.o(.text)
    TIM_SetIC3Prescaler                      0x080026e1   Thumb Code    18  stm32f10x_tim.o(.text)
    TIM_SetIC2Prescaler                      0x0800276d   Thumb Code    26  stm32f10x_tim.o(.text)
    TIM_SetIC1Prescaler                      0x08002809   Thumb Code    18  stm32f10x_tim.o(.text)
    TIM_ICInit                               0x08002887   Thumb Code   150  stm32f10x_tim.o(.text)
    TIM_PWMIConfig                           0x0800291d   Thumb Code   124  stm32f10x_tim.o(.text)
    TIM_BDTRConfig                           0x08002999   Thumb Code    32  stm32f10x_tim.o(.text)
    TIM_TimeBaseStructInit                   0x080029b9   Thumb Code    18  stm32f10x_tim.o(.text)
    TIM_OCStructInit                         0x080029cb   Thumb Code    20  stm32f10x_tim.o(.text)
    TIM_ICStructInit                         0x080029df   Thumb Code    18  stm32f10x_tim.o(.text)
    TIM_BDTRStructInit                       0x080029f1   Thumb Code    40  stm32f10x_tim.o(.text)
    TIM_Cmd                                  0x08002a19   Thumb Code    24  stm32f10x_tim.o(.text)
    TIM_CtrlPWMOutputs                       0x08002a31   Thumb Code    30  stm32f10x_tim.o(.text)
    TIM_ITConfig                             0x08002a4f   Thumb Code    18  stm32f10x_tim.o(.text)
    TIM_GenerateEvent                        0x08002a61   Thumb Code     4  stm32f10x_tim.o(.text)
    TIM_DMAConfig                            0x08002a65   Thumb Code    10  stm32f10x_tim.o(.text)
    TIM_DMACmd                               0x08002a6f   Thumb Code    18  stm32f10x_tim.o(.text)
    TIM_InternalClockConfig                  0x08002a81   Thumb Code    12  stm32f10x_tim.o(.text)
    TIM_SelectInputTrigger                   0x08002a8d   Thumb Code    18  stm32f10x_tim.o(.text)
    TIM_ITRxExternalClockConfig              0x08002a9f   Thumb Code    24  stm32f10x_tim.o(.text)
    TIM_TIxExternalClockConfig               0x08002ab7   Thumb Code    62  stm32f10x_tim.o(.text)
    TIM_ETRConfig                            0x08002af5   Thumb Code    28  stm32f10x_tim.o(.text)
    TIM_ETRClockMode1Config                  0x08002b11   Thumb Code    54  stm32f10x_tim.o(.text)
    TIM_ETRClockMode2Config                  0x08002b47   Thumb Code    32  stm32f10x_tim.o(.text)
    TIM_PrescalerConfig                      0x08002b67   Thumb Code     6  stm32f10x_tim.o(.text)
    TIM_CounterModeConfig                    0x08002b6d   Thumb Code    18  stm32f10x_tim.o(.text)
    TIM_EncoderInterfaceConfig               0x08002b7f   Thumb Code    66  stm32f10x_tim.o(.text)
    TIM_ForcedOC1Config                      0x08002bc1   Thumb Code    18  stm32f10x_tim.o(.text)
    TIM_ForcedOC2Config                      0x08002bd3   Thumb Code    26  stm32f10x_tim.o(.text)
    TIM_ForcedOC3Config                      0x08002bed   Thumb Code    18  stm32f10x_tim.o(.text)
    TIM_ForcedOC4Config                      0x08002bff   Thumb Code    26  stm32f10x_tim.o(.text)
    TIM_ARRPreloadConfig                     0x08002c19   Thumb Code    24  stm32f10x_tim.o(.text)
    TIM_SelectCOM                            0x08002c31   Thumb Code    24  stm32f10x_tim.o(.text)
    TIM_SelectCCDMA                          0x08002c49   Thumb Code    24  stm32f10x_tim.o(.text)
    TIM_CCPreloadControl                     0x08002c61   Thumb Code    24  stm32f10x_tim.o(.text)
    TIM_OC1PreloadConfig                     0x08002c79   Thumb Code    18  stm32f10x_tim.o(.text)
    TIM_OC2PreloadConfig                     0x08002c8b   Thumb Code    26  stm32f10x_tim.o(.text)
    TIM_OC3PreloadConfig                     0x08002ca5   Thumb Code    18  stm32f10x_tim.o(.text)
    TIM_OC4PreloadConfig                     0x08002cb7   Thumb Code    26  stm32f10x_tim.o(.text)
    TIM_OC1FastConfig                        0x08002cd1   Thumb Code    18  stm32f10x_tim.o(.text)
    TIM_OC2FastConfig                        0x08002ce3   Thumb Code    26  stm32f10x_tim.o(.text)
    TIM_OC3FastConfig                        0x08002cfd   Thumb Code    18  stm32f10x_tim.o(.text)
    TIM_OC4FastConfig                        0x08002d0f   Thumb Code    26  stm32f10x_tim.o(.text)
    TIM_ClearOC1Ref                          0x08002d29   Thumb Code    18  stm32f10x_tim.o(.text)
    TIM_ClearOC2Ref                          0x08002d3b   Thumb Code    24  stm32f10x_tim.o(.text)
    TIM_ClearOC3Ref                          0x08002d53   Thumb Code    18  stm32f10x_tim.o(.text)
    TIM_ClearOC4Ref                          0x08002d65   Thumb Code    24  stm32f10x_tim.o(.text)
    TIM_OC1PolarityConfig                    0x08002d7d   Thumb Code    18  stm32f10x_tim.o(.text)
    TIM_OC1NPolarityConfig                   0x08002d8f   Thumb Code    18  stm32f10x_tim.o(.text)
    TIM_OC2PolarityConfig                    0x08002da1   Thumb Code    26  stm32f10x_tim.o(.text)
    TIM_OC2NPolarityConfig                   0x08002dbb   Thumb Code    26  stm32f10x_tim.o(.text)
    TIM_OC3PolarityConfig                    0x08002dd5   Thumb Code    26  stm32f10x_tim.o(.text)
    TIM_OC3NPolarityConfig                   0x08002def   Thumb Code    26  stm32f10x_tim.o(.text)
    TIM_OC4PolarityConfig                    0x08002e09   Thumb Code    26  stm32f10x_tim.o(.text)
    TIM_CCxCmd                               0x08002e23   Thumb Code    30  stm32f10x_tim.o(.text)
    TIM_CCxNCmd                              0x08002e41   Thumb Code    30  stm32f10x_tim.o(.text)
    TIM_SelectOCxM                           0x08002e5f   Thumb Code    82  stm32f10x_tim.o(.text)
    TIM_UpdateDisableConfig                  0x08002eb1   Thumb Code    24  stm32f10x_tim.o(.text)
    TIM_UpdateRequestConfig                  0x08002ec9   Thumb Code    24  stm32f10x_tim.o(.text)
    TIM_SelectHallSensor                     0x08002ee1   Thumb Code    24  stm32f10x_tim.o(.text)
    TIM_SelectOnePulseMode                   0x08002ef9   Thumb Code    18  stm32f10x_tim.o(.text)
    TIM_SelectOutputTrigger                  0x08002f0b   Thumb Code    18  stm32f10x_tim.o(.text)
    TIM_SelectSlaveMode                      0x08002f1d   Thumb Code    18  stm32f10x_tim.o(.text)
    TIM_SelectMasterSlaveMode                0x08002f2f   Thumb Code    18  stm32f10x_tim.o(.text)
    TIM_SetCounter                           0x08002f41   Thumb Code     4  stm32f10x_tim.o(.text)
    TIM_SetAutoreload                        0x08002f45   Thumb Code     4  stm32f10x_tim.o(.text)
    TIM_SetCompare1                          0x08002f49   Thumb Code     4  stm32f10x_tim.o(.text)
    TIM_SetCompare2                          0x08002f4d   Thumb Code     4  stm32f10x_tim.o(.text)
    TIM_SetCompare3                          0x08002f51   Thumb Code     4  stm32f10x_tim.o(.text)
    TIM_SetCompare4                          0x08002f55   Thumb Code     6  stm32f10x_tim.o(.text)
    TIM_SetClockDivision                     0x08002f5b   Thumb Code    18  stm32f10x_tim.o(.text)
    TIM_GetCapture1                          0x08002f6d   Thumb Code     6  stm32f10x_tim.o(.text)
    TIM_GetCapture2                          0x08002f73   Thumb Code     6  stm32f10x_tim.o(.text)
    TIM_GetCapture3                          0x08002f79   Thumb Code     6  stm32f10x_tim.o(.text)
    TIM_GetCapture4                          0x08002f7f   Thumb Code     8  stm32f10x_tim.o(.text)
    TIM_GetCounter                           0x08002f87   Thumb Code     6  stm32f10x_tim.o(.text)
    TIM_GetPrescaler                         0x08002f8d   Thumb Code     6  stm32f10x_tim.o(.text)
    TIM_GetFlagStatus                        0x08002f93   Thumb Code    18  stm32f10x_tim.o(.text)
    TIM_ClearFlag                            0x08002fa5   Thumb Code     6  stm32f10x_tim.o(.text)
    TIM_GetITStatus                          0x08002fab   Thumb Code    34  stm32f10x_tim.o(.text)
    TIM_ClearITPendingBit                    0x08002fcd   Thumb Code     6  stm32f10x_tim.o(.text)
    EXTI_DeInit                              0x08002fd5   Thumb Code    28  stm32f10x_exti.o(.text)
    EXTI_Init                                0x08002ff1   Thumb Code   142  stm32f10x_exti.o(.text)
    EXTI_StructInit                          0x0800307f   Thumb Code    16  stm32f10x_exti.o(.text)
    EXTI_GenerateSWInterrupt                 0x0800308f   Thumb Code    16  stm32f10x_exti.o(.text)
    EXTI_GetFlagStatus                       0x0800309f   Thumb Code    22  stm32f10x_exti.o(.text)
    EXTI_ClearFlag                           0x080030b5   Thumb Code     8  stm32f10x_exti.o(.text)
    EXTI_GetITStatus                         0x080030bd   Thumb Code    34  stm32f10x_exti.o(.text)
    EXTI_ClearITPendingBit                   0x080030df   Thumb Code     8  stm32f10x_exti.o(.text)
    OnNumberOfErrorsUpdate                   0x080030f1   Thumb Code    44  emcy.o(.text)
    emergencyInit                            0x0800311d   Thumb Code    30  emcy.o(.text)
    emergencyStop                            0x0800313b   Thumb Code     2  emcy.o(.text)
    sendEMCY                                 0x0800313d   Thumb Code   116  emcy.o(.text)
    EMCY_setError                            0x080031b1   Thumb Code   298  emcy.o(.text)
    EMCY_errorRecovered                      0x080032db   Thumb Code   156  emcy.o(.text)
    proceedEMCY                              0x08003377   Thumb Code    54  emcy.o(.text)
    _post_emcy                               0x080033ad   Thumb Code     2  emcy.o(.text)
    getNodeState                             0x080033b1   Thumb Code    16  lifegrd.o(.text)
    ConsumerHeartbeatAlarm                   0x080033c1   Thumb Code    50  lifegrd.o(.text)
    proceedNODE_GUARD                        0x080033f3   Thumb Code   278  lifegrd.o(.text)
    ProducerHeartbeatAlarm                   0x08003509   Thumb Code    72  lifegrd.o(.text)
    GuardTimeAlarm                           0x08003551   Thumb Code   118  lifegrd.o(.text)
    nodeguardInit                            0x080035c7   Thumb Code   134  lifegrd.o(.text)
    nodeguardStop                            0x0800364d   Thumb Code    18  lifegrd.o(.text)
    OnNodeGuardUpdate                        0x0800365f   Thumb Code    24  lifegrd.o(.text)
    heartbeatInit                            0x08003677   Thumb Code   138  lifegrd.o(.text)
    heartbeatStop                            0x08003701   Thumb Code    56  lifegrd.o(.text)
    OnHeartbeatProducerUpdate                0x08003739   Thumb Code    24  lifegrd.o(.text)
    lifeGuardInit                            0x08003751   Thumb Code    18  lifegrd.o(.text)
    lifeGuardStop                            0x08003763   Thumb Code    18  lifegrd.o(.text)
    _heartbeatError                          0x08003775   Thumb Code     2  lifegrd.o(.text)
    _post_SlaveBootup                        0x08003777   Thumb Code     2  lifegrd.o(.text)
    _post_SlaveStateChange                   0x08003779   Thumb Code     2  lifegrd.o(.text)
    _nodeguardError                          0x0800377b   Thumb Code     2  lifegrd.o(.text)
    masterSendNMTstateChange                 0x08003785   Thumb Code    44  nmtmaster.o(.text)
    masterSendNMTnodeguard                   0x080037b1   Thumb Code    38  nmtmaster.o(.text)
    masterRequestNodeState                   0x080037d7   Thumb Code    50  nmtmaster.o(.text)
    proceedNMTstateChange                    0x08003809   Thumb Code   224  nmtslave.o(.text)
    slaveSendBootUp                          0x080038e9   Thumb Code    46  nmtslave.o(.text)
    accessDictionaryError                    0x08003919   Thumb Code    10  objacces.o(.text)
    _getODentry                              0x08003923   Thumb Code   310  objacces.o(.text)
    _setODentry                              0x08003a59   Thumb Code   332  objacces.o(.text)
    scanIndexOD                              0x08003ba5   Thumb Code    28  objacces.o(.text)
    RegisterSetODentryCallBack               0x08003bc1   Thumb Code    54  objacces.o(.text)
    _storeODSubIndex                         0x08003bf7   Thumb Code     2  objacces.o(.text)
    CopyBits                                 0x08003c09   Thumb Code   236  pdo.o(.text)
    buildPDO                                 0x08003cf5   Thumb Code   242  pdo.o(.text)
    sendPDOrequest                           0x08003de7   Thumb Code    94  pdo.o(.text)
    PDOInhibitTimerAlarm                     0x08003e71   Thumb Code    56  pdo.o(.text)
    sendOnePDOevent                          0x08003ea9   Thumb Code   314  pdo.o(.text)
    PDOEventTimerAlarm                       0x08003fe3   Thumb Code    46  pdo.o(.text)
    proceedPDO                               0x08004011   Thumb Code   736  pdo.o(.text)
    _sendPDOevent                            0x080042f1   Thumb Code   412  pdo.o(.text)
    sendPDOevent                             0x0800448d   Thumb Code    14  pdo.o(.text)
    _RxPDO_EventTimers_Handler               0x0800449b   Thumb Code     2  pdo.o(.text)
    TPDO_Communication_Parameter_Callback    0x0800449d   Thumb Code   148  pdo.o(.text)
    PDOInit                                  0x08004531   Thumb Code    84  pdo.o(.text)
    PDOStop                                  0x08004585   Thumb Code   120  pdo.o(.text)
    initSDOline                              0x080045fd   Thumb Code   368  sdo.o(.text)
    resetSDOline                             0x0800476d   Thumb Code    84  sdo.o(.text)
    sendSDO                                  0x080047c1   Thumb Code   162  sdo.o(.text)
    sendSDOabort                             0x08004863   Thumb Code    82  sdo.o(.text)
    SDOTimeoutAlarm                          0x080048b5   Thumb Code   256  sdo.o(.text)
    resetSDO                                 0x080049b5   Thumb Code    26  sdo.o(.text)
    SDOlineToObjdict                         0x080049cf   Thumb Code   158  sdo.o(.text)
    objdictToSDOline                         0x08004a6d   Thumb Code   122  sdo.o(.text)
    lineToSDO                                0x08004ae7   Thumb Code   148  sdo.o(.text)
    SDOtoLine                                0x08004b7b   Thumb Code   114  sdo.o(.text)
    getSDOlineOnUse                          0x08004bed   Thumb Code   100  sdo.o(.text)
    failedSDO                                0x08004c51   Thumb Code   166  sdo.o(.text)
    getSDOfreeLine                           0x08004cf7   Thumb Code    58  sdo.o(.text)
    getSDOlineToClose                        0x08004d31   Thumb Code    82  sdo.o(.text)
    GetSDOClientFromNodeId                   0x08004d83   Thumb Code    84  sdo.o(.text)
    closeSDOtransfer                         0x08004dd7   Thumb Code    64  sdo.o(.text)
    getSDOlineRestBytes                      0x08004e17   Thumb Code    62  sdo.o(.text)
    setSDOlineRestBytes                      0x08004e55   Thumb Code    30  sdo.o(.text)
    proceedSDO                               0x08004e73   Thumb Code 10022  sdo.o(.text)
    _writeNetworkDict                        0x08007599   Thumb Code   446  sdo.o(.text)
    writeNetworkDict                         0x08007757   Thumb Code    54  sdo.o(.text)
    writeNetworkDictCallBack                 0x0800778d   Thumb Code    52  sdo.o(.text)
    writeNetworkDictCallBackAI               0x080077c1   Thumb Code   186  sdo.o(.text)
    _readNetworkDict                         0x0800787b   Thumb Code   304  sdo.o(.text)
    readNetworkDict                          0x080079ab   Thumb Code    42  sdo.o(.text)
    readNetworkDictCallback                  0x080079d5   Thumb Code    40  sdo.o(.text)
    readNetworkDictCallbackAI                0x080079fd   Thumb Code   178  sdo.o(.text)
    getReadResultNetworkDict                 0x08007aaf   Thumb Code   342  sdo.o(.text)
    getWriteResultNetworkDict                0x08007c05   Thumb Code   132  sdo.o(.text)
    getState                                 0x08007c89   Thumb Code     8  states.o(.text)
    canDispatch                              0x08007c91   Thumb Code   152  states.o(.text)
    switchCommunicationState                 0x08007d29   Thumb Code   284  states.o(.text)
    setState                                 0x08007e45   Thumb Code   200  states.o(.text)
    getNodeId                                0x08007f0d   Thumb Code     8  states.o(.text)
    setNodeId                                0x08007f15   Thumb Code   366  states.o(.text)
    _initialisation                          0x08008083   Thumb Code     2  states.o(.text)
    _preOperational                          0x08008085   Thumb Code    22  states.o(.text)
    _operational                             0x0800809b   Thumb Code     2  states.o(.text)
    _stopped                                 0x0800809d   Thumb Code     2  states.o(.text)
    proceedSYNC                              0x080080a5   Thumb Code    44  sync.o(.text)
    sendSYNCMessage                          0x080080d1   Thumb Code    38  sync.o(.text)
    sendSYNC                                 0x080080f7   Thumb Code    22  sync.o(.text)
    SyncAlarm                                0x0800810d   Thumb Code    14  sync.o(.text)
    stopSYNC                                 0x0800811b   Thumb Code    46  sync.o(.text)
    startSYNC                                0x08008149   Thumb Code   102  sync.o(.text)
    OnCOB_ID_SyncUpdate                      0x080081af   Thumb Code    18  sync.o(.text)
    _post_sync                               0x080081c1   Thumb Code     2  sync.o(.text)
    _post_TPDO                               0x080081c3   Thumb Code     2  sync.o(.text)
    SetAlarm                                 0x080081c9   Thumb Code   170  timer.o(.text)
    DelAlarm                                 0x08008273   Thumb Code    46  timer.o(.text)
    TimeDispatch                             0x080082a1   Thumb Code   178  timer.o(.text)
    setTimer                                 0x08008361   Thumb Code    24  stm32_canfestival.o(.text)
    getElapsedTime                           0x08008379   Thumb Code    54  stm32_canfestival.o(.text)
    TIM3_IRQHandler                          0x080083af   Thumb Code    80  stm32_canfestival.o(.text)
    TestMaster_valueRangeTest                0x0800843d   Thumb Code    22  testmaster.o(.text)
    TestMaster_scanIndexOD                   0x08008453   Thumb Code   210  testmaster.o(.text)
    __use_no_semihosting                     0x0800853d   Thumb Code     2  use_no_semi_2.o(.text)
    __2printf                                0x08008541   Thumb Code    20  noretval__2printf.o(.text)
    __printf                                 0x08008559   Thumb Code   104  __printf.o(.text)
    _printf_int_dec                          0x080085c1   Thumb Code   104  _printf_dec.o(.text)
    memcmp                                   0x08008639   Thumb Code    88  memcmp.o(.text)
    __aeabi_memcpy                           0x08008691   Thumb Code     0  rt_memcpy_v6.o(.text)
    __rt_memcpy                              0x08008691   Thumb Code   138  rt_memcpy_v6.o(.text)
    _memcpy_lastbytes                        0x080086f7   Thumb Code     0  rt_memcpy_v6.o(.text)
    __use_two_region_memory                  0x0800871b   Thumb Code     2  heapauxi.o(.text)
    __rt_heap_escrow$2region                 0x0800871d   Thumb Code     2  heapauxi.o(.text)
    __rt_heap_expand$2region                 0x0800871f   Thumb Code     2  heapauxi.o(.text)
    __I$use$semihosting                      0x08008721   Thumb Code     0  use_no_semi.o(.text)
    __use_no_semihosting_swi                 0x08008721   Thumb Code     2  use_no_semi.o(.text)
    __read_errno                             0x08008723   Thumb Code    10  _rserrno.o(.text)
    __set_errno                              0x0800872d   Thumb Code    12  _rserrno.o(.text)
    _printf_int_common                       0x08008739   Thumb Code   178  _printf_intcommon.o(.text)
    _printf_char_file                        0x080087ed   Thumb Code    32  _printf_char_file.o(.text)
    __aeabi_memcpy4                          0x08008811   Thumb Code     0  rt_memcpy_w.o(.text)
    __aeabi_memcpy8                          0x08008811   Thumb Code     0  rt_memcpy_w.o(.text)
    __rt_memcpy_w                            0x08008811   Thumb Code   100  rt_memcpy_w.o(.text)
    _memcpy_lastbytes_aligned                0x08008859   Thumb Code     0  rt_memcpy_w.o(.text)
    __aeabi_errno_addr                       0x08008875   Thumb Code     8  rt_errno_addr_intlibspace.o(.text)
    __errno$intlibspace                      0x08008875   Thumb Code     0  rt_errno_addr_intlibspace.o(.text)
    __rt_errno_addr$intlibspace              0x08008875   Thumb Code     0  rt_errno_addr_intlibspace.o(.text)
    _printf_char_common                      0x08008887   Thumb Code    32  _printf_char_common.o(.text)
    ferror                                   0x080088ad   Thumb Code     8  ferror.o(.text)
    __user_libspace                          0x080088b5   Thumb Code     8  libspace.o(.text)
    __user_perproc_libspace                  0x080088b5   Thumb Code     0  libspace.o(.text)
    __user_perthread_libspace                0x080088b5   Thumb Code     0  libspace.o(.text)
    __user_setup_stackheap                   0x080088bd   Thumb Code    74  sys_stackheap_outer.o(.text)
    exit                                     0x08008907   Thumb Code    18  exit.o(.text)
    __kernel_poly                            0x08008919   Thumb Code   170  poly.o(i.__kernel_poly)
    __mathlib_dbl_divzero                    0x080089c5   Thumb Code    12  dunder.o(i.__mathlib_dbl_divzero)
    __mathlib_dbl_infnan                     0x080089d5   Thumb Code     6  dunder.o(i.__mathlib_dbl_infnan)
    __mathlib_dbl_invalid                    0x080089db   Thumb Code    12  dunder.o(i.__mathlib_dbl_invalid)
    log                                      0x080089e9   Thumb Code   808  log.o(i.log)
    __aeabi_dadd                             0x08008d45   Thumb Code     0  daddsub_clz.o(x$fpl$dadd)
    _dadd                                    0x08008d45   Thumb Code   332  daddsub_clz.o(x$fpl$dadd)
    __fpl_dcheck_NaN1                        0x08008e95   Thumb Code    10  dcheck1.o(x$fpl$dcheck1)
    __fpl_dcmp_Inf                           0x08008ea5   Thumb Code    24  dcmpi.o(x$fpl$dcmpinf)
    __aeabi_ddiv                             0x08008ebd   Thumb Code     0  ddiv.o(x$fpl$ddiv)
    _ddiv                                    0x08008ebd   Thumb Code   552  ddiv.o(x$fpl$ddiv)
    __aeabi_cdcmpeq                          0x0800916d   Thumb Code     0  deqf.o(x$fpl$deqf)
    _dcmpeq                                  0x0800916d   Thumb Code   120  deqf.o(x$fpl$deqf)
    __aeabi_i2d                              0x080091e5   Thumb Code     0  dflt_clz.o(x$fpl$dflt)
    _dflt                                    0x080091e5   Thumb Code    46  dflt_clz.o(x$fpl$dflt)
    __aeabi_dmul                             0x08009215   Thumb Code     0  dmul.o(x$fpl$dmul)
    _dmul                                    0x08009215   Thumb Code   332  dmul.o(x$fpl$dmul)
    __fpl_dnaninf                            0x08009369   Thumb Code   156  dnaninf.o(x$fpl$dnaninf)
    __fpl_dretinf                            0x08009405   Thumb Code    12  dretinf.o(x$fpl$dretinf)
    __aeabi_drsub                            0x08009411   Thumb Code     0  daddsub_clz.o(x$fpl$drsb)
    _drsb                                    0x08009411   Thumb Code    22  daddsub_clz.o(x$fpl$drsb)
    __aeabi_dsub                             0x08009429   Thumb Code     0  daddsub_clz.o(x$fpl$dsub)
    _dsub                                    0x08009429   Thumb Code   464  daddsub_clz.o(x$fpl$dsub)
    __fpl_return_NaN                         0x080095fd   Thumb Code   100  retnan.o(x$fpl$retnan)
    __ARM_scalbn                             0x08009661   Thumb Code    92  scalbn.o(x$fpl$scalbn)
    __fpl_cmpreturn                          0x080096bd   Thumb Code    48  trapv.o(x$fpl$trapveneer)
    __I$use$fp                               0x080096ec   Number         0  usenofp.o(x$fpl$usenofp)
    TestMaster_iam_a_slave                   0x0800972c   Data           1  testmaster.o(.constdata)
    TestMaster_objdict                       0x08009730   Data         120  testmaster.o(.constdata)
    TestMaster_firstIndex                    0x080097a8   Data          12  testmaster.o(.constdata)
    TestMaster_lastIndex                     0x080097b4   Data          12  testmaster.o(.constdata)
    TestMaster_ObjdictSize                   0x080097c0   Data           2  testmaster.o(.constdata)
    __mathlib_zero                           0x08009800   Data           8  qnan.o(.constdata)
    Region$$Table$$Base                      0x0800981c   Number         0  anon$$obj.o(Region$$Table)
    Region$$Table$$Limit                     0x0800983c   Number         0  anon$$obj.o(Region$$Table)
    nodeID                                   0x20000000   Data           1  main.o(.data)
    SystemCoreClock                          0x20000004   Data           4  system_stm32f10x.o(.data)
    AHBPrescTable                            0x20000008   Data          16  system_stm32f10x.o(.data)
    __stdout                                 0x2000001c   Data           4  usart.o(.data)
    USART_RX_STA                             0x20000020   Data           2  usart.o(.data)
    total_sleep_time                         0x20000038   Data           4  timer.o(.data)
    last_timer_raw                           0x2000003c   Data           2  timer.o(.data)
    tdcount                                  0x20000040   Data           4  timer.o(.data)
    TimeCNT                                  0x20000044   Data           4  stm32_canfestival.o(.data)
    NextTime                                 0x20000048   Data           4  stm32_canfestival.o(.data)
    TIMER_MAX_COUNT                          0x2000004c   Data           4  stm32_canfestival.o(.data)
    MasterMap1                               0x20000054   Data           4  testmaster.o(.data)
    MasterMap2                               0x20000058   Data           4  testmaster.o(.data)
    TestMaster_bDeviceNodeId                 0x2000005c   Data           1  testmaster.o(.data)
    TestMaster_heartBeatTimers               0x2000005e   Data           2  testmaster.o(.data)
    TestMaster_obj1000                       0x20000060   Data           4  testmaster.o(.data)
    TestMaster_Index1000                     0x20000064   Data          12  testmaster.o(.data)
    TestMaster_obj1001                       0x20000070   Data           1  testmaster.o(.data)
    TestMaster_Index1001                     0x20000074   Data          12  testmaster.o(.data)
    TestMaster_highestSubIndex_obj1003       0x20000080   Data           1  testmaster.o(.data)
    TestMaster_obj1003                       0x20000084   Data           4  testmaster.o(.data)
    TestMaster_Index1003_callbacks           0x20000088   Data           8  testmaster.o(.data)
    TestMaster_Index1003                     0x20000090   Data          24  testmaster.o(.data)
    TestMaster_obj1005                       0x200000a8   Data           4  testmaster.o(.data)
    TestMaster_Index1005_callbacks           0x200000ac   Data           4  testmaster.o(.data)
    TestMaster_Index1005                     0x200000b0   Data          12  testmaster.o(.data)
    TestMaster_obj1006                       0x200000bc   Data           4  testmaster.o(.data)
    TestMaster_Index1006_callbacks           0x200000c0   Data           4  testmaster.o(.data)
    TestMaster_Index1006                     0x200000c4   Data          12  testmaster.o(.data)
    TestMaster_obj100C                       0x200000d0   Data           2  testmaster.o(.data)
    TestMaster_obj100D                       0x200000d2   Data           1  testmaster.o(.data)
    TestMaster_highestSubIndex_obj1010       0x200000d3   Data           1  testmaster.o(.data)
    TestMaster_obj1010_Save_All_Parameters   0x200000d4   Data           4  testmaster.o(.data)
    TestMaster_obj1010_Save_Communication_Parameters 0x200000d8   Data           4  testmaster.o(.data)
    TestMaster_obj1010_Save_Application_Parameters 0x200000dc   Data           4  testmaster.o(.data)
    TestMaster_obj1010_Save_Manufacturer_Parameters_1 0x200000e0   Data           4  testmaster.o(.data)
    TestMaster_Index1010                     0x200000e4   Data          60  testmaster.o(.data)
    TestMaster_highestSubIndex_obj1011       0x20000120   Data           1  testmaster.o(.data)
    TestMaster_obj1011_Restore_All_Default_Parameters 0x20000124   Data           4  testmaster.o(.data)
    TestMaster_obj1011_Restore_Communication_Default_Parameters 0x20000128   Data           4  testmaster.o(.data)
    TestMaster_obj1011_Restore_Application_Default_Parameters 0x2000012c   Data           4  testmaster.o(.data)
    TestMaster_obj1011_Restore_Manufacturer_Defined_Default_Parameters_1 0x20000130   Data           4  testmaster.o(.data)
    TestMaster_Index1011                     0x20000134   Data          60  testmaster.o(.data)
    TestMaster_obj1014                       0x20000170   Data           4  testmaster.o(.data)
    TestMaster_Index1014                     0x20000174   Data          12  testmaster.o(.data)
    TestMaster_highestSubIndex_obj1016       0x20000180   Data           1  testmaster.o(.data)
    TestMaster_obj1016                       0x20000184   Data           4  testmaster.o(.data)
    TestMaster_Index1016                     0x20000188   Data          24  testmaster.o(.data)
    TestMaster_obj1017                       0x200001a0   Data           2  testmaster.o(.data)
    TestMaster_highestSubIndex_obj1018       0x200001a2   Data           1  testmaster.o(.data)
    TestMaster_obj1018_Vendor_ID             0x200001a4   Data           4  testmaster.o(.data)
    TestMaster_obj1018_Product_Code          0x200001a8   Data           4  testmaster.o(.data)
    TestMaster_obj1018_Revision_Number       0x200001ac   Data           4  testmaster.o(.data)
    TestMaster_obj1018_Serial_Number         0x200001b0   Data           4  testmaster.o(.data)
    TestMaster_Index1018                     0x200001b4   Data          60  testmaster.o(.data)
    TestMaster_highestSubIndex_obj1280       0x200001f0   Data           1  testmaster.o(.data)
    TestMaster_obj1280_COB_ID_Client_to_Server_Transmit_SDO 0x200001f4   Data           4  testmaster.o(.data)
    TestMaster_obj1280_COB_ID_Server_to_Client_Receive_SDO 0x200001f8   Data           4  testmaster.o(.data)
    TestMaster_obj1280_Node_ID_of_the_SDO_Server 0x200001fc   Data           1  testmaster.o(.data)
    TestMaster_Index1280                     0x20000200   Data          48  testmaster.o(.data)
    TestMaster_highestSubIndex_obj1400       0x20000230   Data           1  testmaster.o(.data)
    TestMaster_obj1400_COB_ID_used_by_PDO    0x20000234   Data           4  testmaster.o(.data)
    TestMaster_obj1400_Transmission_Type     0x20000238   Data           1  testmaster.o(.data)
    TestMaster_obj1400_Inhibit_Time          0x2000023a   Data           2  testmaster.o(.data)
    TestMaster_obj1400_Compatibility_Entry   0x2000023c   Data           1  testmaster.o(.data)
    TestMaster_obj1400_Event_Timer           0x2000023e   Data           2  testmaster.o(.data)
    TestMaster_Index1400                     0x20000240   Data          72  testmaster.o(.data)
    TestMaster_highestSubIndex_obj1600       0x20000288   Data           1  testmaster.o(.data)
    TestMaster_obj1600                       0x2000028c   Data           8  testmaster.o(.data)
    TestMaster_Index1600                     0x20000294   Data          36  testmaster.o(.data)
    TestMaster_highestSubIndex_obj1F22       0x200002b8   Data           1  testmaster.o(.data)
    TestMaster_obj1F22                       0x200002bc   Data           8  testmaster.o(.data)
    TestMaster_Index1F22                     0x200002c4   Data          36  testmaster.o(.data)
    MasterMap1_callbacks                     0x200002e8   Data           4  testmaster.o(.data)
    TestMaster_Index2000                     0x200002ec   Data          12  testmaster.o(.data)
    TestMaster_Index2001                     0x200002f8   Data          12  testmaster.o(.data)
    TestMaster_PDO_status                    0x20000304   Data          18  testmaster.o(.data)
    TestMaster_Data                          0x20000318   Data         572  testmaster.o(.data)
    USART_RX_BUF                             0x20000554   Data         200  usart.o(.bss)
    timers                                   0x2000061c   Data         192  timer.o(.bss)
    __libspace_start                         0x200006dc   Data          96  libspace.o(.bss)
    __temporary_stack_top$libspace           0x2000073c   Data           0  libspace.o(.bss)



==============================================================================

Memory Map of the image

  Image Entry point : 0x08000131

  Load Region LR_IROM1 (Base: 0x08000000, Size: 0x00009d90, Max: 0x00020000, ABSOLUTE, COMPRESSED[0x000099ec])

    Execution Region ER_IROM1 (Exec base: 0x08000000, Load base: 0x08000000, Size: 0x0000983c, Max: 0x00020000, ABSOLUTE)

    Exec Addr    Load Addr    Size         Type   Attr      Idx    E Section Name        Object

    0x08000000   0x08000000   0x00000130   Data   RO          514    RESET               startup_stm32f10x_hd.o
    0x08000130   0x08000130   0x00000008   Code   RO          932  * !!!main             c_w.l(__main.o)
    0x08000138   0x08000138   0x00000034   Code   RO         1193    !!!scatter          c_w.l(__scatter.o)
    0x0800016c   0x0800016c   0x0000005a   Code   RO         1191    !!dczerorl2         c_w.l(__dczerorl2.o)
    0x080001c6   0x080001c6   0x00000002   PAD
    0x080001c8   0x080001c8   0x0000001c   Code   RO         1195    !!handler_zi        c_w.l(__scatter_zi.o)
    0x080001e4   0x080001e4   0x00000000   Code   RO          925    .ARM.Collect$$_printf_percent$$00000000  c_w.l(_printf_percent.o)
    0x080001e4   0x080001e4   0x00000006   Code   RO          924    .ARM.Collect$$_printf_percent$$0000000A  c_w.l(_printf_u.o)
    0x080001ea   0x080001ea   0x00000004   Code   RO          987    .ARM.Collect$$_printf_percent$$00000017  c_w.l(_printf_percent_end.o)
    0x080001ee   0x080001ee   0x00000002   Code   RO         1064    .ARM.Collect$$libinit$$00000000  c_w.l(libinit.o)
    0x080001f0   0x080001f0   0x00000000   Code   RO         1070    .ARM.Collect$$libinit$$00000002  c_w.l(libinit2.o)
    0x080001f0   0x080001f0   0x00000000   Code   RO         1072    .ARM.Collect$$libinit$$00000004  c_w.l(libinit2.o)
    0x080001f0   0x080001f0   0x00000000   Code   RO         1075    .ARM.Collect$$libinit$$0000000A  c_w.l(libinit2.o)
    0x080001f0   0x080001f0   0x00000000   Code   RO         1077    .ARM.Collect$$libinit$$0000000C  c_w.l(libinit2.o)
    0x080001f0   0x080001f0   0x00000000   Code   RO         1079    .ARM.Collect$$libinit$$0000000E  c_w.l(libinit2.o)
    0x080001f0   0x080001f0   0x00000000   Code   RO         1082    .ARM.Collect$$libinit$$00000011  c_w.l(libinit2.o)
    0x080001f0   0x080001f0   0x00000000   Code   RO         1084    .ARM.Collect$$libinit$$00000013  c_w.l(libinit2.o)
    0x080001f0   0x080001f0   0x00000000   Code   RO         1086    .ARM.Collect$$libinit$$00000015  c_w.l(libinit2.o)
    0x080001f0   0x080001f0   0x00000000   Code   RO         1088    .ARM.Collect$$libinit$$00000017  c_w.l(libinit2.o)
    0x080001f0   0x080001f0   0x00000000   Code   RO         1090    .ARM.Collect$$libinit$$00000019  c_w.l(libinit2.o)
    0x080001f0   0x080001f0   0x00000000   Code   RO         1092    .ARM.Collect$$libinit$$0000001B  c_w.l(libinit2.o)
    0x080001f0   0x080001f0   0x00000000   Code   RO         1094    .ARM.Collect$$libinit$$0000001D  c_w.l(libinit2.o)
    0x080001f0   0x080001f0   0x00000000   Code   RO         1096    .ARM.Collect$$libinit$$0000001F  c_w.l(libinit2.o)
    0x080001f0   0x080001f0   0x00000000   Code   RO         1098    .ARM.Collect$$libinit$$00000021  c_w.l(libinit2.o)
    0x080001f0   0x080001f0   0x00000000   Code   RO         1100    .ARM.Collect$$libinit$$00000023  c_w.l(libinit2.o)
    0x080001f0   0x080001f0   0x00000000   Code   RO         1102    .ARM.Collect$$libinit$$00000025  c_w.l(libinit2.o)
    0x080001f0   0x080001f0   0x00000000   Code   RO         1106    .ARM.Collect$$libinit$$0000002C  c_w.l(libinit2.o)
    0x080001f0   0x080001f0   0x00000000   Code   RO         1108    .ARM.Collect$$libinit$$0000002E  c_w.l(libinit2.o)
    0x080001f0   0x080001f0   0x00000000   Code   RO         1110    .ARM.Collect$$libinit$$00000030  c_w.l(libinit2.o)
    0x080001f0   0x080001f0   0x00000000   Code   RO         1112    .ARM.Collect$$libinit$$00000032  c_w.l(libinit2.o)
    0x080001f0   0x080001f0   0x00000002   Code   RO         1113    .ARM.Collect$$libinit$$00000033  c_w.l(libinit2.o)
    0x080001f2   0x080001f2   0x00000002   Code   RO         1133    .ARM.Collect$$libshutdown$$00000000  c_w.l(libshutdown.o)
    0x080001f4   0x080001f4   0x00000000   Code   RO         1143    .ARM.Collect$$libshutdown$$00000002  c_w.l(libshutdown2.o)
    0x080001f4   0x080001f4   0x00000000   Code   RO         1145    .ARM.Collect$$libshutdown$$00000004  c_w.l(libshutdown2.o)
    0x080001f4   0x080001f4   0x00000000   Code   RO         1148    .ARM.Collect$$libshutdown$$00000007  c_w.l(libshutdown2.o)
    0x080001f4   0x080001f4   0x00000000   Code   RO         1151    .ARM.Collect$$libshutdown$$0000000A  c_w.l(libshutdown2.o)
    0x080001f4   0x080001f4   0x00000000   Code   RO         1153    .ARM.Collect$$libshutdown$$0000000C  c_w.l(libshutdown2.o)
    0x080001f4   0x080001f4   0x00000000   Code   RO         1156    .ARM.Collect$$libshutdown$$0000000F  c_w.l(libshutdown2.o)
    0x080001f4   0x080001f4   0x00000002   Code   RO         1157    .ARM.Collect$$libshutdown$$00000010  c_w.l(libshutdown2.o)
    0x080001f6   0x080001f6   0x00000000   Code   RO          980    .ARM.Collect$$rtentry$$00000000  c_w.l(__rtentry.o)
    0x080001f6   0x080001f6   0x00000000   Code   RO         1021    .ARM.Collect$$rtentry$$00000002  c_w.l(__rtentry2.o)
    0x080001f6   0x080001f6   0x00000006   Code   RO         1033    .ARM.Collect$$rtentry$$00000004  c_w.l(__rtentry4.o)
    0x080001fc   0x080001fc   0x00000000   Code   RO         1023    .ARM.Collect$$rtentry$$00000009  c_w.l(__rtentry2.o)
    0x080001fc   0x080001fc   0x00000004   Code   RO         1024    .ARM.Collect$$rtentry$$0000000A  c_w.l(__rtentry2.o)
    0x08000200   0x08000200   0x00000000   Code   RO         1026    .ARM.Collect$$rtentry$$0000000C  c_w.l(__rtentry2.o)
    0x08000200   0x08000200   0x00000008   Code   RO         1027    .ARM.Collect$$rtentry$$0000000D  c_w.l(__rtentry2.o)
    0x08000208   0x08000208   0x00000002   Code   RO         1067    .ARM.Collect$$rtexit$$00000000  c_w.l(rtexit.o)
    0x0800020a   0x0800020a   0x00000000   Code   RO         1117    .ARM.Collect$$rtexit$$00000002  c_w.l(rtexit2.o)
    0x0800020a   0x0800020a   0x00000004   Code   RO         1118    .ARM.Collect$$rtexit$$00000003  c_w.l(rtexit2.o)
    0x0800020e   0x0800020e   0x00000006   Code   RO         1119    .ARM.Collect$$rtexit$$00000004  c_w.l(rtexit2.o)
    0x08000214   0x08000214   0x000001a8   Code   RO            1    .text               main.o
    0x080003bc   0x080003bc   0x0000001a   Code   RO          211    .text               stm32f10x_it.o
    0x080003d6   0x080003d6   0x00000002   PAD
    0x080003d8   0x080003d8   0x000001e0   Code   RO          252    .text               system_stm32f10x.o
    0x080005b8   0x080005b8   0x000001c8   Code   RO          371    .text               exti.o
    0x08000780   0x08000780   0x000001ac   Code   RO          387    .text               can_hw.o
    0x0800092c   0x0800092c   0x00000060   Code   RO          436    .text               timer3.o
    0x0800098c   0x0800098c   0x000000d4   Code   RO          448    .text               delay.o
    0x08000a60   0x08000a60   0x00000144   Code   RO          479    .text               usart.o
    0x08000ba4   0x08000ba4   0x00000040   Code   RO          515    .text               startup_stm32f10x_hd.o
    0x08000be4   0x08000be4   0x000000dc   Code   RO          519    .text               misc.o
    0x08000cc0   0x08000cc0   0x0000035c   Code   RO          531    .text               stm32f10x_gpio.o
    0x0800101c   0x0800101c   0x000003a4   Code   RO          543    .text               stm32f10x_rcc.o
    0x080013c0   0x080013c0   0x00000408   Code   RO          557    .text               stm32f10x_usart.o
    0x080017c8   0x080017c8   0x000009f0   Code   RO          581    .text               stm32f10x_can.o
    0x080021b8   0x080021b8   0x00000e1a   Code   RO          605    .text               stm32f10x_tim.o
    0x08002fd2   0x08002fd2   0x00000002   PAD
    0x08002fd4   0x08002fd4   0x0000011c   Code   RO          629    .text               stm32f10x_exti.o
    0x080030f0   0x080030f0   0x000002be   Code   RO          680    .text               emcy.o
    0x080033ae   0x080033ae   0x00000002   PAD
    0x080033b0   0x080033b0   0x000003d4   Code   RO          695    .text               lifegrd.o
    0x08003784   0x08003784   0x00000084   Code   RO          716    .text               nmtmaster.o
    0x08003808   0x08003808   0x0000010e   Code   RO          728    .text               nmtslave.o
    0x08003916   0x08003916   0x00000002   PAD
    0x08003918   0x08003918   0x000002f0   Code   RO          740    .text               objacces.o
    0x08003c08   0x08003c08   0x000009f4   Code   RO          752    .text               pdo.o
    0x080045fc   0x080045fc   0x0000368c   Code   RO          764    .text               sdo.o
    0x08007c88   0x08007c88   0x0000041c   Code   RO          812    .text               states.o
    0x080080a4   0x080080a4   0x00000124   Code   RO          825    .text               sync.o
    0x080081c8   0x080081c8   0x00000198   Code   RO          837    .text               timer.o
    0x08008360   0x08008360   0x000000dc   Code   RO          856    .text               stm32_canfestival.o
    0x0800843c   0x0800843c   0x00000100   Code   RO          871    .text               testmaster.o
    0x0800853c   0x0800853c   0x00000002   Code   RO          894    .text               c_w.l(use_no_semi_2.o)
    0x0800853e   0x0800853e   0x00000002   PAD
    0x08008540   0x08008540   0x00000018   Code   RO          898    .text               c_w.l(noretval__2printf.o)
    0x08008558   0x08008558   0x00000068   Code   RO          900    .text               c_w.l(__printf.o)
    0x080085c0   0x080085c0   0x00000078   Code   RO          902    .text               c_w.l(_printf_dec.o)
    0x08008638   0x08008638   0x00000058   Code   RO          926    .text               c_w.l(memcmp.o)
    0x08008690   0x08008690   0x0000008a   Code   RO          928    .text               c_w.l(rt_memcpy_v6.o)
    0x0800871a   0x0800871a   0x00000006   Code   RO          930    .text               c_w.l(heapauxi.o)
    0x08008720   0x08008720   0x00000002   Code   RO          978    .text               c_w.l(use_no_semi.o)
    0x08008722   0x08008722   0x00000016   Code   RO          981    .text               c_w.l(_rserrno.o)
    0x08008738   0x08008738   0x000000b2   Code   RO          983    .text               c_w.l(_printf_intcommon.o)
    0x080087ea   0x080087ea   0x00000002   PAD
    0x080087ec   0x080087ec   0x00000024   Code   RO          985    .text               c_w.l(_printf_char_file.o)
    0x08008810   0x08008810   0x00000064   Code   RO          988    .text               c_w.l(rt_memcpy_w.o)
    0x08008874   0x08008874   0x00000008   Code   RO         1038    .text               c_w.l(rt_errno_addr_intlibspace.o)
    0x0800887c   0x0800887c   0x00000030   Code   RO         1040    .text               c_w.l(_printf_char_common.o)
    0x080088ac   0x080088ac   0x00000008   Code   RO         1042    .text               c_w.l(ferror.o)
    0x080088b4   0x080088b4   0x00000008   Code   RO         1050    .text               c_w.l(libspace.o)
    0x080088bc   0x080088bc   0x0000004a   Code   RO         1053    .text               c_w.l(sys_stackheap_outer.o)
    0x08008906   0x08008906   0x00000012   Code   RO         1057    .text               c_w.l(exit.o)
    0x08008918   0x08008918   0x000000aa   Code   RO         1017    i.__kernel_poly     m_ws.l(poly.o)
    0x080089c2   0x080089c2   0x00000002   PAD
    0x080089c4   0x080089c4   0x00000010   Code   RO         1003    i.__mathlib_dbl_divzero  m_ws.l(dunder.o)
    0x080089d4   0x080089d4   0x00000006   Code   RO         1004    i.__mathlib_dbl_infnan  m_ws.l(dunder.o)
    0x080089da   0x080089da   0x0000000c   Code   RO         1006    i.__mathlib_dbl_invalid  m_ws.l(dunder.o)
    0x080089e6   0x080089e6   0x00000002   PAD
    0x080089e8   0x080089e8   0x0000035c   Code   RO          969    i.log               m_ws.l(log.o)
    0x08008d44   0x08008d44   0x00000150   Code   RO          934    x$fpl$dadd          fz_ws.l(daddsub_clz.o)
    0x08008e94   0x08008e94   0x00000010   Code   RO         1046    x$fpl$dcheck1       fz_ws.l(dcheck1.o)
    0x08008ea4   0x08008ea4   0x00000018   Code   RO         1048    x$fpl$dcmpinf       fz_ws.l(dcmpi.o)
    0x08008ebc   0x08008ebc   0x000002b0   Code   RO          941    x$fpl$ddiv          fz_ws.l(ddiv.o)
    0x0800916c   0x0800916c   0x00000078   Code   RO          990    x$fpl$deqf          fz_ws.l(deqf.o)
    0x080091e4   0x080091e4   0x0000002e   Code   RO          945    x$fpl$dflt          fz_ws.l(dflt_clz.o)
    0x08009212   0x08009212   0x00000002   PAD
    0x08009214   0x08009214   0x00000154   Code   RO          950    x$fpl$dmul          fz_ws.l(dmul.o)
    0x08009368   0x08009368   0x0000009c   Code   RO          992    x$fpl$dnaninf       fz_ws.l(dnaninf.o)
    0x08009404   0x08009404   0x0000000c   Code   RO          994    x$fpl$dretinf       fz_ws.l(dretinf.o)
    0x08009410   0x08009410   0x00000016   Code   RO          935    x$fpl$drsb          fz_ws.l(daddsub_clz.o)
    0x08009426   0x08009426   0x00000002   PAD
    0x08009428   0x08009428   0x000001d4   Code   RO          936    x$fpl$dsub          fz_ws.l(daddsub_clz.o)
    0x080095fc   0x080095fc   0x00000064   Code   RO         1065    x$fpl$retnan        fz_ws.l(retnan.o)
    0x08009660   0x08009660   0x0000005c   Code   RO         1000    x$fpl$scalbn        fz_ws.l(scalbn.o)
    0x080096bc   0x080096bc   0x00000030   Code   RO         1114    x$fpl$trapveneer    fz_ws.l(trapv.o)
    0x080096ec   0x080096ec   0x00000000   Code   RO         1002    x$fpl$usenofp       fz_ws.l(usenofp.o)
    0x080096ec   0x080096ec   0x00000040   Data   RO          813    .constdata          states.o
    0x0800972c   0x0800972c   0x00000096   Data   RO          872    .constdata          testmaster.o
    0x080097c2   0x080097c2   0x00000006   PAD
    0x080097c8   0x080097c8   0x00000038   Data   RO          970    .constdata          m_ws.l(log.o)
    0x08009800   0x08009800   0x00000008   Data   RO         1019    .constdata          m_ws.l(qnan.o)
    0x08009808   0x08009808   0x00000001   Data   RO          873    .conststring        testmaster.o
    0x08009809   0x08009809   0x00000003   PAD
    0x0800980c   0x0800980c   0x0000000e   Data   RO          874    .conststrlit        testmaster.o
    0x0800981a   0x0800981a   0x00000002   PAD
    0x0800981c   0x0800981c   0x00000020   Data   RO         1189    Region$$Table       anon$$obj.o


    Execution Region RW_IRAM1 (Exec base: 0x20000000, Load base: 0x0800983c, Size: 0x00000d40, Max: 0x00005000, ABSOLUTE, COMPRESSED[0x000001b0])

    Exec Addr    Load Addr    Size         Type   Attr      Idx    E Section Name        Object

    0x20000000   COMPRESSED   0x00000001   Data   RW            2    .data               main.o
    0x20000001   COMPRESSED   0x00000003   PAD
    0x20000004   COMPRESSED   0x00000014   Data   RW          253    .data               system_stm32f10x.o
    0x20000018   COMPRESSED   0x00000004   Data   RW          449    .data               delay.o
    0x2000001c   COMPRESSED   0x00000006   Data   RW          481    .data               usart.o
    0x20000022   COMPRESSED   0x00000014   Data   RW          544    .data               stm32f10x_rcc.o
    0x20000036   COMPRESSED   0x00000002   PAD
    0x20000038   COMPRESSED   0x0000000c   Data   RW          839    .data               timer.o
    0x20000044   COMPRESSED   0x00000010   Data   RW          857    .data               stm32_canfestival.o
    0x20000054   COMPRESSED   0x00000500   Data   RW          875    .data               testmaster.o
    0x20000554        -       0x000000c8   Zero   RW          480    .bss                usart.o
    0x2000061c        -       0x000000c0   Zero   RW          838    .bss                timer.o
    0x200006dc        -       0x00000060   Zero   RW         1051    .bss                c_w.l(libspace.o)
    0x2000073c   COMPRESSED   0x00000004   PAD
    0x20000740        -       0x00000200   Zero   RW          513    HEAP                startup_stm32f10x_hd.o
    0x20000940        -       0x00000400   Zero   RW          512    STACK               startup_stm32f10x_hd.o


==============================================================================

Image component sizes


      Code (inc. data)   RO Data    RW Data    ZI Data      Debug   Object Name

       428         14          0          0          0      11999   can_hw.o
       212         18          0          4          0        995   delay.o
       702          0          0          0          0       3215   emcy.o
       456        106          0          0          0       1465   exti.o
       980          8          0          0          0       5031   lifegrd.o
       424         90          0          1          0     264144   main.o
       220         22          0          0          0       1753   misc.o
       132          0          0          0          0       1321   nmtmaster.o
       270          0          0          0          0       1060   nmtslave.o
       752         16          0          0          0       3540   objacces.o
      2548          4          0          0          0       7502   pdo.o
     13964        138          0          0          0      29810   sdo.o
        64         26        304          0       1536        780   startup_stm32f10x_hd.o
      1052         22         64          0          0       4051   states.o
       220         62          0         16          0       1209   stm32_canfestival.o
      2544         38          0          0          0       7980   stm32f10x_can.o
       284         10          0          0          0       2207   stm32f10x_exti.o
       860         38          0          0          0       5685   stm32f10x_gpio.o
        26          0          0          0          0       1158   stm32f10x_it.o
       932         36          0         20          0       8840   stm32f10x_rcc.o
      3610         88          0          0          0      22792   stm32f10x_tim.o
      1032         22          0          0          0       8412   stm32f10x_usart.o
       292          4          0          0          0       2190   sync.o
         0          0          0          0          0         32   sys.o
       480         38          0         20          0       1671   system_stm32f10x.o
       256         24        165       1280          0       7498   testmaster.o
       408         14          0         12        192       3002   timer.o
        96          6          0          0          0        536   timer3.o
       324         18          0          6        200       3146   usart.o

    ----------------------------------------------------------------------
     33576        862        576       1364       1928     413024   Object Totals
         0          0         32          0          0          0   (incl. Generated)
         8          0         11          5          0          0   (incl. Padding)

    ----------------------------------------------------------------------

      Code (inc. data)   RO Data    RW Data    ZI Data      Debug   Library Member Name

        90          0          0          0          0          0   __dczerorl2.o
         8          0          0          0          0         68   __main.o
       104          0          0          0          0         84   __printf.o
         0          0          0          0          0          0   __rtentry.o
        12          0          0          0          0          0   __rtentry2.o
         6          0          0          0          0          0   __rtentry4.o
        52          8          0          0          0          0   __scatter.o
        28          0          0          0          0          0   __scatter_zi.o
        48          6          0          0          0         96   _printf_char_common.o
        36          4          0          0          0         80   _printf_char_file.o
       120         16          0          0          0         92   _printf_dec.o
       178          0          0          0          0         88   _printf_intcommon.o
         0          0          0          0          0          0   _printf_percent.o
         4          0          0          0          0          0   _printf_percent_end.o
         6          0          0          0          0          0   _printf_u.o
        22          0          0          0          0        100   _rserrno.o
        18          0          0          0          0         80   exit.o
         8          0          0          0          0         68   ferror.o
         6          0          0          0          0        152   heapauxi.o
         2          0          0          0          0          0   libinit.o
         2          0          0          0          0          0   libinit2.o
         2          0          0          0          0          0   libshutdown.o
         2          0          0          0          0          0   libshutdown2.o
         8          4          0          0         96         68   libspace.o
        88          0          0          0          0         76   memcmp.o
        24          4          0          0          0         84   noretval__2printf.o
         8          4          0          0          0         68   rt_errno_addr_intlibspace.o
       138          0          0          0          0         68   rt_memcpy_v6.o
       100          0          0          0          0         80   rt_memcpy_w.o
         2          0          0          0          0          0   rtexit.o
        10          0          0          0          0          0   rtexit2.o
        74          0          0          0          0         80   sys_stackheap_outer.o
         2          0          0          0          0         68   use_no_semi.o
         2          0          0          0          0         68   use_no_semi_2.o
       826         16          0          0          0        348   daddsub_clz.o
        16          4          0          0          0         68   dcheck1.o
        24          0          0          0          0         68   dcmpi.o
       688        140          0          0          0        208   ddiv.o
       120          4          0          0          0         92   deqf.o
        46          0          0          0          0         68   dflt_clz.o
       340         12          0          0          0        104   dmul.o
       156          4          0          0          0         92   dnaninf.o
        12          0          0          0          0         68   dretinf.o
       100          0          0          0          0         68   retnan.o
        92          0          0          0          0         68   scalbn.o
        48          0          0          0          0         68   trapv.o
         0          0          0          0          0          0   usenofp.o
        34          4          0          0          0        204   dunder.o
       860         52         56          0          0        256   log.o
       170          0          0          0          0         96   poly.o
         0          0          8          0          0          0   qnan.o

    ----------------------------------------------------------------------
      4756        282         64          0        100       3444   Library Totals
        14          0          0          0          4          0   (incl. Padding)

    ----------------------------------------------------------------------

      Code (inc. data)   RO Data    RW Data    ZI Data      Debug   Library Name

      1210         46          0          0         96       1568   c_w.l
      2468        180          0          0          0       1320   fz_ws.l
      1064         56         64          0          0        556   m_ws.l

    ----------------------------------------------------------------------
      4756        282         64          0        100       3444   Library Totals

    ----------------------------------------------------------------------

==============================================================================


      Code (inc. data)   RO Data    RW Data    ZI Data      Debug   

     38332       1144        640       1364       2028     412252   Grand Totals
     38332       1144        640        432       2028     412252   ELF Image Totals (compressed)
     38332       1144        640        432          0          0   ROM Totals

==============================================================================

    Total RO  Size (Code + RO Data)                38972 (  38.06kB)
    Total RW  Size (RW Data + ZI Data)              3392 (   3.31kB)
    Total ROM Size (Code + RO Data + RW Data)      39404 (  38.48kB)

==============================================================================

