Component: ARM Compiler 5.06 update 6 (build 750) Tool: armlink [4d35ed]

==============================================================================

Section Cross References

    main.o(.text) refers to delay.o(.text) for delay_init
    main.o(.text) refers to misc.o(.text) for NVIC_PriorityGroupConfig
    main.o(.text) refers to usart.o(.text) for uart_init
    main.o(.text) refers to can_hw.o(.text) for CAN_Mode_Init
    main.o(.text) refers to noretval__2printf.o(.text) for __2printf
    main.o(.text) refers to states.o(.text) for setNodeId
    main.o(.text) refers to timer3.o(.text) for TIM3_Init
    main.o(.text) refers to objacces.o(.text) for _setODentry
    main.o(.text) refers to main.o(.data) for nodeID
    main.o(.text) refers to testslave.o(.data) for TestSlave_Data
    system_stm32f10x.o(.text) refers to system_stm32f10x.o(.data) for SystemCoreClock
    led.o(.text) refers to stm32f10x_rcc.o(.text) for RCC_APB2PeriphClockCmd
    led.o(.text) refers to stm32f10x_gpio.o(.text) for GPIO_Init
    key.o(.text) refers to stm32f10x_rcc.o(.text) for RCC_APB2PeriphClockCmd
    key.o(.text) refers to stm32f10x_gpio.o(.text) for GPIO_Init
    key.o(.text) refers to delay.o(.text) for delay_ms
    key.o(.text) refers to key.o(.data) for key_up
    oled.o(.text) refers to stm32f10x_rcc.o(.text) for RCC_APB2PeriphClockCmd
    oled.o(.text) refers to stm32f10x_gpio.o(.text) for GPIO_Init
    oled.o(.text) refers to oled.o(.bss) for OLED_GRAM
    oled.o(.text) refers to oled.o(.constdata) for asc2_1206
    oled.o(.text) refers to delay.o(.text) for delay_ms
    beep.o(.text) refers to timpwm.o(.text) for TIM1_PWM_Init
    beep.o(.text) refers to stm32f10x_tim.o(.text) for TIM_SetCompare1
    timpwm.o(.text) refers to stm32f10x_rcc.o(.text) for RCC_APB2PeriphClockCmd
    timpwm.o(.text) refers to stm32f10x_gpio.o(.text) for GPIO_Init
    timpwm.o(.text) refers to stm32f10x_tim.o(.text) for TIM_TimeBaseInit
    timpwm.o(.text) refers to timpwm.o(.bss) for TIM_TimeBaseStructure
    adc.o(.text) refers to stm32f10x_rcc.o(.text) for RCC_APB2PeriphClockCmd
    adc.o(.text) refers to stm32f10x_gpio.o(.text) for GPIO_Init
    adc.o(.text) refers to stm32f10x_adc.o(.text) for ADC_DeInit
    adc.o(.text) refers to delay.o(.text) for delay_ms
    ws2811_rgb.o(.text) refers to stm32f10x_rcc.o(.text) for RCC_APB2PeriphClockCmd
    ws2811_rgb.o(.text) refers to stm32f10x_gpio.o(.text) for GPIO_PinRemapConfig
    ws2811_rgb.o(.text) refers to delay.o(.text) for delay_us
    ws2811_rgb.o(.text) refers to fflt_clz.o(x$fpl$ffltu) for __aeabi_ui2f
    ws2811_rgb.o(.text) refers to fflt_clz.o(x$fpl$fflt) for __aeabi_i2f
    ws2811_rgb.o(.text) refers to fdiv.o(x$fpl$fdiv) for __aeabi_fdiv
    ws2811_rgb.o(.text) refers to fmul.o(x$fpl$fmul) for __aeabi_fmul
    ws2811_rgb.o(.text) refers to ffix.o(x$fpl$ffix) for __aeabi_f2iz
    ws2811_rgb.o(.text) refers to ws2811_rgb.o(.data) for WsDat
    exti.o(.text) refers to stm32f10x_rcc.o(.text) for RCC_APB2PeriphClockCmd
    exti.o(.text) refers to stm32f10x_gpio.o(.text) for GPIO_PinRemapConfig
    exti.o(.text) refers to stm32f10x_exti.o(.text) for EXTI_Init
    exti.o(.text) refers to misc.o(.text) for NVIC_Init
    exti.o(.text) refers to noretval__2printf.o(.text) for __2printf
    can_hw.o(.text) refers to stm32f10x_rcc.o(.text) for RCC_APB2PeriphClockCmd
    can_hw.o(.text) refers to stm32f10x_gpio.o(.text) for GPIO_Init
    can_hw.o(.text) refers to stm32f10x_can.o(.text) for CAN_Init
    can_hw.o(.text) refers to misc.o(.text) for NVIC_Init
    can_hw.o(.text) refers to states.o(.text) for canDispatch
    can_hw.o(.text) refers to testslave.o(.data) for TestSlave_Data
    timer3.o(.text) refers to stm32f10x_rcc.o(.text) for RCC_APB1PeriphClockCmd
    timer3.o(.text) refers to stm32f10x_tim.o(.text) for TIM_TimeBaseInit
    timer3.o(.text) refers to misc.o(.text) for NVIC_Init
    delay.o(.text) refers to misc.o(.text) for SysTick_CLKSourceConfig
    delay.o(.text) refers to system_stm32f10x.o(.data) for SystemCoreClock
    delay.o(.text) refers to delay.o(.data) for fac_us
    usart.o(.text) refers (Special) to use_no_semi_2.o(.text) for __use_no_semihosting
    usart.o(.text) refers to stm32f10x_rcc.o(.text) for RCC_APB2PeriphClockCmd
    usart.o(.text) refers to stm32f10x_gpio.o(.text) for GPIO_Init
    usart.o(.text) refers to misc.o(.text) for NVIC_Init
    usart.o(.text) refers to stm32f10x_usart.o(.text) for USART_Init
    usart.o(.text) refers to usart.o(.data) for USART_RX_STA
    usart.o(.text) refers to usart.o(.bss) for USART_RX_BUF
    usart.o(.bss) refers (Special) to use_no_semi_2.o(.text) for __use_no_semihosting
    usart.o(.data) refers (Special) to use_no_semi_2.o(.text) for __use_no_semihosting
    startup_stm32f10x_hd.o(STACK) refers (Special) to heapauxi.o(.text) for __use_two_region_memory
    startup_stm32f10x_hd.o(HEAP) refers (Special) to heapauxi.o(.text) for __use_two_region_memory
[...]
    ../fplib/fmul.s                          0x00000000   Number         0  fmul.o ABSOLUTE
    ../fplib/fnaninf.s                       0x00000000   Number         0  fnaninf.o ABSOLUTE
    ../fplib/fpinit.s                        0x00000000   Number         0  fpinit.o ABSOLUTE
    ../fplib/fretinf.s                       0x00000000   Number         0  fretinf.o ABSOLUTE
    ../fplib/usenofp.s                       0x00000000   Number         0  usenofp.o ABSOLUTE
    ..\CORE\core_cm3.c                       0x00000000   Number         0  core_cm3.o ABSOLUTE
    ..\CORE\startup_stm32f10x_hd.s           0x00000000   Number         0  startup_stm32f10x_hd.o ABSOLUTE
    ..\CanFestival\driver\TestSlave.c        0x00000000   Number         0  testslave.o ABSOLUTE
    ..\CanFestival\driver\stm32_canfestival.c 0x00000000   Number         0  stm32_canfestival.o ABSOLUTE
    ..\CanFestival\src\dcf.c                 0x00000000   Number         0  dcf.o ABSOLUTE
    ..\CanFestival\src\emcy.c                0x00000000   Number         0  emcy.o ABSOLUTE
    ..\CanFestival\src\lifegrd.c             0x00000000   Number         0  lifegrd.o ABSOLUTE
    ..\CanFestival\src\lss.c                 0x00000000   Number         0  lss.o ABSOLUTE
    ..\CanFestival\src\nmtMaster.c           0x00000000   Number         0  nmtmaster.o ABSOLUTE
    ..\CanFestival\src\nmtSlave.c            0x00000000   Number         0  nmtslave.o ABSOLUTE
    ..\CanFestival\src\objacces.c            0x00000000   Number         0  objacces.o ABSOLUTE
    ..\CanFestival\src\pdo.c                 0x00000000   Number         0  pdo.o ABSOLUTE
    ..\CanFestival\src\sdo.c                 0x00000000   Number         0  sdo.o ABSOLUTE
    ..\CanFestival\src\states.c              0x00000000   Number         0  states.o ABSOLUTE
    ..\CanFestival\src\sync.c                0x00000000   Number         0  sync.o ABSOLUTE
    ..\CanFestival\src\timer.c               0x00000000   Number         0  timer.o ABSOLUTE
    ..\HARDWARE\ADC\adc.c                    0x00000000   Number         0  adc.o ABSOLUTE
    ..\HARDWARE\BEEP\beep.c                  0x00000000   Number         0  beep.o ABSOLUTE
    ..\HARDWARE\CAN\can_hw.c                 0x00000000   Number         0  can_hw.o ABSOLUTE
    ..\HARDWARE\EXTI\exti.c                  0x00000000   Number         0  exti.o ABSOLUTE
    ..\HARDWARE\KEY\key.c                    0x00000000   Number         0  key.o ABSOLUTE
    ..\HARDWARE\LED\led.c                    0x00000000   Number         0  led.o ABSOLUTE
    ..\HARDWARE\OLED\oled.c                  0x00000000   Number         0  oled.o ABSOLUTE
    ..\HARDWARE\PWM\timpwm.c                 0x00000000   Number         0  timpwm.o ABSOLUTE
    ..\HARDWARE\RGB\ws2811_rgb.c             0x00000000   Number         0  ws2811_rgb.o ABSOLUTE
    ..\HARDWARE\TIMER3\timer3.c              0x00000000   Number         0  timer3.o ABSOLUTE
    ..\STM32F10x_FWLib\src\misc.c            0x00000000   Number         0  misc.o ABSOLUTE
    ..\STM32F10x_FWLib\src\stm32f10x_adc.c   0x00000000   Number         0  stm32f10x_adc.o ABSOLUTE
    ..\STM32F10x_FWLib\src\stm32f10x_can.c   0x00000000   Number         0  stm32f10x_can.o ABSOLUTE
    ..\STM32F10x_FWLib\src\stm32f10x_dma.c   0x00000000   Number         0  stm32f10x_dma.o ABSOLUTE
    ..\STM32F10x_FWLib\src\stm32f10x_exti.c  0x00000000   Number         0  stm32f10x_exti.o ABSOLUTE
    ..\STM32F10x_FWLib\src\stm32f10x_gpio.c  0x00000000   Number         0  stm32f10x_gpio.o ABSOLUTE
    ..\STM32F10x_FWLib\src\stm32f10x_iwdg.c  0x00000000   Number         0  stm32f10x_iwdg.o ABSOLUTE
    ..\STM32F10x_FWLib\src\stm32f10x_rcc.c   0x00000000   Number         0  stm32f10x_rcc.o ABSOLUTE
    ..\STM32F10x_FWLib\src\stm32f10x_tim.c   0x00000000   Number         0  stm32f10x_tim.o ABSOLUTE
    ..\STM32F10x_FWLib\src\stm32f10x_usart.c 0x00000000   Number         0  stm32f10x_usart.o ABSOLUTE
    ..\SYSTEM\delay\delay.c                  0x00000000   Number         0  delay.o ABSOLUTE
    ..\SYSTEM\sys\sys.c                      0x00000000   Number         0  sys.o ABSOLUTE
    ..\SYSTEM\usart\usart.c                  0x00000000   Number         0  usart.o ABSOLUTE
    ..\\CORE\\core_cm3.c                     0x00000000   Number         0  core_cm3.o ABSOLUTE
    ..\\SYSTEM\\sys\\sys.c                   0x00000000   Number         0  sys.o ABSOLUTE
    dc.s                                     0x00000000   Number         0  dc.o ABSOLUTE
    main.c                                   0x00000000   Number         0  main.o ABSOLUTE
    stm32f10x_it.c                           0x00000000   Number         0  stm32f10x_it.o ABSOLUTE
    system_stm32f10x.c                       0x00000000   Number         0  system_stm32f10x.o ABSOLUTE
    RESET                                    0x08000000   Section      304  startup_stm32f10x_hd.o(RESET)
    !!!main                                  0x08000130   Section        8  __main.o(!!!main)
    !!!scatter                               0x08000138   Section       52  __scatter.o(!!!scatter)
    !!dczerorl2                              0x0800016c   Section       90  __dczerorl2.o(!!dczerorl2)
    !!handler_zi                             0x080001c8   Section       28  __scatter_zi.o(!!handler_zi)
    .ARM.Collect$$libinit$$00000000          0x080001e4   Section        2  libinit.o(.ARM.Collect$$libinit$$00000000)
    .ARM.Collect$$libinit$$00000002          0x080001e6   Section        0  libinit2.o(.ARM.Collect$$libinit$$00000002)
    .ARM.Collect$$libinit$$00000004          0x080001e6   Section        0  libinit2.o(.ARM.Collect$$libinit$$00000004)
    .ARM.Collect$$libinit$$0000000A          0x080001e6   Section        0  libinit2.o(.ARM.Collect$$libinit$$0000000A)
    .ARM.Collect$$libinit$$0000000C          0x080001e6   Section        0  libinit2.o(.ARM.Collect$$libinit$$0000000C)
    .ARM.Collect$$libinit$$0000000E          0x080001e6   Section        0  libinit2.o(.ARM.Collect$$libinit$$0000000E)
    .ARM.Collect$$libinit$$00000011          0x080001e6   Section        0  libinit2.o(.ARM.Collect$$libinit$$00000011)
    .ARM.Collect$$libinit$$00000013          0x080001e6   Section        0  libinit2.o(.ARM.Collect$$libinit$$00000013)
    .ARM.Collect$$libinit$$00000015          0x080001e6   Section        0  libinit2.o(.ARM.Collect$$libinit$$00000015)
    .ARM.Collect$$libinit$$00000017          0x080001e6   Section        0  libinit2.o(.ARM.Collect$$libinit$$00000017)
    .ARM.Collect$$libinit$$00000019          0x080001e6   Section        0  libinit2.o(.ARM.Collect$$libinit$$00000019)
    .ARM.Collect$$libinit$$0000001B          0x080001e6   Section        0  libinit2.o(.ARM.Collect$$libinit$$0000001B)
    .ARM.Collect$$libinit$$0000001D          0x080001e6   Section        0  libinit2.o(.ARM.Collect$$libinit$$0000001D)
    .ARM.Collect$$libinit$$0000001F          0x080001e6   Section        0  libinit2.o(.ARM.Collect$$libinit$$0000001F)
    .ARM.Collect$$libinit$$00000021          0x080001e6   Section        0  libinit2.o(.ARM.Collect$$libinit$$00000021)
    .ARM.Collect$$libinit$$00000023          0x080001e6   Section        0  libinit2.o(.ARM.Collect$$libinit$$00000023)
    .ARM.Collect$$libinit$$00000025          0x080001e6   Section        0  libinit2.o(.ARM.Collect$$libinit$$00000025)
    .ARM.Collect$$libinit$$0000002C          0x080001e6   Section        0  libinit2.o(.ARM.Collect$$libinit$$0000002C)
    .ARM.Collect$$libinit$$0000002E          0x080001e6   Section        0  libinit2.o(.ARM.Collect$$libinit$$0000002E)
    .ARM.Collect$$libinit$$00000030          0x080001e6   Section        0  libinit2.o(.ARM.Collect$$libinit$$00000030)
    .ARM.Collect$$libinit$$00000032          0x080001e6   Section        0  libinit2.o(.ARM.Collect$$libinit$$00000032)
    .ARM.Collect$$libinit$$00000033          0x080001e6   Section        2  libinit2.o(.ARM.Collect$$libinit$$00000033)
    .ARM.Collect$$libshutdown$$00000000      0x080001e8   Section        2  libshutdown.o(.ARM.Collect$$libshutdown$$00000000)
    .ARM.Collect$$libshutdown$$00000002      0x080001ea   Section        0  libshutdown2.o(.ARM.Collect$$libshutdown$$00000002)
    .ARM.Collect$$libshutdown$$00000004      0x080001ea   Section        0  libshutdown2.o(.ARM.Collect$$libshutdown$$00000004)
    .ARM.Collect$$libshutdown$$00000007      0x080001ea   Section        0  libshutdown2.o(.ARM.Collect$$libshutdown$$00000007)
    .ARM.Collect$$libshutdown$$0000000A      0x080001ea   Section        0  libshutdown2.o(.ARM.Collect$$libshutdown$$0000000A)
    .ARM.Collect$$libshutdown$$0000000C      0x080001ea   Section        0  libshutdown2.o(.ARM.Collect$$libshutdown$$0000000C)
    .ARM.Collect$$libshutdown$$0000000F      0x080001ea   Section        0  libshutdown2.o(.ARM.Collect$$libshutdown$$0000000F)
    .ARM.Collect$$libshutdown$$00000010      0x080001ea   Section        2  libshutdown2.o(.ARM.Collect$$libshutdown$$00000010)
    .ARM.Collect$$rtentry$$00000000          0x080001ec   Section        0  __rtentry.o(.ARM.Collect$$rtentry$$00000000)
    .ARM.Collect$$rtentry$$00000002          0x080001ec   Section        0  __rtentry2.o(.ARM.Collect$$rtentry$$00000002)
    .ARM.Collect$$rtentry$$00000004          0x080001ec   Section        6  __rtentry4.o(.ARM.Collect$$rtentry$$00000004)
    .ARM.Collect$$rtentry$$00000009          0x080001f2   Section        0  __rtentry2.o(.ARM.Collect$$rtentry$$00000009)
    .ARM.Collect$$rtentry$$0000000A          0x080001f2   Section        4  __rtentry2.o(.ARM.Collect$$rtentry$$0000000A)
    .ARM.Collect$$rtentry$$0000000C          0x080001f6   Section        0  __rtentry2.o(.ARM.Collect$$rtentry$$0000000C)
    .ARM.Collect$$rtentry$$0000000D          0x080001f6   Section        8  __rtentry2.o(.ARM.Collect$$rtentry$$0000000D)
    .ARM.Collect$$rtexit$$00000000           0x080001fe   Section        2  rtexit.o(.ARM.Collect$$rtexit$$00000000)
    .ARM.Collect$$rtexit$$00000002           0x08000200   Section        0  rtexit2.o(.ARM.Collect$$rtexit$$00000002)
    .ARM.Collect$$rtexit$$00000003           0x08000200   Section        4  rtexit2.o(.ARM.Collect$$rtexit$$00000003)
    .ARM.Collect$$rtexit$$00000004           0x08000204   Section        6  rtexit2.o(.ARM.Collect$$rtexit$$00000004)
    .text                                    0x0800020c   Section        0  main.o(.text)
    .text                                    0x080002d0   Section        0  stm32f10x_it.o(.text)
    .text                                    0x080002ec   Section        0  system_stm32f10x.o(.text)
    SetSysClockTo72                          0x080002ed   Thumb Code   214  system_stm32f10x.o(.text)
    SetSysClock                              0x080003c3   Thumb Code     8  system_stm32f10x.o(.text)
    .text                                    0x080004cc   Section        0  exti.o(.text)
    .text                                    0x08000694   Section        0  can_hw.o(.text)
    .text                                    0x080008e0   Section        0  timer3.o(.text)
    .text                                    0x08000940   Section        0  delay.o(.text)
    .text                                    0x08000a14   Section        0  usart.o(.text)
    .text                                    0x08000b58   Section       64  startup_stm32f10x_hd.o(.text)
    .text                                    0x08000b98   Section        0  misc.o(.text)
    .text                                    0x08000c74   Section        0  stm32f10x_gpio.o(.text)
    .text                                    0x08000fd0   Section        0  stm32f10x_rcc.o(.text)
    .text                                    0x08001374   Section        0  stm32f10x_usart.o(.text)
    .text                                    0x0800177c   Section        0  stm32f10x_can.o(.text)
    CheckITStatus                            0x08001f7f   Thumb Code    18  stm32f10x_can.o(.text)
    .text                                    0x0800216c   Section        0  stm32f10x_tim.o(.text)
    TI4_Config                               0x08002613   Thumb Code   130  stm32f10x_tim.o(.text)
    TI3_Config                               0x080026a7   Thumb Code   122  stm32f10x_tim.o(.text)
    TI2_Config                               0x0800273b   Thumb Code   130  stm32f10x_tim.o(.text)
    TI1_Config                               0x080027cf   Thumb Code   108  stm32f10x_tim.o(.text)
    .text                                    0x08002f88   Section        0  stm32f10x_exti.o(.text)
    .text                                    0x080030a4   Section        0  emcy.o(.text)
    .text                                    0x08003364   Section        0  lifegrd.o(.text)
    .text                                    0x08003738   Section        0  nmtmaster.o(.text)
    .text                                    0x080037bc   Section        0  nmtslave.o(.text)
    .text                                    0x080038cc   Section        0  objacces.o(.text)
    .text                                    0x08003bbc   Section        0  pdo.o(.text)
    sendPdo                                  0x08003df9   Thumb Code    44  pdo.o(.text)
    .text                                    0x080045b0   Section        0  sdo.o(.text)
    .text                                    0x08007c3c   Section        0  states.o(.text)
    .text                                    0x08008058   Section        0  sync.o(.text)
    .text                                    0x0800817c   Section        0  timer.o(.text)
    .text                                    0x08008314   Section        0  stm32_canfestival.o(.text)
    .text                                    0x080083f0   Section        0  testslave.o(.text)
    .text                                    0x08008514   Section        2  use_no_semi_2.o(.text)
    .text                                    0x08008518   Section        0  noretval__2printf.o(.text)
    .text                                    0x08008530   Section        0  memcmp.o(.text)
    .text                                    0x08008588   Section      138  rt_memcpy_v6.o(.text)
    .text                                    0x08008612   Section        0  heapauxi.o(.text)
    .text                                    0x08008618   Section        2  use_no_semi.o(.text)
    .text                                    0x0800861c   Section        0  _printf_char_file.o(.text)
    .text                                    0x08008640   Section      100  rt_memcpy_w.o(.text)
    .text                                    0x080086a4   Section        0  _printf_char_common.o(.text)
    _printf_input_char                       0x080086a5   Thumb Code    10  _printf_char_common.o(.text)
    .text                                    0x080086d4   Section        0  ferror.o(.text)
    .text                                    0x080086dc   Section       74  sys_stackheap_outer.o(.text)
    .text                                    0x08008726   Section        0  __printf_nopercent.o(.text)
    .text                                    0x0800874e   Section        0  exit.o(.text)
    .text                                    0x08008760   Section        8  libspace.o(.text)
    .constdata                               0x08008768   Section       64  states.o(.constdata)
    .constdata                               0x080087a8   Section      150  testslave.o(.constdata)
    .data                                    0x20000000   Section        1  main.o(.data)
    .data                                    0x20000004   Section       20  system_stm32f10x.o(.data)
    .data                                    0x20000018   Section        4  delay.o(.data)
    fac_us                                   0x20000018   Data           1  delay.o(.data)
    fac_ms                                   0x2000001a   Data           2  delay.o(.data)
    .data                                    0x2000001c   Section        6  usart.o(.data)
    .data                                    0x20000022   Section       20  stm32f10x_rcc.o(.data)
    APBAHBPrescTable                         0x20000022   Data          16  stm32f10x_rcc.o(.data)
    ADCPrescTable                            0x20000032   Data           4  stm32f10x_rcc.o(.data)
    .data                                    0x20000038   Section       12  timer.o(.data)
    .data                                    0x20000044   Section       16  stm32_canfestival.o(.data)
    last_time_set                            0x20000050   Data           4  stm32_canfestival.o(.data)
    .data                                    0x20000054   Section     1280  testslave.o(.data)
    .bss                                     0x20000554   Section      200  usart.o(.bss)
    .bss                                     0x2000061c   Section      192  timer.o(.bss)
    .bss                                     0x200006dc   Section      132  testslave.o(.bss)
    .bss                                     0x20000760   Section       96  libspace.o(.bss)
    HEAP                                     0x200007c0   Section      512  startup_stm32f10x_hd.o(HEAP)
    Heap_Mem                                 0x200007c0   Data         512  startup_stm32f10x_hd.o(HEAP)
    STACK                                    0x200009c0   Section     1024  startup_stm32f10x_hd.o(STACK)
    Stack_Mem                                0x200009c0   Data        1024  startup_stm32f10x_hd.o(STACK)
    __initial_sp                             0x20000dc0   Data           0  startup_stm32f10x_hd.o(STACK)

    Global Symbols

    Symbol Name                              Value     Ov Type        Size  Object(Section)

    BuildAttributes$$THM_ISAv4$P$D$K$B$S$PE$A:L22UL41UL21$X:L11$S22US41US21$IEEE1$IW$USESV6$~STKCKD$USESV7$~SHL$OSPACE$ROPI$EBA8$UX$STANDARDLIB$REQ8$PRES8$EABIv2 0x00000000   Number         0  anon$$obj.o ABSOLUTE
    __ARM_use_no_argv                        0x00000000   Number         0  main.o ABSOLUTE
    __ARM_exceptions_init                     - Undefined Weak Reference
    __alloca_initialize                       - Undefined Weak Reference
    __arm_preinit_                            - Undefined Weak Reference
    __cpp_initialize__aeabi_                  - Undefined Weak Reference
    __cxa_finalize                            - Undefined Weak Reference
    __rt_locale                               - Undefined Weak Reference
    __sigvec_lookup                           - Undefined Weak Reference
    _atexit_init                              - Undefined Weak Reference
    _call_atexit_fns                          - Undefined Weak Reference
    _clock_init                               - Undefined Weak Reference
    _fp_trap_init                             - Undefined Weak Reference
    _fp_trap_shutdown                         - Undefined Weak Reference
    _get_lc_collate                           - Undefined Weak Reference
    _get_lc_ctype                             - Undefined Weak Reference
    _get_lc_monetary                          - Undefined Weak Reference
    _get_lc_numeric                           - Undefined Weak Reference
    _get_lc_time                              - Undefined Weak Reference
    _getenv_init                              - Undefined Weak Reference
    _handle_redirection                       - Undefined Weak Reference
    _init_alloc                               - Undefined Weak Reference
    _init_user_alloc                          - Undefined Weak Reference
    _initio                                   - Undefined Weak Reference
    _mutex_acquire                            - Undefined Weak Reference
    _mutex_release                            - Undefined Weak Reference
    _rand_init                                - Undefined Weak Reference
    _signal_finish                            - Undefined Weak Reference
    _signal_init                              - Undefined Weak Reference
    _terminate_alloc                          - Undefined Weak Reference
    _terminate_user_alloc                     - Undefined Weak Reference
    _terminateio                              - Undefined Weak Reference
    __Vectors_Size                           0x00000130   Number         0  startup_stm32f10x_hd.o ABSOLUTE
    __Vectors                                0x08000000   Data           4  startup_stm32f10x_hd.o(RESET)
    __Vectors_End                            0x08000130   Data           0  startup_stm32f10x_hd.o(RESET)
    __main                                   0x08000131   Thumb Code     8  __main.o(!!!main)
    __scatterload                            0x08000139   Thumb Code     0  __scatter.o(!!!scatter)
    __scatterload_rt2                        0x08000139   Thumb Code    44  __scatter.o(!!!scatter)
    __scatterload_rt2_thumb_only             0x08000139   Thumb Code     0  __scatter.o(!!!scatter)
    __scatterload_null                       0x08000147   Thumb Code     0  __scatter.o(!!!scatter)
    __decompress                             0x0800016d   Thumb Code    90  __dczerorl2.o(!!dczerorl2)
    __decompress1                            0x0800016d   Thumb Code     0  __dczerorl2.o(!!dczerorl2)
    __scatterload_zeroinit                   0x080001c9   Thumb Code    28  __scatter_zi.o(!!handler_zi)
    __rt_lib_init                            0x080001e5   Thumb Code     0  libinit.o(.ARM.Collect$$libinit$$00000000)
    __rt_lib_init_alloca_1                   0x080001e7   Thumb Code     0  libinit2.o(.ARM.Collect$$libinit$$0000002E)
    __rt_lib_init_argv_1                     0x080001e7   Thumb Code     0  libinit2.o(.ARM.Collect$$libinit$$0000002C)
    __rt_lib_init_atexit_1                   0x080001e7   Thumb Code     0  libinit2.o(.ARM.Collect$$libinit$$0000001B)
    __rt_lib_init_clock_1                    0x080001e7   Thumb Code     0  libinit2.o(.ARM.Collect$$libinit$$00000021)
    __rt_lib_init_cpp_1                      0x080001e7   Thumb Code     0  libinit2.o(.ARM.Collect$$libinit$$00000032)
    __rt_lib_init_exceptions_1               0x080001e7   Thumb Code     0  libinit2.o(.ARM.Collect$$libinit$$00000030)
    __rt_lib_init_fp_1                       0x080001e7   Thumb Code     0  libinit2.o(.ARM.Collect$$libinit$$00000002)
    __rt_lib_init_fp_trap_1                  0x080001e7   Thumb Code     0  libinit2.o(.ARM.Collect$$libinit$$0000001F)
    __rt_lib_init_getenv_1                   0x080001e7   Thumb Code     0  libinit2.o(.ARM.Collect$$libinit$$00000023)
    __rt_lib_init_heap_1                     0x080001e7   Thumb Code     0  libinit2.o(.ARM.Collect$$libinit$$0000000A)
    __rt_lib_init_lc_collate_1               0x080001e7   Thumb Code     0  libinit2.o(.ARM.Collect$$libinit$$00000011)
    __rt_lib_init_lc_ctype_1                 0x080001e7   Thumb Code     0  libinit2.o(.ARM.Collect$$libinit$$00000013)
    __rt_lib_init_lc_monetary_1              0x080001e7   Thumb Code     0  libinit2.o(.ARM.Collect$$libinit$$00000015)
    __rt_lib_init_lc_numeric_1               0x080001e7   Thumb Code     0  libinit2.o(.ARM.Collect$$libinit$$00000017)
    __rt_lib_init_lc_time_1                  0x080001e7   Thumb Code     0  libinit2.o(.ARM.Collect$$libinit$$00000019)
    __rt_lib_init_preinit_1                  0x080001e7   Thumb Code     0  libinit2.o(.ARM.Collect$$libinit$$00000004)
    __rt_lib_init_rand_1                     0x080001e7   Thumb Code     0  libinit2.o(.ARM.Collect$$libinit$$0000000E)
    __rt_lib_init_return                     0x080001e7   Thumb Code     0  libinit2.o(.ARM.Collect$$libinit$$00000033)
    __rt_lib_init_signal_1                   0x080001e7   Thumb Code     0  libinit2.o(.ARM.Collect$$libinit$$0000001D)
    __rt_lib_init_stdio_1                    0x080001e7   Thumb Code     0  libinit2.o(.ARM.Collect$$libinit$$00000025)
    __rt_lib_init_user_alloc_1               0x080001e7   Thumb Code     0  libinit2.o(.ARM.Collect$$libinit$$0000000C)
    __rt_lib_shutdown                        0x080001e9   Thumb Code     0  libshutdown.o(.ARM.Collect$$libshutdown$$00000000)
    __rt_lib_shutdown_cpp_1                  0x080001eb   Thumb Code     0  libshutdown2.o(.ARM.Collect$$libshutdown$$00000002)
    __rt_lib_shutdown_fp_trap_1              0x080001eb   Thumb Code     0  libshutdown2.o(.ARM.Collect$$libshutdown$$00000007)
    __rt_lib_shutdown_heap_1                 0x080001eb   Thumb Code     0  libshutdown2.o(.ARM.Collect$$libshutdown$$0000000F)
    __rt_lib_shutdown_return                 0x080001eb   Thumb Code     0  libshutdown2.o(.ARM.Collect$$libshutdown$$00000010)
    __rt_lib_shutdown_signal_1               0x080001eb   Thumb Code     0  libshutdown2.o(.ARM.Collect$$libshutdown$$0000000A)
    __rt_lib_shutdown_stdio_1                0x080001eb   Thumb Code     0  libshutdown2.o(.ARM.Collect$$libshutdown$$00000004)
    __rt_lib_shutdown_user_alloc_1           0x080001eb   Thumb Code     0  libshutdown2.o(.ARM.Collect$$libshutdown$$0000000C)
    __rt_entry                               0x080001ed   Thumb Code     0  __rtentry.o(.ARM.Collect$$rtentry$$00000000)
    __rt_entry_presh_1                       0x080001ed   Thumb Code     0  __rtentry2.o(.ARM.Collect$$rtentry$$00000002)
    __rt_entry_sh                            0x080001ed   Thumb Code     0  __rtentry4.o(.ARM.Collect$$rtentry$$00000004)
    __rt_entry_li                            0x080001f3   Thumb Code     0  __rtentry2.o(.ARM.Collect$$rtentry$$0000000A)
    __rt_entry_postsh_1                      0x080001f3   Thumb Code     0  __rtentry2.o(.ARM.Collect$$rtentry$$00000009)
    __rt_entry_main                          0x080001f7   Thumb Code     0  __rtentry2.o(.ARM.Collect$$rtentry$$0000000D)
    __rt_entry_postli_1                      0x080001f7   Thumb Code     0  __rtentry2.o(.ARM.Collect$$rtentry$$0000000C)
    __rt_exit                                0x080001ff   Thumb Code     0  rtexit.o(.ARM.Collect$$rtexit$$00000000)
    __rt_exit_ls                             0x08000201   Thumb Code     0  rtexit2.o(.ARM.Collect$$rtexit$$00000003)
    __rt_exit_prels_1                        0x08000201   Thumb Code     0  rtexit2.o(.ARM.Collect$$rtexit$$00000002)
    __rt_exit_exit                           0x08000205   Thumb Code     0  rtexit2.o(.ARM.Collect$$rtexit$$00000004)
    main                                     0x0800020d   Thumb Code   140  main.o(.text)
    NMI_Handler                              0x080002d1   Thumb Code     2  stm32f10x_it.o(.text)
    HardFault_Handler                        0x080002d3   Thumb Code     4  stm32f10x_it.o(.text)
    MemManage_Handler                        0x080002d7   Thumb Code     4  stm32f10x_it.o(.text)
    BusFault_Handler                         0x080002db   Thumb Code     4  stm32f10x_it.o(.text)
    UsageFault_Handler                       0x080002df   Thumb Code     4  stm32f10x_it.o(.text)
    SVC_Handler                              0x080002e3   Thumb Code     2  stm32f10x_it.o(.text)
    DebugMon_Handler                         0x080002e5   Thumb Code     2  stm32f10x_it.o(.text)
    PendSV_Handler                           0x080002e7   Thumb Code     2  stm32f10x_it.o(.text)
    SysTick_Handler                          0x080002e9   Thumb Code     2  stm32f10x_it.o(.text)
    SystemInit                               0x080003cb   Thumb Code    78  system_stm32f10x.o(.text)
    SystemCoreClockUpdate                    0x08000419   Thumb Code   142  system_stm32f10x.o(.text)
    EXTIX_Init                               0x080004cd   Thumb Code   206  exti.o(.text)
    EXTI0_IRQHandler                         0x0800059b   Thumb Code    24  exti.o(.text)
    EXTI1_IRQHandler                         0x080005b3   Thumb Code    24  exti.o(.text)
    EXTI2_IRQHandler                         0x080005cb   Thumb Code    24  exti.o(.text)
    EXTI3_IRQHandler                         0x080005e3   Thumb Code    24  exti.o(.text)
    EXTI4_IRQHandler                         0x080005fb   Thumb Code    24  exti.o(.text)
    EXTI9_5_IRQHandler                       0x08000613   Thumb Code    24  exti.o(.text)
    CAN_Mode_Init                            0x08000695   Thumb Code   240  can_hw.o(.text)
    USB_LP_CAN1_RX0_IRQHandler               0x08000785   Thumb Code    94  can_hw.o(.text)
    Can_Send_Msg                             0x080007e3   Thumb Code   104  can_hw.o(.text)
    canSend                                  0x0800084b   Thumb Code    80  can_hw.o(.text)
    Can_Receive_Msg                          0x0800089b   Thumb Code    56  can_hw.o(.text)
    TIM3_Init                                0x080008e1   Thumb Code    92  timer3.o(.text)
    delay_init                               0x08000941   Thumb Code    50  delay.o(.text)
    delay_us                                 0x08000973   Thumb Code    72  delay.o(.text)
    delay_ms                                 0x080009bb   Thumb Code    72  delay.o(.text)
    _sys_exit                                0x08000a15   Thumb Code     6  usart.o(.text)
    fputc                                    0x08000a1b   Thumb Code    24  usart.o(.text)
    uart_init                                0x08000a33   Thumb Code   154  usart.o(.text)
    USART2_IRQHandler                        0x08000acd   Thumb Code   122  usart.o(.text)
    Reset_Handler                            0x08000b59   Thumb Code     8  startup_stm32f10x_hd.o(.text)
    ADC1_2_IRQHandler                        0x08000b73   Thumb Code     0  startup_stm32f10x_hd.o(.text)
    ADC3_IRQHandler                          0x08000b73   Thumb Code     0  startup_stm32f10x_hd.o(.text)
    CAN1_RX1_IRQHandler                      0x08000b73   Thumb Code     0  startup_stm32f10x_hd.o(.text)
    CAN1_SCE_IRQHandler                      0x08000b73   Thumb Code     0  startup_stm32f10x_hd.o(.text)
    DMA1_Channel1_IRQHandler                 0x08000b73   Thumb Code     0  startup_stm32f10x_hd.o(.text)
    DMA1_Channel2_IRQHandler                 0x08000b73   Thumb Code     0  startup_stm32f10x_hd.o(.text)
    DMA1_Channel3_IRQHandler                 0x08000b73   Thumb Code     0  startup_stm32f10x_hd.o(.text)
    DMA1_Channel4_IRQHandler                 0x08000b73   Thumb Code     0  startup_stm32f10x_hd.o(.text)
    DMA1_Channel5_IRQHandler                 0x08000b73   Thumb Code     0  startup_stm32f10x_hd.o(.text)
    DMA1_Channel6_IRQHandler                 0x08000b73   Thumb Code     0  startup_stm32f10x_hd.o(.text)
    DMA1_Channel7_IRQHandler                 0x08000b73   Thumb Code     0  startup_stm32f10x_hd.o(.text)
    DMA2_Channel1_IRQHandler                 0x08000b73   Thumb Code     0  startup_stm32f10x_hd.o(.text)
    DMA2_Channel2_IRQHandler                 0x08000b73   Thumb Code     0  startup_stm32f10x_hd.o(.text)
    DMA2_Channel3_IRQHandler                 0x08000b73   Thumb Code     0  startup_stm32f10x_hd.o(.text)
    DMA2_Channel4_5_IRQHandler               0x08000b73   Thumb Code     0  startup_stm32f10x_hd.o(.text)
    EXTI15_10_IRQHandler                     0x08000b73   Thumb Code     0  startup_stm32f10x_hd.o(.text)
    FLASH_IRQHandler                         0x08000b73   Thumb Code     0  startup_stm32f10x_hd.o(.text)
    FSMC_IRQHandler                          0x08000b73   Thumb Code     0  startup_stm32f10x_hd.o(.text)
    I2C1_ER_IRQHandler                       0x08000b73   Thumb Code     0  startup_stm32f10x_hd.o(.text)
    I2C1_EV_IRQHandler                       0x08000b73   Thumb Code     0  startup_stm32f10x_hd.o(.text)
    I2C2_ER_IRQHandler                       0x08000b73   Thumb Code     0  startup_stm32f10x_hd.o(.text)
    I2C2_EV_IRQHandler                       0x08000b73   Thumb Code     0  startup_stm32f10x_hd.o(.text)
    PVD_IRQHandler                           0x08000b73   Thumb Code     0  startup_stm32f10x_hd.o(.text)
    RCC_IRQHandler                           0x08000b73   Thumb Code     0  startup_stm32f10x_hd.o(.text)
    RTCAlarm_IRQHandler                      0x08000b73   Thumb Code     0  startup_stm32f10x_hd.o(.text)
    RTC_IRQHandler                           0x08000b73   Thumb Code     0  startup_stm32f10x_hd.o(.text)
    SDIO_IRQHandler                          0x08000b73   Thumb Code     0  startup_stm32f10x_hd.o(.text)
    SPI1_IRQHandler                          0x08000b73   Thumb Code     0  startup_stm32f10x_hd.o(.text)
    SPI2_IRQHandler                          0x08000b73   Thumb Code     0  startup_stm32f10x_hd.o(.text)
    SPI3_IRQHandler                          0x08000b73   Thumb Code     0  startup_stm32f10x_hd.o(.text)
    TAMPER_IRQHandler                        0x08000b73   Thumb Code     0  startup_stm32f10x_hd.o(.text)
    TIM1_BRK_IRQHandler                      0x08000b73   Thumb Code     0  startup_stm32f10x_hd.o(.text)
    TIM1_CC_IRQHandler                       0x08000b73   Thumb Code     0  startup_stm32f10x_hd.o(.text)
    TIM1_TRG_COM_IRQHandler                  0x08000b73   Thumb Code     0  startup_stm32f10x_hd.o(.text)
    TIM1_UP_IRQHandler                       0x08000b73   Thumb Code     0  startup_stm32f10x_hd.o(.text)
    TIM2_IRQHandler                          0x08000b73   Thumb Code     0  startup_stm32f10x_hd.o(.text)
    TIM4_IRQHandler                          0x08000b73   Thumb Code     0  startup_stm32f10x_hd.o(.text)
    TIM5_IRQHandler                          0x08000b73   Thumb Code     0  startup_stm32f10x_hd.o(.text)
    TIM6_IRQHandler                          0x08000b73   Thumb Code     0  startup_stm32f10x_hd.o(.text)
    TIM7_IRQHandler                          0x08000b73   Thumb Code     0  startup_stm32f10x_hd.o(.text)
    TIM8_BRK_IRQHandler                      0x08000b73   Thumb Code     0  startup_stm32f10x_hd.o(.text)
    TIM8_CC_IRQHandler                       0x08000b73   Thumb Code     0  startup_stm32f10x_hd.o(.text)
    TIM8_TRG_COM_IRQHandler                  0x08000b73   Thumb Code     0  startup_stm32f10x_hd.o(.text)
    TIM8_UP_IRQHandler                       0x08000b73   Thumb Code     0  startup_stm32f10x_hd.o(.text)
    UART4_IRQHandler                         0x08000b73   Thumb Code     0  startup_stm32f10x_hd.o(.text)
    UART5_IRQHandler                         0x08000b73   Thumb Code     0  startup_stm32f10x_hd.o(.text)
    USART1_IRQHandler                        0x08000b73   Thumb Code     0  startup_stm32f10x_hd.o(.text)
    USART3_IRQHandler                        0x08000b73   Thumb Code     0  startup_stm32f10x_hd.o(.text)
    USBWakeUp_IRQHandler                     0x08000b73   Thumb Code     0  startup_stm32f10x_hd.o(.text)
    USB_HP_CAN1_TX_IRQHandler                0x08000b73   Thumb Code     0  startup_stm32f10x_hd.o(.text)
    WWDG_IRQHandler                          0x08000b73   Thumb Code     0  startup_stm32f10x_hd.o(.text)
    __user_initial_stackheap                 0x08000b75   Thumb Code     0  startup_stm32f10x_hd.o(.text)
    NVIC_PriorityGroupConfig                 0x08000b99   Thumb Code    10  misc.o(.text)
    NVIC_Init                                0x08000ba3   Thumb Code   100  misc.o(.text)
    NVIC_SetVectorTable                      0x08000c07   Thumb Code    14  misc.o(.text)
    NVIC_SystemLPConfig                      0x08000c15   Thumb Code    34  misc.o(.text)
    SysTick_CLKSourceConfig                  0x08000c37   Thumb Code    40  misc.o(.text)
    GPIO_DeInit                              0x08000c75   Thumb Code   172  stm32f10x_gpio.o(.text)
    GPIO_AFIODeInit                          0x08000d21   Thumb Code    20  stm32f10x_gpio.o(.text)
    GPIO_Init                                0x08000d35   Thumb Code   278  stm32f10x_gpio.o(.text)
    GPIO_StructInit                          0x08000e4b   Thumb Code    16  stm32f10x_gpio.o(.text)
    GPIO_ReadInputDataBit                    0x08000e5b   Thumb Code    18  stm32f10x_gpio.o(.text)
    GPIO_ReadInputData                       0x08000e6d   Thumb Code     8  stm32f10x_gpio.o(.text)
    GPIO_ReadOutputDataBit                   0x08000e75   Thumb Code    18  stm32f10x_gpio.o(.text)
    GPIO_ReadOutputData                      0x08000e87   Thumb Code     8  stm32f10x_gpio.o(.text)
    GPIO_SetBits                             0x08000e8f   Thumb Code     4  stm32f10x_gpio.o(.text)
    GPIO_ResetBits                           0x08000e93   Thumb Code     4  stm32f10x_gpio.o(.text)
    GPIO_WriteBit                            0x08000e97   Thumb Code    10  stm32f10x_gpio.o(.text)
    GPIO_Write                               0x08000ea1   Thumb Code     4  stm32f10x_gpio.o(.text)
    GPIO_PinLockConfig                       0x08000ea5   Thumb Code    18  stm32f10x_gpio.o(.text)
    GPIO_EventOutputConfig                   0x08000eb7   Thumb Code    26  stm32f10x_gpio.o(.text)
    GPIO_EventOutputCmd                      0x08000ed1   Thumb Code     6  stm32f10x_gpio.o(.text)
    GPIO_PinRemapConfig                      0x08000ed7   Thumb Code   138  stm32f10x_gpio.o(.text)
    GPIO_EXTILineConfig                      0x08000f61   Thumb Code    66  stm32f10x_gpio.o(.text)
    GPIO_ETH_MediaInterfaceConfig            0x08000fa3   Thumb Code     8  stm32f10x_gpio.o(.text)
    RCC_DeInit                               0x08000fd1   Thumb Code    64  stm32f10x_rcc.o(.text)
    RCC_HSEConfig                            0x08001011   Thumb Code    70  stm32f10x_rcc.o(.text)
    RCC_GetFlagStatus                        0x08001057   Thumb Code    56  stm32f10x_rcc.o(.text)
    RCC_WaitForHSEStartUp                    0x0800108f   Thumb Code    56  stm32f10x_rcc.o(.text)
    RCC_AdjustHSICalibrationValue            0x080010c7   Thumb Code    20  stm32f10x_rcc.o(.text)
    RCC_HSICmd                               0x080010db   Thumb Code     6  stm32f10x_rcc.o(.text)
    RCC_PLLConfig                            0x080010e1   Thumb Code    24  stm32f10x_rcc.o(.text)
    RCC_PLLCmd                               0x080010f9   Thumb Code     6  stm32f10x_rcc.o(.text)
    RCC_SYSCLKConfig                         0x080010ff   Thumb Code    18  stm32f10x_rcc.o(.text)
    RCC_GetSYSCLKSource                      0x08001111   Thumb Code    10  stm32f10x_rcc.o(.text)
    RCC_HCLKConfig                           0x0800111b   Thumb Code    18  stm32f10x_rcc.o(.text)
    RCC_PCLK1Config                          0x0800112d   Thumb Code    18  stm32f10x_rcc.o(.text)
    RCC_PCLK2Config                          0x0800113f   Thumb Code    20  stm32f10x_rcc.o(.text)
    RCC_ITConfig                             0x08001153   Thumb Code    26  stm32f10x_rcc.o(.text)
    RCC_USBCLKConfig                         0x0800116d   Thumb Code     8  stm32f10x_rcc.o(.text)
    RCC_ADCCLKConfig                         0x08001175   Thumb Code    18  stm32f10x_rcc.o(.text)
    RCC_LSEConfig                            0x08001187   Thumb Code    50  stm32f10x_rcc.o(.text)
    RCC_LSICmd                               0x080011b9   Thumb Code     6  stm32f10x_rcc.o(.text)
    RCC_RTCCLKConfig                         0x080011bf   Thumb Code    12  stm32f10x_rcc.o(.text)
    RCC_RTCCLKCmd                            0x080011cb   Thumb Code     8  stm32f10x_rcc.o(.text)
    RCC_GetClocksFreq                        0x080011d3   Thumb Code   192  stm32f10x_rcc.o(.text)
    RCC_AHBPeriphClockCmd                    0x08001293   Thumb Code    26  stm32f10x_rcc.o(.text)
    RCC_APB2PeriphClockCmd                   0x080012ad   Thumb Code    26  stm32f10x_rcc.o(.text)
    RCC_APB1PeriphClockCmd                   0x080012c7   Thumb Code    26  stm32f10x_rcc.o(.text)
    RCC_APB2PeriphResetCmd                   0x080012e1   Thumb Code    26  stm32f10x_rcc.o(.text)
    RCC_APB1PeriphResetCmd                   0x080012fb   Thumb Code    26  stm32f10x_rcc.o(.text)
    RCC_BackupResetCmd                       0x08001315   Thumb Code     8  stm32f10x_rcc.o(.text)
    RCC_ClockSecuritySystemCmd               0x0800131d   Thumb Code     6  stm32f10x_rcc.o(.text)
    RCC_MCOConfig                            0x08001323   Thumb Code     6  stm32f10x_rcc.o(.text)
    RCC_ClearFlag                            0x08001329   Thumb Code    14  stm32f10x_rcc.o(.text)
    RCC_GetITStatus                          0x08001337   Thumb Code    20  stm32f10x_rcc.o(.text)
    RCC_ClearITPendingBit                    0x0800134b   Thumb Code     6  stm32f10x_rcc.o(.text)
    USART_DeInit                             0x08001375   Thumb Code   134  stm32f10x_usart.o(.text)
    USART_Init                               0x080013fb   Thumb Code   210  stm32f10x_usart.o(.text)
    USART_StructInit                         0x080014cd   Thumb Code    24  stm32f10x_usart.o(.text)
    USART_ClockInit                          0x080014e5   Thumb Code    34  stm32f10x_usart.o(.text)
    USART_ClockStructInit                    0x08001507   Thumb Code    12  stm32f10x_usart.o(.text)
    USART_Cmd                                0x08001513   Thumb Code    24  stm32f10x_usart.o(.text)
    USART_ITConfig                           0x0800152b   Thumb Code    74  stm32f10x_usart.o(.text)
    USART_DMACmd                             0x08001575   Thumb Code    18  stm32f10x_usart.o(.text)
    USART_SetAddress                         0x08001587   Thumb Code    18  stm32f10x_usart.o(.text)
    USART_WakeUpConfig                       0x08001599   Thumb Code    18  stm32f10x_usart.o(.text)
    USART_ReceiverWakeUpCmd                  0x080015ab   Thumb Code    24  stm32f10x_usart.o(.text)
    USART_LINBreakDetectLengthConfig         0x080015c3   Thumb Code    18  stm32f10x_usart.o(.text)
    USART_LINCmd                             0x080015d5   Thumb Code    24  stm32f10x_usart.o(.text)
    USART_SendData                           0x080015ed   Thumb Code     8  stm32f10x_usart.o(.text)
    USART_ReceiveData                        0x080015f5   Thumb Code    10  stm32f10x_usart.o(.text)
    USART_SendBreak                          0x080015ff   Thumb Code    10  stm32f10x_usart.o(.text)
    USART_SetGuardTime                       0x08001609   Thumb Code    16  stm32f10x_usart.o(.text)
    USART_SetPrescaler                       0x08001619   Thumb Code    16  stm32f10x_usart.o(.text)
    USART_SmartCardCmd                       0x08001629   Thumb Code    24  stm32f10x_usart.o(.text)
    USART_SmartCardNACKCmd                   0x08001641   Thumb Code    24  stm32f10x_usart.o(.text)
    USART_HalfDuplexCmd                      0x08001659   Thumb Code    24  stm32f10x_usart.o(.text)
    USART_OverSampling8Cmd                   0x08001671   Thumb Code    22  stm32f10x_usart.o(.text)
    USART_OneBitMethodCmd                    0x08001687   Thumb Code    24  stm32f10x_usart.o(.text)
    USART_IrDAConfig                         0x0800169f   Thumb Code    18  stm32f10x_usart.o(.text)
    USART_IrDACmd                            0x080016b1   Thumb Code    24  stm32f10x_usart.o(.text)
    USART_GetFlagStatus                      0x080016c9   Thumb Code    26  stm32f10x_usart.o(.text)
    USART_ClearFlag                          0x080016e3   Thumb Code    18  stm32f10x_usart.o(.text)
    USART_GetITStatus                        0x080016f5   Thumb Code    84  stm32f10x_usart.o(.text)
    USART_ClearITPendingBit                  0x08001749   Thumb Code    52  stm32f10x_usart.o(.text)
    CAN_DeInit                               0x0800177d   Thumb Code    50  stm32f10x_can.o(.text)
    CAN_Init                                 0x080017af   Thumb Code   276  stm32f10x_can.o(.text)
    CAN_FilterInit                           0x080018c3   Thumb Code   258  stm32f10x_can.o(.text)
    CAN_StructInit                           0x080019c5   Thumb Code    32  stm32f10x_can.o(.text)
    CAN_SlaveStartBank                       0x080019e5   Thumb Code    48  stm32f10x_can.o(.text)
    CAN_DBGFreeze                            0x08001a15   Thumb Code    22  stm32f10x_can.o(.text)
    CAN_TTComModeCmd                         0x08001a2b   Thumb Code   118  stm32f10x_can.o(.text)
    CAN_Transmit                             0x08001aa1   Thumb Code   304  stm32f10x_can.o(.text)
    CAN_TransmitStatus                       0x08001bd1   Thumb Code   138  stm32f10x_can.o(.text)
    CAN_CancelTransmit                       0x08001c5b   Thumb Code    48  stm32f10x_can.o(.text)
    CAN_Receive                              0x08001c8b   Thumb Code   240  stm32f10x_can.o(.text)
    CAN_FIFORelease                          0x08001d7b   Thumb Code    22  stm32f10x_can.o(.text)
    CAN_MessagePending                       0x08001d91   Thumb Code    30  stm32f10x_can.o(.text)
    CAN_OperatingModeRequest                 0x08001daf   Thumb Code   162  stm32f10x_can.o(.text)
    CAN_Sleep                                0x08001e51   Thumb Code    30  stm32f10x_can.o(.text)
    CAN_WakeUp                               0x08001e6f   Thumb Code    48  stm32f10x_can.o(.text)
    CAN_GetLastErrorCode                     0x08001e9f   Thumb Code    12  stm32f10x_can.o(.text)
    CAN_GetReceiveErrorCounter               0x08001eab   Thumb Code    10  stm32f10x_can.o(.text)
    CAN_GetLSBTransmitErrorCounter           0x08001eb5   Thumb Code    12  stm32f10x_can.o(.text)
    CAN_ITConfig                             0x08001ec1   Thumb Code    18  stm32f10x_can.o(.text)
    CAN_GetFlagStatus                        0x08001ed3   Thumb Code   120  stm32f10x_can.o(.text)
    CAN_ClearFlag                            0x08001f4b   Thumb Code    52  stm32f10x_can.o(.text)
    CAN_GetITStatus                          0x08001f91   Thumb Code   310  stm32f10x_can.o(.text)
    CAN_ClearITPendingBit                    0x080020c7   Thumb Code   162  stm32f10x_can.o(.text)
    TIM_DeInit                               0x0800216d   Thumb Code   424  stm32f10x_tim.o(.text)
    TIM_TimeBaseInit                         0x08002315   Thumb Code   122  stm32f10x_tim.o(.text)
    TIM_OC1Init                              0x0800238f   Thumb Code   132  stm32f10x_tim.o(.text)
    TIM_OC2Init                              0x08002413   Thumb Code   154  stm32f10x_tim.o(.text)
    TIM_OC3Init                              0x080024ad   Thumb Code   150  stm32f10x_tim.o(.text)
    TIM_OC4Init                              0x08002543   Thumb Code   182  stm32f10x_tim.o(.text)
    TIM_SetIC4Prescaler                      0x080025f9   Thumb Code    26  stm32f10x_tim.o(.text)
    TIM_SetIC3Prescaler                      0x08002695   Thumb Code    18  stm32f10x_tim.o(.text)
    TIM_SetIC2Prescaler                      0x08002721   Thumb Code    26  stm32f10x_tim.o(.text)
    TIM_SetIC1Prescaler                      0x080027bd   Thumb Code    18  stm32f10x_tim.o(.text)
    TIM_ICInit                               0x0800283b   Thumb Code   150  stm32f10x_tim.o(.text)
    TIM_PWMIConfig                           0x080028d1   Thumb Code   124  stm32f10x_tim.o(.text)
    TIM_BDTRConfig                           0x0800294d   Thumb Code    32  stm32f10x_tim.o(.text)
    TIM_TimeBaseStructInit                   0x0800296d   Thumb Code    18  stm32f10x_tim.o(.text)
    TIM_OCStructInit                         0x0800297f   Thumb Code    20  stm32f10x_tim.o(.text)
    TIM_ICStructInit                         0x08002993   Thumb Code    18  stm32f10x_tim.o(.text)
    TIM_BDTRStructInit                       0x080029a5   Thumb Code    40  stm32f10x_tim.o(.text)
    TIM_Cmd                                  0x080029cd   Thumb Code    24  stm32f10x_tim.o(.text)
    TIM_CtrlPWMOutputs                       0x080029e5   Thumb Code    30  stm32f10x_tim.o(.text)
    TIM_ITConfig                             0x08002a03   Thumb Code    18  stm32f10x_tim.o(.text)
    TIM_GenerateEvent                        0x08002a15   Thumb Code     4  stm32f10x_tim.o(.text)
    TIM_DMAConfig                            0x08002a19   Thumb Code    10  stm32f10x_tim.o(.text)
    TIM_DMACmd                               0x08002a23   Thumb Code    18  stm32f10x_tim.o(.text)
    TIM_InternalClockConfig                  0x08002a35   Thumb Code    12  stm32f10x_tim.o(.text)
    TIM_SelectInputTrigger                   0x08002a41   Thumb Code    18  stm32f10x_tim.o(.text)
    TIM_ITRxExternalClockConfig              0x08002a53   Thumb Code    24  stm32f10x_tim.o(.text)
    TIM_TIxExternalClockConfig               0x08002a6b   Thumb Code    62  stm32f10x_tim.o(.text)
    TIM_ETRConfig                            0x08002aa9   Thumb Code    28  stm32f10x_tim.o(.text)
    TIM_ETRClockMode1Config                  0x08002ac5   Thumb Code    54  stm32f10x_tim.o(.text)
    TIM_ETRClockMode2Config                  0x08002afb   Thumb Code    32  stm32f10x_tim.o(.text)
    TIM_PrescalerConfig                      0x08002b1b   Thumb Code     6  stm32f10x_tim.o(.text)
    TIM_CounterModeConfig                    0x08002b21   Thumb Code    18  stm32f10x_tim.o(.text)
    TIM_EncoderInterfaceConfig               0x08002b33   Thumb Code    66  stm32f10x_tim.o(.text)
    TIM_ForcedOC1Config                      0x08002b75   Thumb Code    18  stm32f10x_tim.o(.text)
    TIM_ForcedOC2Config                      0x08002b87   Thumb Code    26  stm32f10x_tim.o(.text)
    TIM_ForcedOC3Config                      0x08002ba1   Thumb Code    18  stm32f10x_tim.o(.text)
    TIM_ForcedOC4Config                      0x08002bb3   Thumb Code    26  stm32f10x_tim.o(.text)
    TIM_ARRPreloadConfig                     0x08002bcd   Thumb Code    24  stm32f10x_tim.o(.text)
    TIM_SelectCOM                            0x08002be5   Thumb Code    24  stm32f10x_tim.o(.text)
    TIM_SelectCCDMA                          0x08002bfd   Thumb Code    24  stm32f10x_tim.o(.text)
    TIM_CCPreloadControl                     0x08002c15   Thumb Code    24  stm32f10x_tim.o(.text)
    TIM_OC1PreloadConfig                     0x08002c2d   Thumb Code    18  stm32f10x_tim.o(.text)
    TIM_OC2PreloadConfig                     0x08002c3f   Thumb Code    26  stm32f10x_tim.o(.text)
    TIM_OC3PreloadConfig                     0x08002c59   Thumb Code    18  stm32f10x_tim.o(.text)
    TIM_OC4PreloadConfig                     0x08002c6b   Thumb Code    26  stm32f10x_tim.o(.text)
    TIM_OC1FastConfig                        0x08002c85   Thumb Code    18  stm32f10x_tim.o(.text)
    TIM_OC2FastConfig                        0x08002c97   Thumb Code    26  stm32f10x_tim.o(.text)
    TIM_OC3FastConfig                        0x08002cb1   Thumb Code    18  stm32f10x_tim.o(.text)
    TIM_OC4FastConfig                        0x08002cc3   Thumb Code    26  stm32f10x_tim.o(.text)
    TIM_ClearOC1Ref                          0x08002cdd   Thumb Code    18  stm32f10x_tim.o(.text)
    TIM_ClearOC2Ref                          0x08002cef   Thumb Code    24  stm32f10x_tim.o(.text)
    TIM_ClearOC3Ref                          0x08002d07   Thumb Code    18  stm32f10x_tim.o(.text)
    TIM_ClearOC4Ref                          0x08002d19   Thumb Code    24  stm32f10x_tim.o(.text)
    TIM_OC1PolarityConfig                    0x08002d31   Thumb Code    18  stm32f10x_tim.o(.text)
    TIM_OC1NPolarityConfig                   0x08002d43   Thumb Code    18  stm32f10x_tim.o(.text)
    TIM_OC2PolarityConfig                    0x08002d55   Thumb Code    26  stm32f10x_tim.o(.text)
    TIM_OC2NPolarityConfig                   0x08002d6f   Thumb Code    26  stm32f10x_tim.o(.text)
    TIM_OC3PolarityConfig                    0x08002d89   Thumb Code    26  stm32f10x_tim.o(.text)
    TIM_OC3NPolarityConfig                   0x08002da3   Thumb Code    26  stm32f10x_tim.o(.text)
    TIM_OC4PolarityConfig                    0x08002dbd   Thumb Code    26  stm32f10x_tim.o(.text)
    TIM_CCxCmd                               0x08002dd7   Thumb Code    30  stm32f10x_tim.o(.text)
    TIM_CCxNCmd                              0x08002df5   Thumb Code    30  stm32f10x_tim.o(.text)
    TIM_SelectOCxM                           0x08002e13   Thumb Code    82  stm32f10x_tim.o(.text)
    TIM_UpdateDisableConfig                  0x08002e65   Thumb Code    24  stm32f10x_tim.o(.text)
    TIM_UpdateRequestConfig                  0x08002e7d   Thumb Code    24  stm32f10x_tim.o(.text)
    TIM_SelectHallSensor                     0x08002e95   Thumb Code    24  stm32f10x_tim.o(.text)
    TIM_SelectOnePulseMode                   0x08002ead   Thumb Code    18  stm32f10x_tim.o(.text)
    TIM_SelectOutputTrigger                  0x08002ebf   Thumb Code    18  stm32f10x_tim.o(.text)
    TIM_SelectSlaveMode                      0x08002ed1   Thumb Code    18  stm32f10x_tim.o(.text)
    TIM_SelectMasterSlaveMode                0x08002ee3   Thumb Code    18  stm32f10x_tim.o(.text)
    TIM_SetCounter                           0x08002ef5   Thumb Code     4  stm32f10x_tim.o(.text)
    TIM_SetAutoreload                        0x08002ef9   Thumb Code     4  stm32f10x_tim.o(.text)
    TIM_SetCompare1                          0x08002efd   Thumb Code     4  stm32f10x_tim.o(.text)
    TIM_SetCompare2                          0x08002f01   Thumb Code     4  stm32f10x_tim.o(.text)
    TIM_SetCompare3                          0x08002f05   Thumb Code     4  stm32f10x_tim.o(.text)
    TIM_SetCompare4                          0x08002f09   Thumb Code     6  stm32f10x_tim.o(.text)
    TIM_SetClockDivision                     0x08002f0f   Thumb Code    18  stm32f10x_tim.o(.text)
    TIM_GetCapture1                          0x08002f21   Thumb Code     6  stm32f10x_tim.o(.text)
    TIM_GetCapture2                          0x08002f27   Thumb Code     6  stm32f10x_tim.o(.text)
    TIM_GetCapture3                          0x08002f2d   Thumb Code     6  stm32f10x_tim.o(.text)
    TIM_GetCapture4                          0x08002f33   Thumb Code     8  stm32f10x_tim.o(.text)
    TIM_GetCounter                           0x08002f3b   Thumb Code     6  stm32f10x_tim.o(.text)
    TIM_GetPrescaler                         0x08002f41   Thumb Code     6  stm32f10x_tim.o(.text)
    TIM_GetFlagStatus                        0x08002f47   Thumb Code    18  stm32f10x_tim.o(.text)
    TIM_ClearFlag                            0x08002f59   Thumb Code     6  stm32f10x_tim.o(.text)
    TIM_GetITStatus                          0x08002f5f   Thumb Code    34  stm32f10x_tim.o(.text)
    TIM_ClearITPendingBit                    0x08002f81   Thumb Code     6  stm32f10x_tim.o(.text)
    EXTI_DeInit                              0x08002f89   Thumb Code    28  stm32f10x_exti.o(.text)
    EXTI_Init                                0x08002fa5   Thumb Code   142  stm32f10x_exti.o(.text)
    EXTI_StructInit                          0x08003033   Thumb Code    16  stm32f10x_exti.o(.text)
    EXTI_GenerateSWInterrupt                 0x08003043   Thumb Code    16  stm32f10x_exti.o(.text)
    EXTI_GetFlagStatus                       0x08003053   Thumb Code    22  stm32f10x_exti.o(.text)
    EXTI_ClearFlag                           0x08003069   Thumb Code     8  stm32f10x_exti.o(.text)
    EXTI_GetITStatus                         0x08003071   Thumb Code    34  stm32f10x_exti.o(.text)
    EXTI_ClearITPendingBit                   0x08003093   Thumb Code     8  stm32f10x_exti.o(.text)
    OnNumberOfErrorsUpdate                   0x080030a5   Thumb Code    44  emcy.o(.text)
    emergencyInit                            0x080030d1   Thumb Code    30  emcy.o(.text)
    emergencyStop                            0x080030ef   Thumb Code     2  emcy.o(.text)
    sendEMCY                                 0x080030f1   Thumb Code   116  emcy.o(.text)
    EMCY_setError                            0x08003165   Thumb Code   298  emcy.o(.text)
    EMCY_errorRecovered                      0x0800328f   Thumb Code   156  emcy.o(.text)
    proceedEMCY                              0x0800332b   Thumb Code    54  emcy.o(.text)
    _post_emcy                               0x08003361   Thumb Code     2  emcy.o(.text)
    getNodeState                             0x08003365   Thumb Code    16  lifegrd.o(.text)
    ConsumerHeartbeatAlarm                   0x08003375   Thumb Code    50  lifegrd.o(.text)
    proceedNODE_GUARD                        0x080033a7   Thumb Code   278  lifegrd.o(.text)
    ProducerHeartbeatAlarm                   0x080034bd   Thumb Code    72  lifegrd.o(.text)
    GuardTimeAlarm                           0x08003505   Thumb Code   118  lifegrd.o(.text)
    nodeguardInit                            0x0800357b   Thumb Code   134  lifegrd.o(.text)
    nodeguardStop                            0x08003601   Thumb Code    18  lifegrd.o(.text)
    OnNodeGuardUpdate                        0x08003613   Thumb Code    24  lifegrd.o(.text)
    heartbeatInit                            0x0800362b   Thumb Code   138  lifegrd.o(.text)
    heartbeatStop                            0x080036b5   Thumb Code    56  lifegrd.o(.text)
    OnHeartbeatProducerUpdate                0x080036ed   Thumb Code    24  lifegrd.o(.text)
    lifeGuardInit                            0x08003705   Thumb Code    18  lifegrd.o(.text)
    lifeGuardStop                            0x08003717   Thumb Code    18  lifegrd.o(.text)
    _heartbeatError                          0x08003729   Thumb Code     2  lifegrd.o(.text)
    _post_SlaveBootup                        0x0800372b   Thumb Code     2  lifegrd.o(.text)
    _post_SlaveStateChange                   0x0800372d   Thumb Code     2  lifegrd.o(.text)
    _nodeguardError                          0x0800372f   Thumb Code     2  lifegrd.o(.text)
    masterSendNMTstateChange                 0x08003739   Thumb Code    44  nmtmaster.o(.text)
    masterSendNMTnodeguard                   0x08003765   Thumb Code    38  nmtmaster.o(.text)
    masterRequestNodeState                   0x0800378b   Thumb Code    50  nmtmaster.o(.text)
    proceedNMTstateChange                    0x080037bd   Thumb Code   224  nmtslave.o(.text)
    slaveSendBootUp                          0x0800389d   Thumb Code    46  nmtslave.o(.text)
    accessDictionaryError                    0x080038cd   Thumb Code    10  objacces.o(.text)
    _getODentry                              0x080038d7   Thumb Code   310  objacces.o(.text)
    _setODentry                              0x08003a0d   Thumb Code   332  objacces.o(.text)
    scanIndexOD                              0x08003b59   Thumb Code    28  objacces.o(.text)
    RegisterSetODentryCallBack               0x08003b75   Thumb Code    54  objacces.o(.text)
    _storeODSubIndex                         0x08003bab   Thumb Code     2  objacces.o(.text)
    CopyBits                                 0x08003bbd   Thumb Code   236  pdo.o(.text)
    buildPDO                                 0x08003ca9   Thumb Code   242  pdo.o(.text)
    sendPDOrequest                           0x08003d9b   Thumb Code    94  pdo.o(.text)
    PDOInhibitTimerAlarm                     0x08003e25   Thumb Code    56  pdo.o(.text)
    sendOnePDOevent                          0x08003e5d   Thumb Code   314  pdo.o(.text)
    PDOEventTimerAlarm                       0x08003f97   Thumb Code    46  pdo.o(.text)
    proceedPDO                               0x08003fc5   Thumb Code   736  pdo.o(.text)
    _sendPDOevent                            0x080042a5   Thumb Code   412  pdo.o(.text)
    sendPDOevent                             0x08004441   Thumb Code    14  pdo.o(.text)
    _RxPDO_EventTimers_Handler               0x0800444f   Thumb Code     2  pdo.o(.text)
    TPDO_Communication_Parameter_Callback    0x08004451   Thumb Code   148  pdo.o(.text)
    PDOInit                                  0x080044e5   Thumb Code    84  pdo.o(.text)
    PDOStop                                  0x08004539   Thumb Code   120  pdo.o(.text)
    initSDOline                              0x080045b1   Thumb Code   368  sdo.o(.text)
    resetSDOline                             0x08004721   Thumb Code    84  sdo.o(.text)
    sendSDO                                  0x08004775   Thumb Code   162  sdo.o(.text)
    sendSDOabort                             0x08004817   Thumb Code    82  sdo.o(.text)
    SDOTimeoutAlarm                          0x08004869   Thumb Code   256  sdo.o(.text)
    resetSDO                                 0x08004969   Thumb Code    26  sdo.o(.text)
    SDOlineToObjdict                         0x08004983   Thumb Code   158  sdo.o(.text)
    objdictToSDOline                         0x08004a21   Thumb Code   122  sdo.o(.text)
    lineToSDO                                0x08004a9b   Thumb Code   148  sdo.o(.text)
    SDOtoLine                                0x08004b2f   Thumb Code   114  sdo.o(.text)
    getSDOlineOnUse                          0x08004ba1   Thumb Code   100  sdo.o(.text)
    failedSDO                                0x08004c05   Thumb Code   166  sdo.o(.text)
    getSDOfreeLine                           0x08004cab   Thumb Code    58  sdo.o(.text)
    getSDOlineToClose                        0x08004ce5   Thumb Code    82  sdo.o(.text)
    GetSDOClientFromNodeId                   0x08004d37   Thumb Code    84  sdo.o(.text)
    closeSDOtransfer                         0x08004d8b   Thumb Code    64  sdo.o(.text)
    getSDOlineRestBytes                      0x08004dcb   Thumb Code    62  sdo.o(.text)
    setSDOlineRestBytes                      0x08004e09   Thumb Code    30  sdo.o(.text)
    proceedSDO                               0x08004e27   Thumb Code 10022  sdo.o(.text)
    _writeNetworkDict                        0x0800754d   Thumb Code   446  sdo.o(.text)
    writeNetworkDict                         0x0800770b   Thumb Code    54  sdo.o(.text)
    writeNetworkDictCallBack                 0x08007741   Thumb Code    52  sdo.o(.text)
    writeNetworkDictCallBackAI               0x08007775   Thumb Code   186  sdo.o(.text)
    _readNetworkDict                         0x0800782f   Thumb Code   304  sdo.o(.text)
    readNetworkDict                          0x0800795f   Thumb Code    42  sdo.o(.text)
    readNetworkDictCallback                  0x08007989   Thumb Code    40  sdo.o(.text)
    readNetworkDictCallbackAI                0x080079b1   Thumb Code   178  sdo.o(.text)
    getReadResultNetworkDict                 0x08007a63   Thumb Code   342  sdo.o(.text)
    getWriteResultNetworkDict                0x08007bb9   Thumb Code   132  sdo.o(.text)
    getState                                 0x08007c3d   Thumb Code     8  states.o(.text)
    canDispatch                              0x08007c45   Thumb Code   152  states.o(.text)
    switchCommunicationState                 0x08007cdd   Thumb Code   284  states.o(.text)
    setState                                 0x08007df9   Thumb Code   200  states.o(.text)
    getNodeId                                0x08007ec1   Thumb Code     8  states.o(.text)
    setNodeId                                0x08007ec9   Thumb Code   366  states.o(.text)
    _initialisation                          0x08008037   Thumb Code     2  states.o(.text)
    _preOperational                          0x08008039   Thumb Code    22  states.o(.text)
    _operational                             0x0800804f   Thumb Code     2  states.o(.text)
    _stopped                                 0x08008051   Thumb Code     2  states.o(.text)
    proceedSYNC                              0x08008059   Thumb Code    44  sync.o(.text)
    sendSYNCMessage                          0x08008085   Thumb Code    38  sync.o(.text)
    sendSYNC                                 0x080080ab   Thumb Code    22  sync.o(.text)
    SyncAlarm                                0x080080c1   Thumb Code    14  sync.o(.text)
    stopSYNC                                 0x080080cf   Thumb Code    46  sync.o(.text)
    startSYNC                                0x080080fd   Thumb Code   102  sync.o(.text)
    OnCOB_ID_SyncUpdate                      0x08008163   Thumb Code    18  sync.o(.text)
    _post_sync                               0x08008175   Thumb Code     2  sync.o(.text)
    _post_TPDO                               0x08008177   Thumb Code     2  sync.o(.text)
    SetAlarm                                 0x0800817d   Thumb Code   170  timer.o(.text)
    DelAlarm                                 0x08008227   Thumb Code    46  timer.o(.text)
    TimeDispatch                             0x08008255   Thumb Code   178  timer.o(.text)
    setTimer                                 0x08008315   Thumb Code    24  stm32_canfestival.o(.text)
    getElapsedTime                           0x0800832d   Thumb Code    54  stm32_canfestival.o(.text)
    TIM3_IRQHandler                          0x08008363   Thumb Code    80  stm32_canfestival.o(.text)
    TestSlave_valueRangeTest                 0x080083f1   Thumb Code    22  testslave.o(.text)
    TestSlave_scanIndexOD                    0x08008407   Thumb Code   228  testslave.o(.text)
    __use_no_semihosting                     0x08008515   Thumb Code     2  use_no_semi_2.o(.text)
    __2printf                                0x08008519   Thumb Code    20  noretval__2printf.o(.text)
    memcmp                                   0x08008531   Thumb Code    88  memcmp.o(.text)
    __aeabi_memcpy                           0x08008589   Thumb Code     0  rt_memcpy_v6.o(.text)
    __rt_memcpy                              0x08008589   Thumb Code   138  rt_memcpy_v6.o(.text)
    _memcpy_lastbytes                        0x080085ef   Thumb Code     0  rt_memcpy_v6.o(.text)
    __use_two_region_memory                  0x08008613   Thumb Code     2  heapauxi.o(.text)
    __rt_heap_escrow$2region                 0x08008615   Thumb Code     2  heapauxi.o(.text)
    __rt_heap_expand$2region                 0x08008617   Thumb Code     2  heapauxi.o(.text)
    __I$use$semihosting                      0x08008619   Thumb Code     0  use_no_semi.o(.text)
    __use_no_semihosting_swi                 0x08008619   Thumb Code     2  use_no_semi.o(.text)
    _printf_char_file                        0x0800861d   Thumb Code    32  _printf_char_file.o(.text)
    __aeabi_memcpy4                          0x08008641   Thumb Code     0  rt_memcpy_w.o(.text)
    __aeabi_memcpy8                          0x08008641   Thumb Code     0  rt_memcpy_w.o(.text)
    __rt_memcpy_w                            0x08008641   Thumb Code   100  rt_memcpy_w.o(.text)
    _memcpy_lastbytes_aligned                0x08008689   Thumb Code     0  rt_memcpy_w.o(.text)
    _printf_char_common                      0x080086af   Thumb Code    32  _printf_char_common.o(.text)
    ferror                                   0x080086d5   Thumb Code     8  ferror.o(.text)
    __user_setup_stackheap                   0x080086dd   Thumb Code    74  sys_stackheap_outer.o(.text)
    __printf                                 0x08008727   Thumb Code    40  __printf_nopercent.o(.text)
    exit                                     0x0800874f   Thumb Code    18  exit.o(.text)
    __user_libspace                          0x08008761   Thumb Code     8  libspace.o(.text)
    __user_perproc_libspace                  0x08008761   Thumb Code     0  libspace.o(.text)
    __user_perthread_libspace                0x08008761   Thumb Code     0  libspace.o(.text)
    TestSlave_iam_a_slave                    0x080087a8   Data           1  testslave.o(.constdata)
    TestSlave_objdict                        0x080087ac   Data         120  testslave.o(.constdata)
    TestSlave_firstIndex                     0x08008824   Data          12  testslave.o(.constdata)
    TestSlave_lastIndex                      0x08008830   Data          12  testslave.o(.constdata)
    TestSlave_ObjdictSize                    0x0800883c   Data           2  testslave.o(.constdata)
    Region$$Table$$Base                      0x08008840   Number         0  anon$$obj.o(Region$$Table)
    Region$$Table$$Limit                     0x08008860   Number         0  anon$$obj.o(Region$$Table)
    nodeID                                   0x20000000   Data           1  main.o(.data)
    SystemCoreClock                          0x20000004   Data           4  system_stm32f10x.o(.data)
    AHBPrescTable                            0x20000008   Data          16  system_stm32f10x.o(.data)
    __stdout                                 0x2000001c   Data           4  usart.o(.data)
    USART_RX_STA                             0x20000020   Data           2  usart.o(.data)
    total_sleep_time                         0x20000038   Data           4  timer.o(.data)
    last_timer_raw                           0x2000003c   Data           2  timer.o(.data)
    tdcount                                  0x20000040   Data           4  timer.o(.data)
    TimeCNT                                  0x20000044   Data           4  stm32_canfestival.o(.data)
    NextTime                                 0x20000048   Data           4  stm32_canfestival.o(.data)
    TIMER_MAX_COUNT                          0x2000004c   Data           4  stm32_canfestival.o(.data)
    SlaveMap1                                0x20000054   Data           4  testslave.o(.data)
    SlaveMap2                                0x20000058   Data           4  testslave.o(.data)
    TestSlave_bDeviceNodeId                  0x2000005c   Data           1  testslave.o(.data)
    TestSlave_heartBeatTimers                0x2000005e   Data           2  testslave.o(.data)
    TestSlave_obj1000                        0x20000060   Data           4  testslave.o(.data)
    TestSlave_Index1000                      0x20000064   Data          12  testslave.o(.data)
    TestSlave_obj1001                        0x20000070   Data           1  testslave.o(.data)
    TestSlave_Index1001                      0x20000074   Data          12  testslave.o(.data)
    TestSlave_highestSubIndex_obj1003        0x20000080   Data           1  testslave.o(.data)
    TestSlave_Index1003                      0x20000084   Data         108  testslave.o(.data)
    TestSlave_obj1005                        0x200000f0   Data           4  testslave.o(.data)
    TestSlave_Index1005_callbacks            0x200000f4   Data           4  testslave.o(.data)
    TestSlave_Index1005                      0x200000f8   Data          12  testslave.o(.data)
    TestSlave_obj1006                        0x20000104   Data           4  testslave.o(.data)
    TestSlave_Index1006_callbacks            0x20000108   Data           4  testslave.o(.data)
    TestSlave_Index1006                      0x2000010c   Data          12  testslave.o(.data)
    TestSlave_obj100C                        0x20000118   Data           2  testslave.o(.data)
    TestSlave_obj100D                        0x2000011a   Data           1  testslave.o(.data)
    TestSlave_highestSubIndex_obj1010        0x2000011b   Data           1  testslave.o(.data)
    TestSlave_obj1010_Save_All_Parameters    0x2000011c   Data           4  testslave.o(.data)
    TestSlave_obj1010_Save_Communication_Parameters 0x20000120   Data           4  testslave.o(.data)
    TestSlave_obj1010_Save_Application_Parameters 0x20000124   Data           4  testslave.o(.data)
    TestSlave_obj1010_Save_Manufacturer_Parameters_1 0x20000128   Data           4  testslave.o(.data)
    TestSlave_Index1010                      0x2000012c   Data          60  testslave.o(.data)
    TestSlave_highestSubIndex_obj1011        0x20000168   Data           1  testslave.o(.data)
    TestSlave_obj1011_Restore_All_Default_Parameters 0x2000016c   Data           4  testslave.o(.data)
    TestSlave_obj1011_Restore_Communication_Default_Parameters 0x20000170   Data           4  testslave.o(.data)
    TestSlave_obj1011_Restore_Application_Default_Parameters 0x20000174   Data           4  testslave.o(.data)
    TestSlave_obj1011_Restore_Manufacturer_Defined_Default_Parameters_1 0x20000178   Data           4  testslave.o(.data)
    TestSlave_Index1011                      0x2000017c   Data          60  testslave.o(.data)
    TestSlave_obj1014                        0x200001b8   Data           4  testslave.o(.data)
    TestSlave_Index1014                      0x200001bc   Data          12  testslave.o(.data)
    TestSlave_highestSubIndex_obj1016        0x200001c8   Data           1  testslave.o(.data)
    TestSlave_obj1016                        0x200001cc   Data           4  testslave.o(.data)
    TestSlave_obj1017                        0x200001d0   Data           2  testslave.o(.data)
    TestSlave_Index1017_callbacks            0x200001d4   Data           4  testslave.o(.data)
    TestSlave_Index1017                      0x200001d8   Data          12  testslave.o(.data)
    TestSlave_highestSubIndex_obj1018        0x200001e4   Data           1  testslave.o(.data)
    TestSlave_obj1018_Vendor_ID              0x200001e8   Data           4  testslave.o(.data)
    TestSlave_obj1018_Product_Code           0x200001ec   Data           4  testslave.o(.data)
    TestSlave_obj1018_Revision_Number        0x200001f0   Data           4  testslave.o(.data)
    TestSlave_obj1018_Serial_Number          0x200001f4   Data           4  testslave.o(.data)
    TestSlave_Index1018                      0x200001f8   Data          60  testslave.o(.data)
    TestSlave_highestSubIndex_obj1200        0x20000234   Data           1  testslave.o(.data)
    TestSlave_obj1200_COB_ID_Client_to_Server_Receive_SDO 0x20000238   Data           4  testslave.o(.data)
    TestSlave_obj1200_COB_ID_Server_to_Client_Transmit_SDO 0x2000023c   Data           4  testslave.o(.data)
    TestSlave_Index1200                      0x20000240   Data          36  testslave.o(.data)
    TestSlave_highestSubIndex_obj1800        0x20000264   Data           1  testslave.o(.data)
    TestSlave_obj1800_COB_ID_used_by_PDO     0x20000268   Data           4  testslave.o(.data)
    TestSlave_obj1800_Transmission_Type      0x2000026c   Data           1  testslave.o(.data)
    TestSlave_obj1800_Inhibit_Time           0x2000026e   Data           2  testslave.o(.data)
    TestSlave_obj1800_Compatibility_Entry    0x20000270   Data           1  testslave.o(.data)
    TestSlave_obj1800_Event_Timer            0x20000272   Data           2  testslave.o(.data)
    TestSlave_Index1800                      0x20000274   Data          72  testslave.o(.data)
    TestSlave_highestSubIndex_obj1A00        0x200002bc   Data           1  testslave.o(.data)
    TestSlave_obj1A00                        0x200002c0   Data           8  testslave.o(.data)
    TestSlave_Index1A00                      0x200002c8   Data          36  testslave.o(.data)
    TestSlave_Index2000                      0x200002ec   Data          12  testslave.o(.data)
    TestSlave_Index2001                      0x200002f8   Data          12  testslave.o(.data)
    TestSlave_PDO_status                     0x20000304   Data          18  testslave.o(.data)
    TestSlave_Data                           0x20000318   Data         572  testslave.o(.data)
    USART_RX_BUF                             0x20000554   Data         200  usart.o(.bss)
    timers                                   0x2000061c   Data         192  timer.o(.bss)
    TestSlave_obj1003                        0x200006dc   Data          32  testslave.o(.bss)
    TestSlave_Index1003_callbacks            0x200006fc   Data          36  testslave.o(.bss)
    TestSlave_Index1010_callbacks            0x20000720   Data          20  testslave.o(.bss)
    TestSlave_Index1011_callbacks            0x20000734   Data          20  testslave.o(.bss)
    TestSlave_Index1800_callbacks            0x20000748   Data          24  testslave.o(.bss)
    __libspace_start                         0x20000760   Data          96  libspace.o(.bss)
    __temporary_stack_top$libspace           0x200007c0   Data           0  libspace.o(.bss)



==============================================================================

Memory Map of the image

  Image Entry point : 0x08000131

  Load Region LR_IROM1 (Base: 0x08000000, Size: 0x00008db4, Max: 0x00020000, ABSOLUTE, COMPRESSED[0x00008a10])

    Execution Region ER_IROM1 (Exec base: 0x08000000, Load base: 0x08000000, Size: 0x00008860, Max: 0x00020000, ABSOLUTE)

    Exec Addr    Load Addr    Size         Type   Attr      Idx    E Section Name        Object

    0x08000000   0x08000000   0x00000130   Data   RO          484    RESET               startup_stm32f10x_hd.o
    0x08000130   0x08000130   0x00000008   Code   RO          875  * !!!main             c_w.l(__main.o)
    0x08000138   0x08000138   0x00000034   Code   RO         1065    !!!scatter          c_w.l(__scatter.o)
    0x0800016c   0x0800016c   0x0000005a   Code   RO         1063    !!dczerorl2         c_w.l(__dczerorl2.o)
    0x080001c6   0x080001c6   0x00000002   PAD
    0x080001c8   0x080001c8   0x0000001c   Code   RO         1067    !!handler_zi        c_w.l(__scatter_zi.o)
    0x080001e4   0x080001e4   0x00000002   Code   RO          937    .ARM.Collect$$libinit$$00000000  c_w.l(libinit.o)
    0x080001e6   0x080001e6   0x00000000   Code   RO          944    .ARM.Collect$$libinit$$00000002  c_w.l(libinit2.o)
    0x080001e6   0x080001e6   0x00000000   Code   RO          946    .ARM.Collect$$libinit$$00000004  c_w.l(libinit2.o)
    0x080001e6   0x080001e6   0x00000000   Code   RO          949    .ARM.Collect$$libinit$$0000000A  c_w.l(libinit2.o)
    0x080001e6   0x080001e6   0x00000000   Code   RO          951    .ARM.Collect$$libinit$$0000000C  c_w.l(libinit2.o)
    0x080001e6   0x080001e6   0x00000000   Code   RO          953    .ARM.Collect$$libinit$$0000000E  c_w.l(libinit2.o)
    0x080001e6   0x080001e6   0x00000000   Code   RO          956    .ARM.Collect$$libinit$$00000011  c_w.l(libinit2.o)
    0x080001e6   0x080001e6   0x00000000   Code   RO          958    .ARM.Collect$$libinit$$00000013  c_w.l(libinit2.o)
    0x080001e6   0x080001e6   0x00000000   Code   RO          960    .ARM.Collect$$libinit$$00000015  c_w.l(libinit2.o)
    0x080001e6   0x080001e6   0x00000000   Code   RO          962    .ARM.Collect$$libinit$$00000017  c_w.l(libinit2.o)
    0x080001e6   0x080001e6   0x00000000   Code   RO          964    .ARM.Collect$$libinit$$00000019  c_w.l(libinit2.o)
    0x080001e6   0x080001e6   0x00000000   Code   RO          966    .ARM.Collect$$libinit$$0000001B  c_w.l(libinit2.o)
    0x080001e6   0x080001e6   0x00000000   Code   RO          968    .ARM.Collect$$libinit$$0000001D  c_w.l(libinit2.o)
    0x080001e6   0x080001e6   0x00000000   Code   RO          970    .ARM.Collect$$libinit$$0000001F  c_w.l(libinit2.o)
    0x080001e6   0x080001e6   0x00000000   Code   RO          972    .ARM.Collect$$libinit$$00000021  c_w.l(libinit2.o)
    0x080001e6   0x080001e6   0x00000000   Code   RO          974    .ARM.Collect$$libinit$$00000023  c_w.l(libinit2.o)
    0x080001e6   0x080001e6   0x00000000   Code   RO          976    .ARM.Collect$$libinit$$00000025  c_w.l(libinit2.o)
    0x080001e6   0x080001e6   0x00000000   Code   RO          980    .ARM.Collect$$libinit$$0000002C  c_w.l(libinit2.o)
    0x080001e6   0x080001e6   0x00000000   Code   RO          982    .ARM.Collect$$libinit$$0000002E  c_w.l(libinit2.o)
    0x080001e6   0x080001e6   0x00000000   Code   RO          984    .ARM.Collect$$libinit$$00000030  c_w.l(libinit2.o)
    0x080001e6   0x080001e6   0x00000000   Code   RO          986    .ARM.Collect$$libinit$$00000032  c_w.l(libinit2.o)
    0x080001e6   0x080001e6   0x00000002   Code   RO          987    .ARM.Collect$$libinit$$00000033  c_w.l(libinit2.o)
    0x080001e8   0x080001e8   0x00000002   Code   RO         1005    .ARM.Collect$$libshutdown$$00000000  c_w.l(libshutdown.o)
    0x080001ea   0x080001ea   0x00000000   Code   RO         1015    .ARM.Collect$$libshutdown$$00000002  c_w.l(libshutdown2.o)
    0x080001ea   0x080001ea   0x00000000   Code   RO         1017    .ARM.Collect$$libshutdown$$00000004  c_w.l(libshutdown2.o)
    0x080001ea   0x080001ea   0x00000000   Code   RO         1020    .ARM.Collect$$libshutdown$$00000007  c_w.l(libshutdown2.o)
    0x080001ea   0x080001ea   0x00000000   Code   RO         1023    .ARM.Collect$$libshutdown$$0000000A  c_w.l(libshutdown2.o)
    0x080001ea   0x080001ea   0x00000000   Code   RO         1025    .ARM.Collect$$libshutdown$$0000000C  c_w.l(libshutdown2.o)
    0x080001ea   0x080001ea   0x00000000   Code   RO         1028    .ARM.Collect$$libshutdown$$0000000F  c_w.l(libshutdown2.o)
    0x080001ea   0x080001ea   0x00000002   Code   RO         1029    .ARM.Collect$$libshutdown$$00000010  c_w.l(libshutdown2.o)
    0x080001ec   0x080001ec   0x00000000   Code   RO          895    .ARM.Collect$$rtentry$$00000000  c_w.l(__rtentry.o)
    0x080001ec   0x080001ec   0x00000000   Code   RO          906    .ARM.Collect$$rtentry$$00000002  c_w.l(__rtentry2.o)
    0x080001ec   0x080001ec   0x00000006   Code   RO          918    .ARM.Collect$$rtentry$$00000004  c_w.l(__rtentry4.o)
    0x080001f2   0x080001f2   0x00000000   Code   RO          908    .ARM.Collect$$rtentry$$00000009  c_w.l(__rtentry2.o)
    0x080001f2   0x080001f2   0x00000004   Code   RO          909    .ARM.Collect$$rtentry$$0000000A  c_w.l(__rtentry2.o)
    0x080001f6   0x080001f6   0x00000000   Code   RO          911    .ARM.Collect$$rtentry$$0000000C  c_w.l(__rtentry2.o)
    0x080001f6   0x080001f6   0x00000008   Code   RO          912    .ARM.Collect$$rtentry$$0000000D  c_w.l(__rtentry2.o)
    0x080001fe   0x080001fe   0x00000002   Code   RO          941    .ARM.Collect$$rtexit$$00000000  c_w.l(rtexit.o)
    0x08000200   0x08000200   0x00000000   Code   RO          989    .ARM.Collect$$rtexit$$00000002  c_w.l(rtexit2.o)
    0x08000200   0x08000200   0x00000004   Code   RO          990    .ARM.Collect$$rtexit$$00000003  c_w.l(rtexit2.o)
    0x08000204   0x08000204   0x00000006   Code   RO          991    .ARM.Collect$$rtexit$$00000004  c_w.l(rtexit2.o)
    0x0800020a   0x0800020a   0x00000002   PAD
    0x0800020c   0x0800020c   0x000000c4   Code   RO            1    .text               main.o
    0x080002d0   0x080002d0   0x0000001a   Code   RO          211    .text               stm32f10x_it.o
    0x080002ea   0x080002ea   0x00000002   PAD
    0x080002ec   0x080002ec   0x000001e0   Code   RO          252    .text               system_stm32f10x.o
    0x080004cc   0x080004cc   0x000001c8   Code   RO          371    .text               exti.o
    0x08000694   0x08000694   0x0000024c   Code   RO          387    .text               can_hw.o
    0x080008e0   0x080008e0   0x00000060   Code   RO          406    .text               timer3.o
    0x08000940   0x08000940   0x000000d4   Code   RO          418    .text               delay.o
    0x08000a14   0x08000a14   0x00000144   Code   RO          449    .text               usart.o
    0x08000b58   0x08000b58   0x00000040   Code   RO          485    .text               startup_stm32f10x_hd.o
    0x08000b98   0x08000b98   0x000000dc   Code   RO          489    .text               misc.o
    0x08000c74   0x08000c74   0x0000035c   Code   RO          501    .text               stm32f10x_gpio.o
    0x08000fd0   0x08000fd0   0x000003a4   Code   RO          513    .text               stm32f10x_rcc.o
    0x08001374   0x08001374   0x00000408   Code   RO          527    .text               stm32f10x_usart.o
    0x0800177c   0x0800177c   0x000009f0   Code   RO          551    .text               stm32f10x_can.o
    0x0800216c   0x0800216c   0x00000e1a   Code   RO          575    .text               stm32f10x_tim.o
    0x08002f86   0x08002f86   0x00000002   PAD
    0x08002f88   0x08002f88   0x0000011c   Code   RO          599    .text               stm32f10x_exti.o
    0x080030a4   0x080030a4   0x000002be   Code   RO          650    .text               emcy.o
    0x08003362   0x08003362   0x00000002   PAD
    0x08003364   0x08003364   0x000003d4   Code   RO          665    .text               lifegrd.o
    0x08003738   0x08003738   0x00000084   Code   RO          686    .text               nmtmaster.o
    0x080037bc   0x080037bc   0x0000010e   Code   RO          698    .text               nmtslave.o
    0x080038ca   0x080038ca   0x00000002   PAD
    0x080038cc   0x080038cc   0x000002f0   Code   RO          710    .text               objacces.o
    0x08003bbc   0x08003bbc   0x000009f4   Code   RO          722    .text               pdo.o
    0x080045b0   0x080045b0   0x0000368c   Code   RO          734    .text               sdo.o
    0x08007c3c   0x08007c3c   0x0000041c   Code   RO          782    .text               states.o
    0x08008058   0x08008058   0x00000124   Code   RO          795    .text               sync.o
    0x0800817c   0x0800817c   0x00000198   Code   RO          807    .text               timer.o
    0x08008314   0x08008314   0x000000dc   Code   RO          826    .text               stm32_canfestival.o
    0x080083f0   0x080083f0   0x00000124   Code   RO          841    .text               testslave.o
    0x08008514   0x08008514   0x00000002   Code   RO          863    .text               c_w.l(use_no_semi_2.o)
    0x08008516   0x08008516   0x00000002   PAD
    0x08008518   0x08008518   0x00000018   Code   RO          867    .text               c_w.l(noretval__2printf.o)
    0x08008530   0x08008530   0x00000058   Code   RO          869    .text               c_w.l(memcmp.o)
    0x08008588   0x08008588   0x0000008a   Code   RO          871    .text               c_w.l(rt_memcpy_v6.o)
    0x08008612   0x08008612   0x00000006   Code   RO          873    .text               c_w.l(heapauxi.o)
    0x08008618   0x08008618   0x00000002   Code   RO          893    .text               c_w.l(use_no_semi.o)
    0x0800861a   0x0800861a   0x00000002   PAD
    0x0800861c   0x0800861c   0x00000024   Code   RO          896    .text               c_w.l(_printf_char_file.o)
    0x08008640   0x08008640   0x00000064   Code   RO          898    .text               c_w.l(rt_memcpy_w.o)
    0x080086a4   0x080086a4   0x00000030   Code   RO          920    .text               c_w.l(_printf_char_common.o)
    0x080086d4   0x080086d4   0x00000008   Code   RO          922    .text               c_w.l(ferror.o)
    0x080086dc   0x080086dc   0x0000004a   Code   RO          926    .text               c_w.l(sys_stackheap_outer.o)
    0x08008726   0x08008726   0x00000028   Code   RO          928    .text               c_w.l(__printf_nopercent.o)
    0x0800874e   0x0800874e   0x00000012   Code   RO          930    .text               c_w.l(exit.o)
    0x08008760   0x08008760   0x00000008   Code   RO          938    .text               c_w.l(libspace.o)
    0x08008768   0x08008768   0x00000040   Data   RO          783    .constdata          states.o
    0x080087a8   0x080087a8   0x00000096   Data   RO          843    .constdata          testslave.o
    0x0800883e   0x0800883e   0x00000002   PAD
    0x08008840   0x08008840   0x00000020   Data   RO         1061    Region$$Table       anon$$obj.o


    Execution Region RW_IRAM1 (Exec base: 0x20000000, Load base: 0x08008860, Size: 0x00000dc0, Max: 0x00005000, ABSOLUTE, COMPRESSED[0x000001b0])

    Exec Addr    Load Addr    Size         Type   Attr      Idx    E Section Name        Object

    0x20000000   COMPRESSED   0x00000001   Data   RW            2    .data               main.o
    0x20000001   COMPRESSED   0x00000003   PAD
    0x20000004   COMPRESSED   0x00000014   Data   RW          253    .data               system_stm32f10x.o
    0x20000018   COMPRESSED   0x00000004   Data   RW          419    .data               delay.o
    0x2000001c   COMPRESSED   0x00000006   Data   RW          451    .data               usart.o
    0x20000022   COMPRESSED   0x00000014   Data   RW          514    .data               stm32f10x_rcc.o
    0x20000036   COMPRESSED   0x00000002   PAD
    0x20000038   COMPRESSED   0x0000000c   Data   RW          809    .data               timer.o
    0x20000044   COMPRESSED   0x00000010   Data   RW          827    .data               stm32_canfestival.o
    0x20000054   COMPRESSED   0x00000500   Data   RW          844    .data               testslave.o
    0x20000554        -       0x000000c8   Zero   RW          450    .bss                usart.o
    0x2000061c        -       0x000000c0   Zero   RW          808    .bss                timer.o
    0x200006dc        -       0x00000084   Zero   RW          842    .bss                testslave.o
    0x20000760        -       0x00000060   Zero   RW          939    .bss                c_w.l(libspace.o)
    0x200007c0        -       0x00000200   Zero   RW          483    HEAP                startup_stm32f10x_hd.o
    0x200009c0        -       0x00000400   Zero   RW          482    STACK               startup_stm32f10x_hd.o


==============================================================================

Image component sizes


      Code (inc. data)   RO Data    RW Data    ZI Data      Debug   Object Name

       588         14          0          0          0       2980   can_hw.o
       212         18          0          4          0        995   delay.o
       702          0          0          0          0       3211   emcy.o
       456        106          0          0          0       1461   exti.o
       980          8          0          0          0       5031   lifegrd.o
       196         56          0          1          0     273532   main.o
       220         22          0          0          0       1753   misc.o
       132          0          0          0          0       1321   nmtmaster.o
       270          0          0          0          0       1060   nmtslave.o
       752         16          0          0          0       3540   objacces.o
      2548          4          0          0          0       7502   pdo.o
     13964        138          0          0          0      29790   sdo.o
        64         26        304          0       1536        776   startup_stm32f10x_hd.o
      1052         22         64          0          0       4051   states.o
       220         62          0         16          0       1205   stm32_canfestival.o
      2544         38          0          0          0       7980   stm32f10x_can.o
       284         10          0          0          0       2207   stm32f10x_exti.o
       860         38          0          0          0       5685   stm32f10x_gpio.o
        26          0          0          0          0       1154   stm32f10x_it.o
       932         36          0         20          0       8836   stm32f10x_rcc.o
      3610         88          0          0          0      22792   stm32f10x_tim.o
      1032         22          0          0          0       8408   stm32f10x_usart.o
       292          4          0          0          0       2190   sync.o
         0          0          0          0          0         32   sys.o
       480         38          0         20          0       1667   system_stm32f10x.o
       292         42        150       1280        132       7324   testslave.o
       408         14          0         12        192       2994   timer.o
        96          4          0          0          0        536   timer3.o
       324         18          0          6        200       3146   usart.o

    ----------------------------------------------------------------------
     33544        844        552       1364       2060     413159   Object Totals
         0          0         32          0          0          0   (incl. Generated)
         8          0          2          5          0          0   (incl. Padding)

    ----------------------------------------------------------------------

      Code (inc. data)   RO Data    RW Data    ZI Data      Debug   Library Member Name

        90          0          0          0          0          0   __dczerorl2.o
         8          0          0          0          0         68   __main.o
        40          0          0          0          0         84   __printf_nopercent.o
         0          0          0          0          0          0   __rtentry.o
        12          0          0          0          0          0   __rtentry2.o
         6          0          0          0          0          0   __rtentry4.o
        52          8          0          0          0          0   __scatter.o
        28          0          0          0          0          0   __scatter_zi.o
        48          6          0          0          0         96   _printf_char_common.o
        36          4          0          0          0         80   _printf_char_file.o
        18          0          0          0          0         80   exit.o
         8          0          0          0          0         68   ferror.o
         6          0          0          0          0        152   heapauxi.o
         2          0          0          0          0          0   libinit.o
         2          0          0          0          0          0   libinit2.o
         2          0          0          0          0          0   libshutdown.o
         2          0          0          0          0          0   libshutdown2.o
         8          4          0          0         96         68   libspace.o
        88          0          0          0          0         76   memcmp.o
        24          4          0          0          0         84   noretval__2printf.o
       138          0          0          0          0         68   rt_memcpy_v6.o
       100          0          0          0          0         80   rt_memcpy_w.o
         2          0          0          0          0          0   rtexit.o
        10          0          0          0          0          0   rtexit2.o
        74          0          0          0          0         80   sys_stackheap_outer.o
         2          0          0          0          0         68   use_no_semi.o
         2          0          0          0          0         68   use_no_semi_2.o

    ----------------------------------------------------------------------
       816         26          0          0         96       1220   Library Totals
         8          0          0          0          0          0   (incl. Padding)

    ----------------------------------------------------------------------

      Code (inc. data)   RO Data    RW Data    ZI Data      Debug   Library Name

       808         26          0          0         96       1220   c_w.l

    ----------------------------------------------------------------------
       816         26          0          0         96       1220   Library Totals

    ----------------------------------------------------------------------

==============================================================================


      Code (inc. data)   RO Data    RW Data    ZI Data      Debug   

     34360        870        552       1364       2156     411359   Grand Totals
     34360        870        552        432       2156     411359   ELF Image Totals (compressed)
     34360        870        552        432          0          0   ROM Totals

==============================================================================

    Total RO  Size (Code + RO Data)                34912 (  34.09kB)
    Total RW  Size (RW Data + ZI Data)              3520 (   3.44kB)
    Total ROM Size (Code + RO Data + RW Data)      35344 (  34.52kB)

==============================================================================

